<html>
<body>
<pre>
<h1>µVision Build Log</h1>
<h2>Tool Versions:</h2>
IDE-Version: µVision V5.12.0.0
Copyright (C) 2014 ARM Ltd and ARM Germany GmbH. All rights reserved.
License Information: sam calmes, uw madison, LIC=----
 
Tool Versions:
Toolchain:       MDK-Lite  Version: 5.12.0.0
Toolchain Path:  C:\Keil_v5\ARM\ARMCC\Bin
C Compiler:      Armcc.exe V5.05 (build 41)
Assembler:       Armasm.exe V5.05 (build 41)
Linker/Locator:  ArmLink.exe V5.05 (build 41)
Library Manager: ArmAr.exe V5.05 (build 41)
Hex Converter:   FromElf.exe V5.05 (build 41)
CPU DLL:         SARMCM3.DLL V5.12.0.0
Dialog DLL:      DCM.DLL V1.13.0.0
Target DLL:      lmidk-agdi.dll V???
Dialog DLL:      TCM.DLL V1.14.2.0
 
<h2>Project:</h2>
C:\Users\calmes\Documents\GitHub\ECE353-Final-Project\src\ece353_base_project.uvprojx
Project File Date:  12/09/2014

<h2>Output:</h2>
Rebuild target 'Target 1'
compiling main.c...
../include/eadogs102w.h(103): warning:  #1-D: last line of file ends without a newline
  #endif
main.c(41): warning:  #177-D: function "button_debounce" was declared but never referenced
  static void button_debounce(unsigned char *changes, bool change){
main.c: 2 warnings, 0 errors
compiling fonts.c...
compiling adc.c...
compiling gpioPort.c...
compiling interrupts.c...
../include/eadogs102w.h(103): warning:  #1-D: last line of file ends without a newline
  #endif
interrupts.c(68): warning:  #550-D: variable "val" was set but never used
     uint32_t val;
interrupts.c: 2 warnings, 0 errors
compiling pc_buffer.c...
compiling spi.c...
compiling uart.c...
compiling watchdog.c...
compiling wireless.c...
compiling boardUtil.c...
../include/eadogs102w.h(103): warning:  #1-D: last line of file ends without a newline
  #endif
boardUtil.c: 1 warning, 0 errors
compiling graphics.c...
../include/eadogs102w.h(103): warning:  #1-D: last line of file ends without a newline
  #endif
graphics.h(10): warning:  #1-D: last line of file ends without a newline
  void fill_region(int page, int col_start);
graphics.c(59): warning:  #1-D: last line of file ends without a newline
        
graphics.c: 3 warnings, 0 errors
assembling startup_TM4C123.s...
compiling system_TM4C123.c...
linking...
Program Size: Code=5638 RO-data=3754 RW-data=32 ZI-data=4312  
".\obj\ece353_base_project.axf" - 0 Error(s), 8 Warning(s).

<h2>Software Packages used:</h2>

Package Vendor: ARM
                http://www.keil.com/pack/ARM.CMSIS.4.2.0.pack
                ARM::CMSIS:CORE:3.40.0
                CMSIS (Cortex Microcontroller Software Interface Standard)
   * Component: CORE Version: 3.40.0

Package Vendor: Keil
                http://www.keil.com/pack/Keil.TM4C_DFP.1.0.0.pack
                Keil::Device:Startup:1.0.0
                Texas Instruments Tiva C Series Device Support and Examples
   * Component: Startup Version: 1.0.0

<h2>Collection of Component include folders:</h2>
  C:\Users\calmes\Documents\GitHub\ECE353-Final-Project\src\RTE
  C:\Keil_v5\ARM\PACK\ARM\CMSIS\4.2.0\CMSIS\Include
  C:\Keil_v5\ARM\PACK\Keil\TM4C_DFP\1.0.0\Device\Include\TM4C123

<h2>Collection of Component Files used:</h2>

   * Component: ARM::CMSIS:CORE:3.40.0
      Source file:   CMSIS\UserCodeTemplates\ARM\ITM_Retarget.c

   * Component: Keil::Device:Startup:1.0.0
      Include file:  Device\Include\TM4C123\TM4C123.h
      Source file:   Device\Source\ARM\startup_TM4C123.s
      Source file:   Device\Source\system_TM4C123.c
Load "C:\\Users\\calmes\\Documents\\GitHub\\ECE353-Final-Project\\src\\obj\\ece353_base_project.axf" 
Connecting: Mode=JTAG, Speed=1000000Hz
Erase Done.
Programming Done.
Verify OK.

      Source file:   Device\Source\system_TM4C123.c
Target not created.
ce file:   CMSIS\UserCodeTemplates\ARM\ITM_Retarget.c

   * Component: Keil::Device:Startup:1.0.0
      Include file:  Device\Include\TM4C123\TM4C123.h
      Source file:   Device\Source\ARM\startup_TM4C123.s
      Source file:   Device\Source\system_TM4C123.c
Target not created.
de folders:</h2>
  C:\Users\calmes\Documents\GitHub\ECE353-Final-Project\src\RTE
  C:\Keil_v5\ARM\PACK\ARM\CMSIS\4.2.0\CMSIS\Include
  C:\Keil_v5\ARM\PACK\Keil\TM4C_DFP\1.0.0\Device\Include\TM4C123

<h2>Collection of Component Files used:</h2>

   * Component: ARM::CMSIS:CORE:3.40.0
      Source file:   CMSIS\UserCodeTemplates\ARM\ITM_Retarget.c

   * Component: Keil::Device:Startup:1.0.0
      Include file:  Device\Include\TM4C123\TM4C123.h
      Source file:   Device\Source\ARM\startup_TM4C123.s
      Source file:   Device\Source\system_TM4C123.c
Load "C:\\Users\\calmes\\Documents\\GitHub\\ECE353-Final-Project\\src\\obj\\ece353_base_project.axf" 
Connecting: Mode=JTAG, Speed=1000000Hz
Erase Done.
Programming Done.
Verify OK.
