Component: ARM Compiler 5.05 (build 41) Tool: armlink [4d0eb9]

==============================================================================

Section Cross References

    main.o(.text) refers to eadogs102w.o(.text) for lcd_initialize
    main.o(.text) refers to printf8.o(i.__0printf$8) for __2printf
    main.o(.text) refers to adc.o(.text) for getADCValue
    main.o(.text) refers to boardutil.o(.text) for f14_project_boardUtil
    main.o(.text) refers to fonts.o(.constdata) for motionW
    interrupts.o(.text) refers to pc_buffer.o(.text) for pc_buffer_full
    interrupts.o(.text) refers to main.o(.data) for AlertSysTick
    interrupts.o(.text) refers to uart.o(.bss) for UART0_Rx_Buffer
    uart.o(.text) refers to pc_buffer.o(.text) for pc_buffer_init
    uart.o(.text) refers to boardutil.o(.text) for DisableInterrupts
    uart.o(.text) refers to errno.o(i.__aeabi_errno_addr) for __aeabi_errno_addr
    uart.o(.text) refers to uart.o(.bss) for UART0_Tx_Buffer_Array
    uart.o(.text) refers to stdout.o(.data) for __stdout
    uart.o(.text) refers to stdin.o(.data) for __stdin
    wireless.o(.text) refers to spi.o(.text) for spiTx
    wireless.o(.text) refers to printf8.o(i.__0printf$8) for __2printf
    wireless.o(.text) refers to wireless.o(.bss) for wirelessPinConfig
    boardutil.o(.text) refers to gpioport.o(.text) for gpio_enable_port
    boardutil.o(.text) refers to adc.o(.text) for initializeADC
    boardutil.o(.text) refers to uart.o(.text) for uart0_init_115K
    boardutil.o(.text) refers to spi.o(.text) for initialize_spi
    boardutil.o(.text) refers to eadogs102w.o(.text) for lcd_set_pin_config
    graphics.o(.text) refers to eadogs102w.o(.text) for lcd_set_page
    startup_tm4c123.o(RESET) refers to startup_tm4c123.o(STACK) for __initial_sp
    startup_tm4c123.o(RESET) refers to startup_tm4c123.o(.text) for Reset_Handler
    startup_tm4c123.o(RESET) refers to interrupts.o(.text) for SysTick_Handler
    startup_tm4c123.o(.text) refers to system_tm4c123.o(.text) for SystemInit
    startup_tm4c123.o(.text) refers to entry.o(.ARM.Collect$$$$00000000) for __main
    system_tm4c123.o(.text) refers to system_tm4c123.o(.data) for SystemCoreClock
    eadogs102w.o(.text) refers to spi.o(.text) for spiTx
    eadogs102w.o(.text) refers to eadogs102w.o(.bss) for lcdConfig
    eadogs102w.o(.text) refers to fonts.o(.constdata) for arialNarrow_8ptBitmaps
    entry.o(.ARM.Collect$$$$00000000) refers (Special) to entry10a.o(.ARM.Collect$$$$0000000D) for __rt_final_cpp
    entry.o(.ARM.Collect$$$$00000000) refers (Special) to entry11a.o(.ARM.Collect$$$$0000000F) for __rt_final_exit
    entry.o(.ARM.Collect$$$$00000000) refers (Special) to entry7b.o(.ARM.Collect$$$$00000008) for _main_clock
    entry.o(.ARM.Collect$$$$00000000) refers (Special) to entry8b.o(.ARM.Collect$$$$0000000A) for _main_cpp_init
    entry.o(.ARM.Collect$$$$00000000) refers (Special) to entry9a.o(.ARM.Collect$$$$0000000B) for _main_init
    entry.o(.ARM.Collect$$$$00000000) refers (Special) to entry5.o(.ARM.Collect$$$$00000004) for _main_scatterload
    entry.o(.ARM.Collect$$$$00000000) refers (Special) to entry2.o(.ARM.Collect$$$$00000001) for _main_stk
    printfb.o(i.__0fprintf$bare) refers to printfb.o(i._printf_core) for _printf_core
    printfb.o(i.__0fprintf$bare) refers to uart.o(.text) for fputc
    printfb.o(i.__0printf$bare) refers to printfb.o(i._printf_core) for _printf_core
    printfb.o(i.__0printf$bare) refers to uart.o(.text) for fputc
    printfb.o(i.__0printf$bare) refers to stdout.o(.data) for __stdout
    printfb.o(i.__0snprintf$bare) refers to printfb.o(i._printf_core) for _printf_core
    printfb.o(i.__0snprintf$bare) refers to printfb.o(i._snputc) for _snputc
    printfb.o(i.__0sprintf$bare) refers to printfb.o(i._printf_core) for _printf_core
    printfb.o(i.__0sprintf$bare) refers to printfb.o(i._sputc) for _sputc
    printfb.o(i.__0vfprintf$bare) refers to printfb.o(i._printf_core) for _printf_core
    printfb.o(i.__0vfprintf$bare) refers to uart.o(.text) for fputc
    printfb.o(i.__0vprintf$bare) refers to printfb.o(i._printf_core) for _printf_core
    printfb.o(i.__0vprintf$bare) refers to uart.o(.text) for fputc
    printfb.o(i.__0vprintf$bare) refers to stdout.o(.data) for __stdout
    printfb.o(i.__0vsnprintf$bare) refers to printfb.o(i._printf_core) for _printf_core
    printfb.o(i.__0vsnprintf$bare) refers to printfb.o(i._snputc) for _snputc
    printfb.o(i.__0vsprintf$bare) refers to printfb.o(i._printf_core) for _printf_core
    printfb.o(i.__0vsprintf$bare) refers to printfb.o(i._sputc) for _sputc
    printf0.o(i.__0fprintf$0) refers to printf0.o(i._printf_core) for _printf_core
    printf0.o(i.__0fprintf$0) refers to uart.o(.text) for fputc
    printf0.o(i.__0printf$0) refers to printf0.o(i._printf_core) for _printf_core
    printf0.o(i.__0printf$0) refers to uart.o(.text) for fputc
    printf0.o(i.__0printf$0) refers to stdout.o(.data) for __stdout
    printf0.o(i.__0snprintf$0) refers to printf0.o(i._printf_core) for _printf_core
    printf0.o(i.__0snprintf$0) refers to printf0.o(i._snputc) for _snputc
    printf0.o(i.__0sprintf$0) refers to printf0.o(i._printf_core) for _printf_core
    printf0.o(i.__0sprintf$0) refers to printf0.o(i._sputc) for _sputc
    printf0.o(i.__0vfprintf$0) refers to printf0.o(i._printf_core) for _printf_core
    printf0.o(i.__0vfprintf$0) refers to uart.o(.text) for fputc
    printf0.o(i.__0vprintf$0) refers to printf0.o(i._printf_core) for _printf_core
    printf0.o(i.__0vprintf$0) refers to uart.o(.text) for fputc
    printf0.o(i.__0vprintf$0) refers to stdout.o(.data) for __stdout
    printf0.o(i.__0vsnprintf$0) refers to printf0.o(i._printf_core) for _printf_core
    printf0.o(i.__0vsnprintf$0) refers to printf0.o(i._snputc) for _snputc
    printf0.o(i.__0vsprintf$0) refers to printf0.o(i._printf_core) for _printf_core
    printf0.o(i.__0vsprintf$0) refers to printf0.o(i._sputc) for _sputc
    printf1.o(i.__0fprintf$1) refers to printf1.o(i._printf_core) for _printf_core
    printf1.o(i.__0fprintf$1) refers to uart.o(.text) for fputc
    printf1.o(i.__0printf$1) refers to printf1.o(i._printf_core) for _printf_core
    printf1.o(i.__0printf$1) refers to uart.o(.text) for fputc
    printf1.o(i.__0printf$1) refers to stdout.o(.data) for __stdout
    printf1.o(i.__0snprintf$1) refers to printf1.o(i._printf_core) for _printf_core
    printf1.o(i.__0snprintf$1) refers to printf1.o(i._snputc) for _snputc
    printf1.o(i.__0sprintf$1) refers to printf1.o(i._printf_core) for _printf_core
    printf1.o(i.__0sprintf$1) refers to printf1.o(i._sputc) for _sputc
    printf1.o(i.__0vfprintf$1) refers to printf1.o(i._printf_core) for _printf_core
    printf1.o(i.__0vfprintf$1) refers to uart.o(.text) for fputc
    printf1.o(i.__0vprintf$1) refers to printf1.o(i._printf_core) for _printf_core
    printf1.o(i.__0vprintf$1) refers to uart.o(.text) for fputc
    printf1.o(i.__0vprintf$1) refers to stdout.o(.data) for __stdout
    printf1.o(i.__0vsnprintf$1) refers to printf1.o(i._printf_core) for _printf_core
    printf1.o(i.__0vsnprintf$1) refers to printf1.o(i._snputc) for _snputc
    printf1.o(i.__0vsprintf$1) refers to printf1.o(i._printf_core) for _printf_core
    printf1.o(i.__0vsprintf$1) refers to printf1.o(i._sputc) for _sputc
    printf1.o(i._printf_core) refers to uidiv.o(.text) for __aeabi_uidivmod
    printf2.o(i.__0fprintf$2) refers to printf2.o(i._printf_core) for _printf_core
    printf2.o(i.__0fprintf$2) refers to uart.o(.text) for fputc
    printf2.o(i.__0printf$2) refers to printf2.o(i._printf_core) for _printf_core
    printf2.o(i.__0printf$2) refers to uart.o(.text) for fputc
    printf2.o(i.__0printf$2) refers to stdout.o(.data) for __stdout
    printf2.o(i.__0snprintf$2) refers to printf2.o(i._printf_core) for _printf_core
    printf2.o(i.__0snprintf$2) refers to printf2.o(i._snputc) for _snputc
    printf2.o(i.__0sprintf$2) refers to printf2.o(i._printf_core) for _printf_core
    printf2.o(i.__0sprintf$2) refers to printf2.o(i._sputc) for _sputc
    printf2.o(i.__0vfprintf$2) refers to printf2.o(i._printf_core) for _printf_core
    printf2.o(i.__0vfprintf$2) refers to uart.o(.text) for fputc
    printf2.o(i.__0vprintf$2) refers to printf2.o(i._printf_core) for _printf_core
    printf2.o(i.__0vprintf$2) refers to uart.o(.text) for fputc
    printf2.o(i.__0vprintf$2) refers to stdout.o(.data) for __stdout
    printf2.o(i.__0vsnprintf$2) refers to printf2.o(i._printf_core) for _printf_core
    printf2.o(i.__0vsnprintf$2) refers to printf2.o(i._snputc) for _snputc
    printf2.o(i.__0vsprintf$2) refers to printf2.o(i._printf_core) for _printf_core
    printf2.o(i.__0vsprintf$2) refers to printf2.o(i._sputc) for _sputc
    printf3.o(i.__0fprintf$3) refers to printf3.o(i._printf_core) for _printf_core
    printf3.o(i.__0fprintf$3) refers to uart.o(.text) for fputc
    printf3.o(i.__0printf$3) refers to printf3.o(i._printf_core) for _printf_core
    printf3.o(i.__0printf$3) refers to uart.o(.text) for fputc
    printf3.o(i.__0printf$3) refers to stdout.o(.data) for __stdout
    printf3.o(i.__0snprintf$3) refers to printf3.o(i._printf_core) for _printf_core
    printf3.o(i.__0snprintf$3) refers to printf3.o(i._snputc) for _snputc
    printf3.o(i.__0sprintf$3) refers to printf3.o(i._printf_core) for _printf_core
    printf3.o(i.__0sprintf$3) refers to printf3.o(i._sputc) for _sputc
    printf3.o(i.__0vfprintf$3) refers to printf3.o(i._printf_core) for _printf_core
    printf3.o(i.__0vfprintf$3) refers to uart.o(.text) for fputc
    printf3.o(i.__0vprintf$3) refers to printf3.o(i._printf_core) for _printf_core
    printf3.o(i.__0vprintf$3) refers to uart.o(.text) for fputc
    printf3.o(i.__0vprintf$3) refers to stdout.o(.data) for __stdout
    printf3.o(i.__0vsnprintf$3) refers to printf3.o(i._printf_core) for _printf_core
    printf3.o(i.__0vsnprintf$3) refers to printf3.o(i._snputc) for _snputc
    printf3.o(i.__0vsprintf$3) refers to printf3.o(i._printf_core) for _printf_core
    printf3.o(i.__0vsprintf$3) refers to printf3.o(i._sputc) for _sputc
    printf3.o(i._printf_core) refers to uidiv.o(.text) for __aeabi_uidivmod
    printf4.o(i.__0fprintf$4) refers to printf4.o(i._printf_core) for _printf_core
    printf4.o(i.__0fprintf$4) refers to uart.o(.text) for fputc
    printf4.o(i.__0printf$4) refers to printf4.o(i._printf_core) for _printf_core
    printf4.o(i.__0printf$4) refers to uart.o(.text) for fputc
    printf4.o(i.__0printf$4) refers to stdout.o(.data) for __stdout
    printf4.o(i.__0snprintf$4) refers to printf4.o(i._printf_core) for _printf_core
    printf4.o(i.__0snprintf$4) refers to printf4.o(i._snputc) for _snputc
    printf4.o(i.__0sprintf$4) refers to printf4.o(i._printf_core) for _printf_core
    printf4.o(i.__0sprintf$4) refers to printf4.o(i._sputc) for _sputc
    printf4.o(i.__0vfprintf$4) refers to printf4.o(i._printf_core) for _printf_core
    printf4.o(i.__0vfprintf$4) refers to uart.o(.text) for fputc
    printf4.o(i.__0vprintf$4) refers to printf4.o(i._printf_core) for _printf_core
    printf4.o(i.__0vprintf$4) refers to uart.o(.text) for fputc
    printf4.o(i.__0vprintf$4) refers to stdout.o(.data) for __stdout
    printf4.o(i.__0vsnprintf$4) refers to printf4.o(i._printf_core) for _printf_core
    printf4.o(i.__0vsnprintf$4) refers to printf4.o(i._snputc) for _snputc
    printf4.o(i.__0vsprintf$4) refers to printf4.o(i._printf_core) for _printf_core
    printf4.o(i.__0vsprintf$4) refers to printf4.o(i._sputc) for _sputc
    printf4.o(i._printf_core) refers to uldiv.o(.text) for __aeabi_uldivmod
    printf5.o(i.__0fprintf$5) refers to printf5.o(i._printf_core) for _printf_core
    printf5.o(i.__0fprintf$5) refers to uart.o(.text) for fputc
    printf5.o(i.__0printf$5) refers to printf5.o(i._printf_core) for _printf_core
    printf5.o(i.__0printf$5) refers to uart.o(.text) for fputc
    printf5.o(i.__0printf$5) refers to stdout.o(.data) for __stdout
    printf5.o(i.__0snprintf$5) refers to printf5.o(i._printf_core) for _printf_core
    printf5.o(i.__0snprintf$5) refers to printf5.o(i._snputc) for _snputc
    printf5.o(i.__0sprintf$5) refers to printf5.o(i._printf_core) for _printf_core
    printf5.o(i.__0sprintf$5) refers to printf5.o(i._sputc) for _sputc
    printf5.o(i.__0vfprintf$5) refers to printf5.o(i._printf_core) for _printf_core
    printf5.o(i.__0vfprintf$5) refers to uart.o(.text) for fputc
    printf5.o(i.__0vprintf$5) refers to printf5.o(i._printf_core) for _printf_core
    printf5.o(i.__0vprintf$5) refers to uart.o(.text) for fputc
    printf5.o(i.__0vprintf$5) refers to stdout.o(.data) for __stdout
    printf5.o(i.__0vsnprintf$5) refers to printf5.o(i._printf_core) for _printf_core
    printf5.o(i.__0vsnprintf$5) refers to printf5.o(i._snputc) for _snputc
    printf5.o(i.__0vsprintf$5) refers to printf5.o(i._printf_core) for _printf_core
    printf5.o(i.__0vsprintf$5) refers to printf5.o(i._sputc) for _sputc
    printf5.o(i._printf_core) refers to uldiv.o(.text) for __aeabi_uldivmod
    printf6.o(i.__0fprintf$6) refers to printf6.o(i._printf_core) for _printf_core
    printf6.o(i.__0fprintf$6) refers to uart.o(.text) for fputc
    printf6.o(i.__0printf$6) refers to printf6.o(i._printf_core) for _printf_core
    printf6.o(i.__0printf$6) refers to uart.o(.text) for fputc
    printf6.o(i.__0printf$6) refers to stdout.o(.data) for __stdout
    printf6.o(i.__0snprintf$6) refers to printf6.o(i._printf_core) for _printf_core
    printf6.o(i.__0snprintf$6) refers to printf6.o(i._snputc) for _snputc
    printf6.o(i.__0sprintf$6) refers to printf6.o(i._printf_core) for _printf_core
    printf6.o(i.__0sprintf$6) refers to printf6.o(i._sputc) for _sputc
    printf6.o(i.__0vfprintf$6) refers to printf6.o(i._printf_core) for _printf_core
    printf6.o(i.__0vfprintf$6) refers to uart.o(.text) for fputc
    printf6.o(i.__0vprintf$6) refers to printf6.o(i._printf_core) for _printf_core
    printf6.o(i.__0vprintf$6) refers to uart.o(.text) for fputc
    printf6.o(i.__0vprintf$6) refers to stdout.o(.data) for __stdout
    printf6.o(i.__0vsnprintf$6) refers to printf6.o(i._printf_core) for _printf_core
    printf6.o(i.__0vsnprintf$6) refers to printf6.o(i._snputc) for _snputc
    printf6.o(i.__0vsprintf$6) refers to printf6.o(i._printf_core) for _printf_core
    printf6.o(i.__0vsprintf$6) refers to printf6.o(i._sputc) for _sputc
    printf6.o(i._printf_core) refers to printf6.o(i._printf_pre_padding) for _printf_pre_padding
    printf6.o(i._printf_core) refers to uidiv.o(.text) for __aeabi_uidivmod
    printf6.o(i._printf_core) refers to printf6.o(i._printf_post_padding) for _printf_post_padding
    printf7.o(i.__0fprintf$7) refers to printf7.o(i._printf_core) for _printf_core
    printf7.o(i.__0fprintf$7) refers to uart.o(.text) for fputc
    printf7.o(i.__0printf$7) refers to printf7.o(i._printf_core) for _printf_core
    printf7.o(i.__0printf$7) refers to uart.o(.text) for fputc
    printf7.o(i.__0printf$7) refers to stdout.o(.data) for __stdout
    printf7.o(i.__0snprintf$7) refers to printf7.o(i._printf_core) for _printf_core
    printf7.o(i.__0snprintf$7) refers to printf7.o(i._snputc) for _snputc
    printf7.o(i.__0sprintf$7) refers to printf7.o(i._printf_core) for _printf_core
    printf7.o(i.__0sprintf$7) refers to printf7.o(i._sputc) for _sputc
    printf7.o(i.__0vfprintf$7) refers to printf7.o(i._printf_core) for _printf_core
    printf7.o(i.__0vfprintf$7) refers to uart.o(.text) for fputc
    printf7.o(i.__0vprintf$7) refers to printf7.o(i._printf_core) for _printf_core
    printf7.o(i.__0vprintf$7) refers to uart.o(.text) for fputc
    printf7.o(i.__0vprintf$7) refers to stdout.o(.data) for __stdout
    printf7.o(i.__0vsnprintf$7) refers to printf7.o(i._printf_core) for _printf_core
    printf7.o(i.__0vsnprintf$7) refers to printf7.o(i._snputc) for _snputc
    printf7.o(i.__0vsprintf$7) refers to printf7.o(i._printf_core) for _printf_core
    printf7.o(i.__0vsprintf$7) refers to printf7.o(i._sputc) for _sputc
    printf7.o(i._printf_core) refers to printf7.o(i._printf_pre_padding) for _printf_pre_padding
    printf7.o(i._printf_core) refers to uldiv.o(.text) for __aeabi_uldivmod
    printf7.o(i._printf_core) refers to printf7.o(i._printf_post_padding) for _printf_post_padding
    printf8.o(i.__0fprintf$8) refers to printf8.o(i._printf_core) for _printf_core
    printf8.o(i.__0fprintf$8) refers to uart.o(.text) for fputc
    printf8.o(i.__0printf$8) refers to printf8.o(i._printf_core) for _printf_core
    printf8.o(i.__0printf$8) refers to uart.o(.text) for fputc
    printf8.o(i.__0printf$8) refers to stdout.o(.data) for __stdout
    printf8.o(i.__0snprintf$8) refers to printf8.o(i._printf_core) for _printf_core
    printf8.o(i.__0snprintf$8) refers to printf8.o(i._snputc) for _snputc
    printf8.o(i.__0sprintf$8) refers to printf8.o(i._printf_core) for _printf_core
    printf8.o(i.__0sprintf$8) refers to printf8.o(i._sputc) for _sputc
    printf8.o(i.__0vfprintf$8) refers to printf8.o(i._printf_core) for _printf_core
    printf8.o(i.__0vfprintf$8) refers to uart.o(.text) for fputc
    printf8.o(i.__0vprintf$8) refers to printf8.o(i._printf_core) for _printf_core
    printf8.o(i.__0vprintf$8) refers to uart.o(.text) for fputc
    printf8.o(i.__0vprintf$8) refers to stdout.o(.data) for __stdout
    printf8.o(i.__0vsnprintf$8) refers to printf8.o(i._printf_core) for _printf_core
    printf8.o(i.__0vsnprintf$8) refers to printf8.o(i._snputc) for _snputc
    printf8.o(i.__0vsprintf$8) refers to printf8.o(i._printf_core) for _printf_core
    printf8.o(i.__0vsprintf$8) refers to printf8.o(i._sputc) for _sputc
    printf8.o(i._printf_core) refers to printf8.o(i._printf_pre_padding) for _printf_pre_padding
    printf8.o(i._printf_core) refers to uldiv.o(.text) for __aeabi_uldivmod
    printf8.o(i._printf_core) refers to printf8.o(i._printf_post_padding) for _printf_post_padding
    printfa.o(i.__0fprintf) refers (Special) to iusefp.o(.text) for __I$use$fp
    printfa.o(i.__0fprintf) refers to printfa.o(i._printf_core) for _printf_core
    printfa.o(i.__0fprintf) refers to uart.o(.text) for fputc
    printfa.o(i.__0printf) refers (Special) to iusefp.o(.text) for __I$use$fp
    printfa.o(i.__0printf) refers to printfa.o(i._printf_core) for _printf_core
    printfa.o(i.__0printf) refers to uart.o(.text) for fputc
    printfa.o(i.__0printf) refers to stdout.o(.data) for __stdout
    printfa.o(i.__0snprintf) refers (Special) to iusefp.o(.text) for __I$use$fp
    printfa.o(i.__0snprintf) refers to printfa.o(i._printf_core) for _printf_core
    printfa.o(i.__0snprintf) refers to printfa.o(i._snputc) for _snputc
    printfa.o(i.__0sprintf) refers (Special) to iusefp.o(.text) for __I$use$fp
    printfa.o(i.__0sprintf) refers to printfa.o(i._printf_core) for _printf_core
    printfa.o(i.__0sprintf) refers to printfa.o(i._sputc) for _sputc
    printfa.o(i.__0vfprintf) refers (Special) to iusefp.o(.text) for __I$use$fp
    printfa.o(i.__0vfprintf) refers to printfa.o(i._printf_core) for _printf_core
    printfa.o(i.__0vfprintf) refers to uart.o(.text) for fputc
    printfa.o(i.__0vprintf) refers (Special) to iusefp.o(.text) for __I$use$fp
    printfa.o(i.__0vprintf) refers to printfa.o(i._printf_core) for _printf_core
    printfa.o(i.__0vprintf) refers to uart.o(.text) for fputc
    printfa.o(i.__0vprintf) refers to stdout.o(.data) for __stdout
    printfa.o(i.__0vsnprintf) refers (Special) to iusefp.o(.text) for __I$use$fp
    printfa.o(i.__0vsnprintf) refers to printfa.o(i._printf_core) for _printf_core
    printfa.o(i.__0vsnprintf) refers to printfa.o(i._snputc) for _snputc
    printfa.o(i.__0vsprintf) refers (Special) to iusefp.o(.text) for __I$use$fp
    printfa.o(i.__0vsprintf) refers to printfa.o(i._printf_core) for _printf_core
    printfa.o(i.__0vsprintf) refers to printfa.o(i._sputc) for _sputc
    printfa.o(i._fp_digits) refers (Special) to iusefp.o(.text) for __I$use$fp
    printfa.o(i._fp_digits) refers to dmul.o(.text) for __aeabi_dmul
    printfa.o(i._fp_digits) refers to ddiv.o(.text) for __aeabi_ddiv
    printfa.o(i._fp_digits) refers to cdrcmple.o(.text) for __aeabi_cdrcmple
    printfa.o(i._fp_digits) refers to dadd.o(.text) for __aeabi_dadd
    printfa.o(i._fp_digits) refers to dfixul.o(.text) for __aeabi_d2ulz
    printfa.o(i._fp_digits) refers to uldiv.o(.text) for __aeabi_uldivmod
    printfa.o(i._printf_core) refers (Special) to iusefp.o(.text) for __I$use$fp
    printfa.o(i._printf_core) refers to printfa.o(i._printf_pre_padding) for _printf_pre_padding
    printfa.o(i._printf_core) refers to uldiv.o(.text) for __aeabi_uldivmod
    printfa.o(i._printf_core) refers to printfa.o(i._printf_post_padding) for _printf_post_padding
    printfa.o(i._printf_core) refers to printfa.o(i._fp_digits) for _fp_digits
    printfa.o(i._printf_core) refers to uidiv.o(.text) for __aeabi_uidivmod
    printfa.o(i._printf_post_padding) refers (Special) to iusefp.o(.text) for __I$use$fp
    printfa.o(i._printf_pre_padding) refers (Special) to iusefp.o(.text) for __I$use$fp
    printfa.o(i._snputc) refers (Special) to iusefp.o(.text) for __I$use$fp
    printfa.o(i._sputc) refers (Special) to iusefp.o(.text) for __I$use$fp
    errno.o(i.__aeabi_errno_addr) refers to errno.o(.data) for .data
    errno.o(i.__read_errno) refers to errno.o(.data) for .data
    errno.o(i.__set_errno) refers to errno.o(.data) for .data
    entry2.o(.ARM.Collect$$$$00000001) refers to entry2.o(.ARM.Collect$$$$00002712) for __lit__00000000
    entry2.o(.ARM.Collect$$$$00002712) refers to startup_tm4c123.o(STACK) for __initial_sp
    entry2.o(__vectab_stack_and_reset_area) refers to startup_tm4c123.o(STACK) for __initial_sp
    entry2.o(__vectab_stack_and_reset_area) refers to entry.o(.ARM.Collect$$$$00000000) for __main
    entry5.o(.ARM.Collect$$$$00000004) refers to init.o(.text) for __scatterload
    entry9a.o(.ARM.Collect$$$$0000000B) refers to main.o(.text) for main
    entry9b.o(.ARM.Collect$$$$0000000C) refers to main.o(.text) for main
    uldiv.o(.text) refers to llushr.o(.text) for __aeabi_llsr
    uldiv.o(.text) refers to llshl.o(.text) for __aeabi_llsl
    dadd.o(.text) refers to llshl.o(.text) for __aeabi_llsl
    dadd.o(.text) refers to llsshr.o(.text) for __aeabi_lasr
    dadd.o(.text) refers to depilogue.o(.text) for _double_epilogue
    dmul.o(.text) refers to depilogue.o(.text) for _double_epilogue
    ddiv.o(.text) refers to depilogue.o(.text) for _double_round
    dfixul.o(.text) refers to llushr.o(.text) for __aeabi_llsr
    dfixul.o(.text) refers to llshl.o(.text) for __aeabi_llsl
    init.o(.text) refers to entry5.o(.ARM.Collect$$$$00000004) for __main_after_scatterload
    depilogue.o(.text) refers to llshl.o(.text) for __aeabi_llsl
    depilogue.o(.text) refers to llushr.o(.text) for __aeabi_llsr


==============================================================================

Removing Unused input sections from the image.

    Removing main.o(.rev16_text), (4 bytes).
    Removing main.o(.revsh_text), (4 bytes).
    Removing main.o(.rrx_text), (6 bytes).
    Removing adc.o(.rev16_text), (4 bytes).
    Removing adc.o(.revsh_text), (4 bytes).
    Removing adc.o(.rrx_text), (6 bytes).
    Removing gpioport.o(.rev16_text), (4 bytes).
    Removing gpioport.o(.revsh_text), (4 bytes).
    Removing gpioport.o(.rrx_text), (6 bytes).
    Removing interrupts.o(.rev16_text), (4 bytes).
    Removing interrupts.o(.revsh_text), (4 bytes).
    Removing interrupts.o(.rrx_text), (6 bytes).
    Removing spi.o(.rev16_text), (4 bytes).
    Removing spi.o(.revsh_text), (4 bytes).
    Removing spi.o(.rrx_text), (6 bytes).
    Removing uart.o(.rev16_text), (4 bytes).
    Removing uart.o(.revsh_text), (4 bytes).
    Removing uart.o(.rrx_text), (6 bytes).
    Removing watchdog.o(.rev16_text), (4 bytes).
    Removing watchdog.o(.revsh_text), (4 bytes).
    Removing watchdog.o(.rrx_text), (6 bytes).
    Removing watchdog.o(.text), (124 bytes).
    Removing wireless.o(.rev16_text), (4 bytes).
    Removing wireless.o(.revsh_text), (4 bytes).
    Removing wireless.o(.rrx_text), (6 bytes).
    Removing wireless.o(.text), (1252 bytes).
    Removing wireless.o(.bss), (24 bytes).
    Removing boardutil.o(.rev16_text), (4 bytes).
    Removing boardutil.o(.revsh_text), (4 bytes).
    Removing boardutil.o(.rrx_text), (6 bytes).
    Removing graphics.o(.text), (112 bytes).
    Removing startup_tm4c123.o(HEAP), (0 bytes).
    Removing system_tm4c123.o(.rev16_text), (4 bytes).
    Removing system_tm4c123.o(.revsh_text), (4 bytes).
    Removing system_tm4c123.o(.rrx_text), (6 bytes).
    Removing eadogs102w.o(.rev16_text), (4 bytes).
    Removing eadogs102w.o(.revsh_text), (4 bytes).
    Removing dadd.o(.text), (334 bytes).
    Removing dmul.o(.text), (228 bytes).
    Removing ddiv.o(.text), (222 bytes).
    Removing dfixul.o(.text), (48 bytes).
    Removing cdrcmple.o(.text), (48 bytes).
    Removing depilogue.o(.text), (186 bytes).

43 unused section(s) (total 2726 bytes) removed from the image.

==============================================================================

Image Symbol Table

    Local Symbols

    Symbol Name                              Value     Ov Type        Size  Object(Section)

    RESET                                    0x00000000   Section      620  startup_tm4c123.o(RESET)
    ../clib/microlib/division.c              0x00000000   Number         0  uldiv.o ABSOLUTE
    ../clib/microlib/division.c              0x00000000   Number         0  uidiv.o ABSOLUTE
    ../clib/microlib/errno.c                 0x00000000   Number         0  errno.o ABSOLUTE
    ../clib/microlib/init/entry.s            0x00000000   Number         0  entry8b.o ABSOLUTE
    ../clib/microlib/init/entry.s            0x00000000   Number         0  entry11b.o ABSOLUTE
    ../clib/microlib/init/entry.s            0x00000000   Number         0  entry11a.o ABSOLUTE
    ../clib/microlib/init/entry.s            0x00000000   Number         0  entry10b.o ABSOLUTE
    ../clib/microlib/init/entry.s            0x00000000   Number         0  entry9a.o ABSOLUTE
    ../clib/microlib/init/entry.s            0x00000000   Number         0  entry10a.o ABSOLUTE
    ../clib/microlib/init/entry.s            0x00000000   Number         0  entry.o ABSOLUTE
    ../clib/microlib/init/entry.s            0x00000000   Number         0  entry2.o ABSOLUTE
    ../clib/microlib/init/entry.s            0x00000000   Number         0  entry5.o ABSOLUTE
    ../clib/microlib/init/entry.s            0x00000000   Number         0  entry9b.o ABSOLUTE
    ../clib/microlib/init/entry.s            0x00000000   Number         0  entry7a.o ABSOLUTE
    ../clib/microlib/init/entry.s            0x00000000   Number         0  entry7b.o ABSOLUTE
    ../clib/microlib/init/entry.s            0x00000000   Number         0  entry8a.o ABSOLUTE
    ../clib/microlib/longlong.c              0x00000000   Number         0  llsshr.o ABSOLUTE
    ../clib/microlib/longlong.c              0x00000000   Number         0  llushr.o ABSOLUTE
    ../clib/microlib/longlong.c              0x00000000   Number         0  llshl.o ABSOLUTE
    ../clib/microlib/printf/printf.c         0x00000000   Number         0  printf2.o ABSOLUTE
    ../clib/microlib/printf/printf.c         0x00000000   Number         0  printf0.o ABSOLUTE
    ../clib/microlib/printf/printf.c         0x00000000   Number         0  printf1.o ABSOLUTE
    ../clib/microlib/printf/printf.c         0x00000000   Number         0  printf7.o ABSOLUTE
    ../clib/microlib/printf/printf.c         0x00000000   Number         0  printf6.o ABSOLUTE
    ../clib/microlib/printf/printf.c         0x00000000   Number         0  printf5.o ABSOLUTE
    ../clib/microlib/printf/printf.c         0x00000000   Number         0  printf4.o ABSOLUTE
    ../clib/microlib/printf/printf.c         0x00000000   Number         0  printf3.o ABSOLUTE
    ../clib/microlib/printf/printf.c         0x00000000   Number         0  printfb.o ABSOLUTE
    ../clib/microlib/printf/printf.c         0x00000000   Number         0  printfa.o ABSOLUTE
    ../clib/microlib/printf/printf.c         0x00000000   Number         0  printf8.o ABSOLUTE
    ../clib/microlib/printf/stubs.s          0x00000000   Number         0  stubs.o ABSOLUTE
    ../clib/microlib/stdio/streams.c         0x00000000   Number         0  stdin.o ABSOLUTE
    ../clib/microlib/stdio/streams.c         0x00000000   Number         0  stdout.o ABSOLUTE
    ../clib/microlib/stubs.s                 0x00000000   Number         0  iusefp.o ABSOLUTE
    ../fplib/microlib/fpadd.c                0x00000000   Number         0  dadd.o ABSOLUTE
    ../fplib/microlib/fpdiv.c                0x00000000   Number         0  ddiv.o ABSOLUTE
    ../fplib/microlib/fpepilogue.c           0x00000000   Number         0  depilogue.o ABSOLUTE
    ../fplib/microlib/fpfix.c                0x00000000   Number         0  dfixul.o ABSOLUTE
    ../fplib/microlib/fpmul.c                0x00000000   Number         0  dmul.o ABSOLUTE
    ..\..\..\..\staff_code\drivers\eadogs102w.c 0x00000000   Number         0  eadogs102w.o ABSOLUTE
    ..\\..\\..\\..\\staff_code\\drivers\\eadogs102w.c 0x00000000   Number         0  eadogs102w.o ABSOLUTE
    RTE\Device\TM4C123GH6PM\startup_TM4C123.s 0x00000000   Number         0  startup_tm4c123.o ABSOLUTE
    RTE\Device\TM4C123GH6PM\system_TM4C123.c 0x00000000   Number         0  system_tm4c123.o ABSOLUTE
    RTE\\Device\\TM4C123GH6PM\\system_TM4C123.c 0x00000000   Number         0  system_tm4c123.o ABSOLUTE
    adc.c                                    0x00000000   Number         0  adc.o ABSOLUTE
    adc.c                                    0x00000000   Number         0  adc.o ABSOLUTE
    boardUtil.c                              0x00000000   Number         0  boardutil.o ABSOLUTE
    boardUtil.c                              0x00000000   Number         0  boardutil.o ABSOLUTE
    cdrcmple.s                               0x00000000   Number         0  cdrcmple.o ABSOLUTE
    dc.s                                     0x00000000   Number         0  dc.o ABSOLUTE
    fonts.c                                  0x00000000   Number         0  fonts.o ABSOLUTE
    gpioPort.c                               0x00000000   Number         0  gpioport.o ABSOLUTE
    gpioPort.c                               0x00000000   Number         0  gpioport.o ABSOLUTE
    graphics.c                               0x00000000   Number         0  graphics.o ABSOLUTE
    handlers.s                               0x00000000   Number         0  handlers.o ABSOLUTE
    init.s                                   0x00000000   Number         0  init.o ABSOLUTE
    interrupts.c                             0x00000000   Number         0  interrupts.o ABSOLUTE
    interrupts.c                             0x00000000   Number         0  interrupts.o ABSOLUTE
    main.c                                   0x00000000   Number         0  main.o ABSOLUTE
    main.c                                   0x00000000   Number         0  main.o ABSOLUTE
    pc_buffer.c                              0x00000000   Number         0  pc_buffer.o ABSOLUTE
    spi.c                                    0x00000000   Number         0  spi.o ABSOLUTE
    spi.c                                    0x00000000   Number         0  spi.o ABSOLUTE
    uart.c                                   0x00000000   Number         0  uart.o ABSOLUTE
    uart.c                                   0x00000000   Number         0  uart.o ABSOLUTE
    watchdog.c                               0x00000000   Number         0  watchdog.o ABSOLUTE
    watchdog.c                               0x00000000   Number         0  watchdog.o ABSOLUTE
    wireless.c                               0x00000000   Number         0  wireless.o ABSOLUTE
    wireless.c                               0x00000000   Number         0  wireless.o ABSOLUTE
    .ARM.Collect$$$$00000000                 0x0000026c   Section        0  entry.o(.ARM.Collect$$$$00000000)
    .ARM.Collect$$$$00000001                 0x0000026c   Section        4  entry2.o(.ARM.Collect$$$$00000001)
    .ARM.Collect$$$$00000004                 0x00000270   Section        4  entry5.o(.ARM.Collect$$$$00000004)
    .ARM.Collect$$$$00000008                 0x00000274   Section        0  entry7b.o(.ARM.Collect$$$$00000008)
    .ARM.Collect$$$$0000000A                 0x00000274   Section        0  entry8b.o(.ARM.Collect$$$$0000000A)
    .ARM.Collect$$$$0000000B                 0x00000274   Section        8  entry9a.o(.ARM.Collect$$$$0000000B)
    .ARM.Collect$$$$0000000D                 0x0000027c   Section        0  entry10a.o(.ARM.Collect$$$$0000000D)
    .ARM.Collect$$$$0000000F                 0x0000027c   Section        0  entry11a.o(.ARM.Collect$$$$0000000F)
    .ARM.Collect$$$$00002712                 0x0000027c   Section        4  entry2.o(.ARM.Collect$$$$00002712)
    __lit__00000000                          0x0000027c   Data           4  entry2.o(.ARM.Collect$$$$00002712)
    .text                                    0x00000280   Section        0  main.o(.text)
    button_debounce                          0x00000281   Thumb Code    20  main.o(.text)
    .text                                    0x000003e8   Section        0  adc.o(.text)
    .text                                    0x00000484   Section        0  gpioport.o(.text)
    verifyBaseAddr                           0x00000485   Thumb Code    64  gpioport.o(.text)
    .text                                    0x000006ac   Section        0  interrupts.o(.text)
    .text                                    0x00000784   Section        0  pc_buffer.o(.text)
    .text                                    0x000007f0   Section        0  spi.o(.text)
    .text                                    0x00000948   Section        0  uart.o(.text)
    .text                                    0x00000ad8   Section        0  boardutil.o(.text)
    .text                                    0x00000c10   Section      252  startup_tm4c123.o(.text)
    $v0                                      0x00000c10   Number         0  startup_tm4c123.o(.text)
    .text                                    0x00000d0c   Section        0  system_tm4c123.o(.text)
    getOscClk                                0x00000d0d   Thumb Code   182  system_tm4c123.o(.text)
    .text                                    0x00000f5c   Section        0  eadogs102w.o(.text)
    .text                                    0x00001300   Section        0  uldiv.o(.text)
    .text                                    0x00001364   Section       36  init.o(.text)
    .text                                    0x00001388   Section        0  llshl.o(.text)
    .text                                    0x000013a6   Section        0  llushr.o(.text)
    i.__0printf$8                            0x000013c8   Section        0  printf8.o(i.__0printf$8)
    i.__aeabi_errno_addr                     0x000013e8   Section        0  errno.o(i.__aeabi_errno_addr)
    i.__scatterload_copy                     0x000013f0   Section       14  handlers.o(i.__scatterload_copy)
    i.__scatterload_null                     0x000013fe   Section        2  handlers.o(i.__scatterload_null)
    i.__scatterload_zeroinit                 0x00001400   Section       14  handlers.o(i.__scatterload_zeroinit)
    i._printf_core                           0x00001410   Section        0  printf8.o(i._printf_core)
    _printf_core                             0x00001411   Thumb Code   996  printf8.o(i._printf_core)
    i._printf_post_padding                   0x00001820   Section        0  printf8.o(i._printf_post_padding)
    _printf_post_padding                     0x00001821   Thumb Code    36  printf8.o(i._printf_post_padding)
    i._printf_pre_padding                    0x00001844   Section        0  printf8.o(i._printf_pre_padding)
    _printf_pre_padding                      0x00001845   Thumb Code    46  printf8.o(i._printf_pre_padding)
    .constdata                               0x00001872   Section     3101  fonts.o(.constdata)
    .data                                    0x20000000   Section       16  main.o(.data)
    .data                                    0x20000010   Section        4  system_tm4c123.o(.data)
    .data                                    0x20000014   Section        4  stdin.o(.data)
    .data                                    0x20000018   Section        4  stdout.o(.data)
    .data                                    0x2000001c   Section        4  errno.o(.data)
    _errno                                   0x2000001c   Data           4  errno.o(.data)
    .bss                                     0x20000020   Section      192  uart.o(.bss)
    .bss                                     0x200000e0   Section       20  eadogs102w.o(.bss)
    lcdConfig                                0x200000e0   Data          20  eadogs102w.o(.bss)
    STACK                                    0x200000f8   Section     4096  startup_tm4c123.o(STACK)

    Global Symbols

    Symbol Name                              Value     Ov Type        Size  Object(Section)

    BuildAttributes$$THM_ISAv4$E$P$D$K$B$S$7EM$VFPi3$EXTD16$VFPS$VFMA$PE$A:L22UL41UL21$X:L11$S22US41US21$IEEE1$IW$USESV6$~STKCKD$USESV7$~SHL$OSPACE$ROPI$EBA8$MICROLIB$REQ8$PRES8$EABIv2 0x00000000   Number         0  anon$$obj.o ABSOLUTE
    __ARM_use_no_argv                        0x00000000   Number         0  main.o ABSOLUTE
    __Vectors                                0x00000000   Data           4  startup_tm4c123.o(RESET)
    _printf_a                                0x00000000   Number         0  stubs.o ABSOLUTE
    _printf_c                                0x00000000   Number         0  stubs.o ABSOLUTE
    _printf_charcount                        0x00000000   Number         0  stubs.o ABSOLUTE
    _printf_d                                0x00000000   Number         0  stubs.o ABSOLUTE
    _printf_e                                0x00000000   Number         0  stubs.o ABSOLUTE
    _printf_f                                0x00000000   Number         0  stubs.o ABSOLUTE
    _printf_flags                            0x00000000   Number         0  stubs.o ABSOLUTE
    _printf_fp_dec                           0x00000000   Number         0  stubs.o ABSOLUTE
    _printf_fp_hex                           0x00000000   Number         0  stubs.o ABSOLUTE
    _printf_g                                0x00000000   Number         0  stubs.o ABSOLUTE
    _printf_i                                0x00000000   Number         0  stubs.o ABSOLUTE
    _printf_int_dec                          0x00000000   Number         0  stubs.o ABSOLUTE
    _printf_l                                0x00000000   Number         0  stubs.o ABSOLUTE
    _printf_lc                               0x00000000   Number         0  stubs.o ABSOLUTE
    _printf_ll                               0x00000000   Number         0  stubs.o ABSOLUTE
    _printf_lld                              0x00000000   Number         0  stubs.o ABSOLUTE
    _printf_lli                              0x00000000   Number         0  stubs.o ABSOLUTE
    _printf_llo                              0x00000000   Number         0  stubs.o ABSOLUTE
    _printf_llu                              0x00000000   Number         0  stubs.o ABSOLUTE
    _printf_llx                              0x00000000   Number         0  stubs.o ABSOLUTE
    _printf_longlong_dec                     0x00000000   Number         0  stubs.o ABSOLUTE
    _printf_longlong_hex                     0x00000000   Number         0  stubs.o ABSOLUTE
    _printf_longlong_oct                     0x00000000   Number         0  stubs.o ABSOLUTE
    _printf_ls                               0x00000000   Number         0  stubs.o ABSOLUTE
    _printf_mbtowc                           0x00000000   Number         0  stubs.o ABSOLUTE
    _printf_n                                0x00000000   Number         0  stubs.o ABSOLUTE
    _printf_o                                0x00000000   Number         0  stubs.o ABSOLUTE
    _printf_p                                0x00000000   Number         0  stubs.o ABSOLUTE
    _printf_percent                          0x00000000   Number         0  stubs.o ABSOLUTE
    _printf_pre_padding                      0x00000000   Number         0  stubs.o ABSOLUTE
    _printf_return_value                     0x00000000   Number         0  stubs.o ABSOLUTE
    _printf_s                                0x00000000   Number         0  stubs.o ABSOLUTE
    _printf_sizespec                         0x00000000   Number         0  stubs.o ABSOLUTE
    _printf_str                              0x00000000   Number         0  stubs.o ABSOLUTE
    _printf_truncate_signed                  0x00000000   Number         0  stubs.o ABSOLUTE
    _printf_truncate_unsigned                0x00000000   Number         0  stubs.o ABSOLUTE
    _printf_u                                0x00000000   Number         0  stubs.o ABSOLUTE
    _printf_wc                               0x00000000   Number         0  stubs.o ABSOLUTE
    _printf_wctomb                           0x00000000   Number         0  stubs.o ABSOLUTE
    _printf_widthprec                        0x00000000   Number         0  stubs.o ABSOLUTE
    _printf_x                                0x00000000   Number         0  stubs.o ABSOLUTE
    __cpp_initialize__aeabi_                  - Undefined Weak Reference
    __cxa_finalize                            - Undefined Weak Reference
    __decompress                              - Undefined Weak Reference
    _clock_init                               - Undefined Weak Reference
    _microlib_exit                            - Undefined Weak Reference
    __Vectors_End                            0x0000026c   Data           0  startup_tm4c123.o(RESET)
    __Vectors_Size                           0x0000026c   Number         0  startup_tm4c123.o ABSOLUTE
    __main                                   0x0000026d   Thumb Code     0  entry.o(.ARM.Collect$$$$00000000)
    _main_stk                                0x0000026d   Thumb Code     0  entry2.o(.ARM.Collect$$$$00000001)
    _main_scatterload                        0x00000271   Thumb Code     0  entry5.o(.ARM.Collect$$$$00000004)
    __main_after_scatterload                 0x00000275   Thumb Code     0  entry5.o(.ARM.Collect$$$$00000004)
    _main_clock                              0x00000275   Thumb Code     0  entry7b.o(.ARM.Collect$$$$00000008)
    _main_cpp_init                           0x00000275   Thumb Code     0  entry8b.o(.ARM.Collect$$$$0000000A)
    _main_init                               0x00000275   Thumb Code     0  entry9a.o(.ARM.Collect$$$$0000000B)
    __rt_final_cpp                           0x0000027d   Thumb Code     0  entry10a.o(.ARM.Collect$$$$0000000D)
    __rt_final_exit                          0x0000027d   Thumb Code     0  entry11a.o(.ARM.Collect$$$$0000000F)
    test_lcd                                 0x00000295   Thumb Code   116  main.o(.text)
    print_ps2                                0x00000309   Thumb Code    64  main.o(.text)
    main                                     0x00000349   Thumb Code    12  main.o(.text)
    initializeADC                            0x000003e9   Thumb Code    86  adc.o(.text)
    getADCValue                              0x0000043f   Thumb Code    58  adc.o(.text)
    gpio_enable_port                         0x000004c5   Thumb Code   156  gpioport.o(.text)
    gpio_config_digital_enable               0x00000561   Thumb Code    34  gpioport.o(.text)
    gpio_config_enable_output                0x00000583   Thumb Code    34  gpioport.o(.text)
    gpio_config_enable_input                 0x000005a5   Thumb Code    34  gpioport.o(.text)
    gpio_config_enable_pullup                0x000005c7   Thumb Code    34  gpioport.o(.text)
    gpio_config_enable_pulldown              0x000005e9   Thumb Code    34  gpioport.o(.text)
    gpio_config_analog_enable                0x0000060b   Thumb Code    34  gpioport.o(.text)
    gpio_config_alternate_function           0x0000062d   Thumb Code    34  gpioport.o(.text)
    gpio_config_port_control                 0x0000064f   Thumb Code    28  gpioport.o(.text)
    gpio_config_open_drain                   0x0000066b   Thumb Code    34  gpioport.o(.text)
    SysTick_Handler                          0x000006ad   Thumb Code    14  interrupts.o(.text)
    UART0_Handler                            0x000006bb   Thumb Code   148  interrupts.o(.text)
    ADC0SS3_Handler                          0x0000074f   Thumb Code    26  interrupts.o(.text)
    pc_buffer_init                           0x00000785   Thumb Code    12  pc_buffer.o(.text)
    pc_buffer_add                            0x00000791   Thumb Code    26  pc_buffer.o(.text)
    pc_buffer_remove                         0x000007ab   Thumb Code    28  pc_buffer.o(.text)
    pc_buffer_empty                          0x000007c7   Thumb Code    18  pc_buffer.o(.text)
    pc_buffer_full                           0x000007d9   Thumb Code    22  pc_buffer.o(.text)
    spiVerifyBaseAddr                        0x000007f1   Thumb Code    34  spi.o(.text)
    initialize_spi                           0x00000813   Thumb Code   192  spi.o(.text)
    spiTx                                    0x000008d3   Thumb Code    94  spi.o(.text)
    uart0_init_115K                          0x00000949   Thumb Code   146  uart.o(.text)
    uartRx                                   0x000009db   Thumb Code    44  uart.o(.text)
    uartTx                                   0x00000a07   Thumb Code    72  uart.o(.text)
    fputc                                    0x00000a4f   Thumb Code    44  uart.o(.text)
    fgetc                                    0x00000a7b   Thumb Code    48  uart.o(.text)
    DisableInterrupts                        0x00000ad9   Thumb Code     4  boardutil.o(.text)
    EnableInterrupts                         0x00000add   Thumb Code     4  boardutil.o(.text)
    i2cInit                                  0x00000ae1   Thumb Code     2  boardutil.o(.text)
    joyStickInit                             0x00000ae3   Thumb Code    40  boardutil.o(.text)
    lcdInit                                  0x00000b0b   Thumb Code    64  boardutil.o(.text)
    pushButtonInit                           0x00000b4b   Thumb Code    64  boardutil.o(.text)
    uart0_config_gpio                        0x00000b8b   Thumb Code    42  boardutil.o(.text)
    serialDebugInit                          0x00000bb5   Thumb Code    12  boardutil.o(.text)
    f14_project_boardUtil                    0x00000bc1   Thumb Code    58  boardutil.o(.text)
    rf_init                                  0x00000bfb   Thumb Code     2  boardutil.o(.text)
    Reset_Handler                            0x00000c11   Thumb Code     8  startup_tm4c123.o(.text)
    NMI_Handler                              0x00000c19   Thumb Code     2  startup_tm4c123.o(.text)
    HardFault_Handler                        0x00000c1b   Thumb Code     2  startup_tm4c123.o(.text)
    MemManage_Handler                        0x00000c1d   Thumb Code     2  startup_tm4c123.o(.text)
    BusFault_Handler                         0x00000c1f   Thumb Code     2  startup_tm4c123.o(.text)
    UsageFault_Handler                       0x00000c21   Thumb Code     2  startup_tm4c123.o(.text)
    SVC_Handler                              0x00000c23   Thumb Code     2  startup_tm4c123.o(.text)
    DebugMon_Handler                         0x00000c25   Thumb Code     2  startup_tm4c123.o(.text)
    PendSV_Handler                           0x00000c27   Thumb Code     2  startup_tm4c123.o(.text)
    GPIOA_Handler                            0x00000c2b   Thumb Code     2  startup_tm4c123.o(.text)
    GPIOB_Handler                            0x00000c2d   Thumb Code     2  startup_tm4c123.o(.text)
    GPIOC_Handler                            0x00000c2f   Thumb Code     2  startup_tm4c123.o(.text)
    GPIOD_Handler                            0x00000c31   Thumb Code     2  startup_tm4c123.o(.text)
    GPIOE_Handler                            0x00000c33   Thumb Code     2  startup_tm4c123.o(.text)
    UART1_Handler                            0x00000c37   Thumb Code     2  startup_tm4c123.o(.text)
    SSI0_Handler                             0x00000c39   Thumb Code     2  startup_tm4c123.o(.text)
    I2C0_Handler                             0x00000c3b   Thumb Code     2  startup_tm4c123.o(.text)
    PMW0_FAULT_Handler                       0x00000c3d   Thumb Code     2  startup_tm4c123.o(.text)
    PWM0_0_Handler                           0x00000c3f   Thumb Code     2  startup_tm4c123.o(.text)
    PWM0_1_Handler                           0x00000c41   Thumb Code     2  startup_tm4c123.o(.text)
    PWM0_2_Handler                           0x00000c43   Thumb Code     2  startup_tm4c123.o(.text)
    QEI0_Handler                             0x00000c45   Thumb Code     2  startup_tm4c123.o(.text)
    ADC0SS0_Handler                          0x00000c47   Thumb Code     2  startup_tm4c123.o(.text)
    ADC0SS1_Handler                          0x00000c49   Thumb Code     2  startup_tm4c123.o(.text)
    ADC0SS2_Handler                          0x00000c4b   Thumb Code     2  startup_tm4c123.o(.text)
    WDT0_Handler                             0x00000c4f   Thumb Code     2  startup_tm4c123.o(.text)
    TIMER0A_Handler                          0x00000c51   Thumb Code     2  startup_tm4c123.o(.text)
    TIMER0B_Handler                          0x00000c53   Thumb Code     2  startup_tm4c123.o(.text)
    TIMER1A_Handler                          0x00000c55   Thumb Code     2  startup_tm4c123.o(.text)
    TIMER1B_Handler                          0x00000c57   Thumb Code     2  startup_tm4c123.o(.text)
    TIMER2A_Handler                          0x00000c59   Thumb Code     2  startup_tm4c123.o(.text)
    TIMER2B_Handler                          0x00000c5b   Thumb Code     2  startup_tm4c123.o(.text)
    COMP0_Handler                            0x00000c5d   Thumb Code     2  startup_tm4c123.o(.text)
    COMP1_Handler                            0x00000c5f   Thumb Code     2  startup_tm4c123.o(.text)
    COMP2_Handler                            0x00000c61   Thumb Code     2  startup_tm4c123.o(.text)
    SYSCTL_Handler                           0x00000c63   Thumb Code     2  startup_tm4c123.o(.text)
    FLASH_Handler                            0x00000c65   Thumb Code     2  startup_tm4c123.o(.text)
    GPIOF_Handler                            0x00000c67   Thumb Code     2  startup_tm4c123.o(.text)
    GPIOG_Handler                            0x00000c69   Thumb Code     2  startup_tm4c123.o(.text)
    GPIOH_Handler                            0x00000c6b   Thumb Code     2  startup_tm4c123.o(.text)
    UART2_Handler                            0x00000c6d   Thumb Code     2  startup_tm4c123.o(.text)
    SSI1_Handler                             0x00000c6f   Thumb Code     2  startup_tm4c123.o(.text)
    TIMER3A_Handler                          0x00000c71   Thumb Code     2  startup_tm4c123.o(.text)
    TIMER3B_Handler                          0x00000c73   Thumb Code     2  startup_tm4c123.o(.text)
    I2C1_Handler                             0x00000c75   Thumb Code     2  startup_tm4c123.o(.text)
    QEI1_Handler                             0x00000c77   Thumb Code     2  startup_tm4c123.o(.text)
    CAN0_Handler                             0x00000c79   Thumb Code     2  startup_tm4c123.o(.text)
    CAN1_Handler                             0x00000c7b   Thumb Code     2  startup_tm4c123.o(.text)
    CAN2_Handler                             0x00000c7d   Thumb Code     2  startup_tm4c123.o(.text)
    HIB_Handler                              0x00000c7f   Thumb Code     2  startup_tm4c123.o(.text)
    USB0_Handler                             0x00000c81   Thumb Code     2  startup_tm4c123.o(.text)
    PWM0_3_Handler                           0x00000c83   Thumb Code     2  startup_tm4c123.o(.text)
    UDMA_Handler                             0x00000c85   Thumb Code     2  startup_tm4c123.o(.text)
    UDMAERR_Handler                          0x00000c87   Thumb Code     2  startup_tm4c123.o(.text)
    ADC1SS0_Handler                          0x00000c89   Thumb Code     2  startup_tm4c123.o(.text)
    ADC1SS1_Handler                          0x00000c8b   Thumb Code     2  startup_tm4c123.o(.text)
    ADC1SS2_Handler                          0x00000c8d   Thumb Code     2  startup_tm4c123.o(.text)
    ADC1SS3_Handler                          0x00000c8f   Thumb Code     2  startup_tm4c123.o(.text)
    GPIOJ_Handler                            0x00000c91   Thumb Code     2  startup_tm4c123.o(.text)
    GPIOK_Handler                            0x00000c93   Thumb Code     2  startup_tm4c123.o(.text)
    GPIOL_Handler                            0x00000c95   Thumb Code     2  startup_tm4c123.o(.text)
    SSI2_Handler                             0x00000c97   Thumb Code     2  startup_tm4c123.o(.text)
    SSI3_Handler                             0x00000c99   Thumb Code     2  startup_tm4c123.o(.text)
    UART3_Handler                            0x00000c9b   Thumb Code     2  startup_tm4c123.o(.text)
    UART4_Handler                            0x00000c9d   Thumb Code     2  startup_tm4c123.o(.text)
    UART5_Handler                            0x00000c9f   Thumb Code     2  startup_tm4c123.o(.text)
    UART6_Handler                            0x00000ca1   Thumb Code     2  startup_tm4c123.o(.text)
    UART7_Handler                            0x00000ca3   Thumb Code     2  startup_tm4c123.o(.text)
    I2C2_Handler                             0x00000ca5   Thumb Code     2  startup_tm4c123.o(.text)
    I2C3_Handler                             0x00000ca7   Thumb Code     2  startup_tm4c123.o(.text)
    TIMER4A_Handler                          0x00000ca9   Thumb Code     2  startup_tm4c123.o(.text)
    TIMER4B_Handler                          0x00000cab   Thumb Code     2  startup_tm4c123.o(.text)
    TIMER5A_Handler                          0x00000cad   Thumb Code     2  startup_tm4c123.o(.text)
    TIMER5B_Handler                          0x00000caf   Thumb Code     2  startup_tm4c123.o(.text)
    WTIMER0A_Handler                         0x00000cb1   Thumb Code     2  startup_tm4c123.o(.text)
    WTIMER0B_Handler                         0x00000cb3   Thumb Code     2  startup_tm4c123.o(.text)
    WTIMER1A_Handler                         0x00000cb5   Thumb Code     2  startup_tm4c123.o(.text)
    WTIMER1B_Handler                         0x00000cb7   Thumb Code     2  startup_tm4c123.o(.text)
    WTIMER2A_Handler                         0x00000cb9   Thumb Code     2  startup_tm4c123.o(.text)
    WTIMER2B_Handler                         0x00000cbb   Thumb Code     2  startup_tm4c123.o(.text)
    WTIMER3A_Handler                         0x00000cbd   Thumb Code     2  startup_tm4c123.o(.text)
    WTIMER3B_Handler                         0x00000cbf   Thumb Code     2  startup_tm4c123.o(.text)
    WTIMER4A_Handler                         0x00000cc1   Thumb Code     2  startup_tm4c123.o(.text)
    WTIMER4B_Handler                         0x00000cc3   Thumb Code     2  startup_tm4c123.o(.text)
    WTIMER5A_Handler                         0x00000cc5   Thumb Code     2  startup_tm4c123.o(.text)
    WTIMER5B_Handler                         0x00000cc7   Thumb Code     2  startup_tm4c123.o(.text)
    FPU_Handler                              0x00000cc9   Thumb Code     2  startup_tm4c123.o(.text)
    I2C4_Handler                             0x00000ccb   Thumb Code     2  startup_tm4c123.o(.text)
    I2C5_Handler                             0x00000ccd   Thumb Code     2  startup_tm4c123.o(.text)
    GPIOM_Handler                            0x00000ccf   Thumb Code     2  startup_tm4c123.o(.text)
    GPION_Handler                            0x00000cd1   Thumb Code     2  startup_tm4c123.o(.text)
    QEI2_Handler                             0x00000cd3   Thumb Code     2  startup_tm4c123.o(.text)
    GPIOP0_Handler                           0x00000cd5   Thumb Code     2  startup_tm4c123.o(.text)
    GPIOP1_Handler                           0x00000cd7   Thumb Code     2  startup_tm4c123.o(.text)
    GPIOP2_Handler                           0x00000cd9   Thumb Code     2  startup_tm4c123.o(.text)
    GPIOP3_Handler                           0x00000cdb   Thumb Code     2  startup_tm4c123.o(.text)
    GPIOP4_Handler                           0x00000cdd   Thumb Code     2  startup_tm4c123.o(.text)
    GPIOP5_Handler                           0x00000cdf   Thumb Code     2  startup_tm4c123.o(.text)
    GPIOP6_Handler                           0x00000ce1   Thumb Code     2  startup_tm4c123.o(.text)
    GPIOP7_Handler                           0x00000ce3   Thumb Code     2  startup_tm4c123.o(.text)
    GPIOQ0_Handler                           0x00000ce5   Thumb Code     2  startup_tm4c123.o(.text)
    GPIOQ1_Handler                           0x00000ce7   Thumb Code     2  startup_tm4c123.o(.text)
    GPIOQ2_Handler                           0x00000ce9   Thumb Code     2  startup_tm4c123.o(.text)
    GPIOQ3_Handler                           0x00000ceb   Thumb Code     2  startup_tm4c123.o(.text)
    GPIOQ4_Handler                           0x00000ced   Thumb Code     2  startup_tm4c123.o(.text)
    GPIOQ5_Handler                           0x00000cef   Thumb Code     2  startup_tm4c123.o(.text)
    GPIOQ6_Handler                           0x00000cf1   Thumb Code     2  startup_tm4c123.o(.text)
    GPIOQ7_Handler                           0x00000cf3   Thumb Code     2  startup_tm4c123.o(.text)
    GPIOR_Handler                            0x00000cf5   Thumb Code     2  startup_tm4c123.o(.text)
    GPIOS_Handler                            0x00000cf7   Thumb Code     2  startup_tm4c123.o(.text)
    PMW1_0_Handler                           0x00000cf9   Thumb Code     2  startup_tm4c123.o(.text)
    PWM1_1_Handler                           0x00000cfb   Thumb Code     2  startup_tm4c123.o(.text)
    PWM1_2_Handler                           0x00000cfd   Thumb Code     2  startup_tm4c123.o(.text)
    PWM1_3_Handler                           0x00000cff   Thumb Code     2  startup_tm4c123.o(.text)
    PWM1_FAULT_Handler                       0x00000d01   Thumb Code     2  startup_tm4c123.o(.text)
    SystemCoreClockUpdate                    0x00000dc3   Thumb Code   184  system_tm4c123.o(.text)
    SystemInit                               0x00000e7b   Thumb Code   112  system_tm4c123.o(.text)
    lcd_set_pin_config                       0x00000f5d   Thumb Code    18  eadogs102w.o(.text)
    lcd_initialize                           0x00000f6f   Thumb Code   310  eadogs102w.o(.text)
    lcd_set_page                             0x000010a5   Thumb Code    76  eadogs102w.o(.text)
    lcd_set_column                           0x000010f1   Thumb Code    98  eadogs102w.o(.text)
    lcd_write_data                           0x00001153   Thumb Code    56  eadogs102w.o(.text)
    lcd_write_char_8pts                      0x0000118b   Thumb Code    80  eadogs102w.o(.text)
    lcd_write_char_10pts                     0x000011db   Thumb Code   192  eadogs102w.o(.text)
    lcd_clear                                0x0000129b   Thumb Code    46  eadogs102w.o(.text)
    lcd_write_string_10pts                   0x000012c9   Thumb Code    42  eadogs102w.o(.text)
    __aeabi_uldivmod                         0x00001301   Thumb Code    98  uldiv.o(.text)
    __scatterload                            0x00001365   Thumb Code    28  init.o(.text)
    __scatterload_rt2                        0x00001365   Thumb Code     0  init.o(.text)
    __aeabi_llsl                             0x00001389   Thumb Code    30  llshl.o(.text)
    _ll_shift_l                              0x00001389   Thumb Code     0  llshl.o(.text)
    __aeabi_llsr                             0x000013a7   Thumb Code    32  llushr.o(.text)
    _ll_ushift_r                             0x000013a7   Thumb Code     0  llushr.o(.text)
    __0printf$8                              0x000013c9   Thumb Code    22  printf8.o(i.__0printf$8)
    __1printf$8                              0x000013c9   Thumb Code     0  printf8.o(i.__0printf$8)
    __2printf                                0x000013c9   Thumb Code     0  printf8.o(i.__0printf$8)
    __aeabi_errno_addr                       0x000013e9   Thumb Code     4  errno.o(i.__aeabi_errno_addr)
    __rt_errno_addr                          0x000013e9   Thumb Code     0  errno.o(i.__aeabi_errno_addr)
    __scatterload_copy                       0x000013f1   Thumb Code    14  handlers.o(i.__scatterload_copy)
    __scatterload_null                       0x000013ff   Thumb Code     2  handlers.o(i.__scatterload_null)
    __scatterload_zeroinit                   0x00001401   Thumb Code    14  handlers.o(i.__scatterload_zeroinit)
    arialNarrow_8ptBitmaps                   0x00001872   Data          50  fonts.o(.constdata)
    courierNew_10ptBitmaps                   0x000018a4   Data        1900  fonts.o(.constdata)
    buckyBadger                              0x00002010   Data         759  fonts.o(.constdata)
    motionW                                  0x00002307   Data         392  fonts.o(.constdata)
    Region$$Table$$Base                      0x00002490   Number         0  anon$$obj.o(Region$$Table)
    Region$$Table$$Limit                     0x000024b0   Number         0  anon$$obj.o(Region$$Table)
    AlertSysTick                             0x20000000   Data           1  main.o(.data)
    stickX                                   0x20000004   Data           4  main.o(.data)
    stickY                                   0x20000008   Data           4  main.o(.data)
    ready                                    0x2000000c   Data           4  main.o(.data)
    SystemCoreClock                          0x20000010   Data           4  system_tm4c123.o(.data)
    __stdin                                  0x20000014   Data           4  stdin.o(.data)
    __stdout                                 0x20000018   Data           4  stdout.o(.data)
    UART0_Rx_Buffer                          0x20000020   Data          16  uart.o(.bss)
    UART0_Rx_Buffer_Array                    0x20000030   Data          80  uart.o(.bss)
    UART0_Tx_Buffer                          0x20000080   Data          16  uart.o(.bss)
    UART0_Tx_Buffer_Array                    0x20000090   Data          80  uart.o(.bss)
    __initial_sp                             0x200010f8   Data           0  startup_tm4c123.o(STACK)



==============================================================================

Memory Map of the image

  Image Entry point : 0x00000c11

  Load Region LR_1 (Base: 0x00000000, Size: 0x000024d0, Max: 0xffffffff, ABSOLUTE)

    Execution Region ER_RO (Base: 0x00000000, Size: 0x000024b0, Max: 0xffffffff, ABSOLUTE)

    Base Addr    Size         Type   Attr      Idx    E Section Name        Object

    0x00000000   0x0000026c   Data   RO          372    RESET               startup_tm4c123.o
    0x0000026c   0x00000000   Code   RO          465  * .ARM.Collect$$$$00000000  mc_w.l(entry.o)
    0x0000026c   0x00000004   Code   RO          738    .ARM.Collect$$$$00000001  mc_w.l(entry2.o)
    0x00000270   0x00000004   Code   RO          741    .ARM.Collect$$$$00000004  mc_w.l(entry5.o)
    0x00000274   0x00000000   Code   RO          743    .ARM.Collect$$$$00000008  mc_w.l(entry7b.o)
    0x00000274   0x00000000   Code   RO          745    .ARM.Collect$$$$0000000A  mc_w.l(entry8b.o)
    0x00000274   0x00000008   Code   RO          746    .ARM.Collect$$$$0000000B  mc_w.l(entry9a.o)
    0x0000027c   0x00000000   Code   RO          748    .ARM.Collect$$$$0000000D  mc_w.l(entry10a.o)
    0x0000027c   0x00000000   Code   RO          750    .ARM.Collect$$$$0000000F  mc_w.l(entry11a.o)
    0x0000027c   0x00000004   Code   RO          739    .ARM.Collect$$$$00002712  mc_w.l(entry2.o)
    0x00000280   0x00000168   Code   RO            4    .text               main.o
    0x000003e8   0x0000009c   Code   RO          125    .text               adc.o
    0x00000484   0x00000228   Code   RO          152    .text               gpioport.o
    0x000006ac   0x000000d8   Code   RO          176    .text               interrupts.o
    0x00000784   0x0000006a   Code   RO          204    .text               pc_buffer.o
    0x000007ee   0x00000002   PAD
    0x000007f0   0x00000158   Code   RO          219    .text               spi.o
    0x00000948   0x00000190   Code   RO          246    .text               uart.o
    0x00000ad8   0x00000138   Code   RO          331    .text               boardutil.o
    0x00000c10   0x000000fc   Code   RO          373  * .text               startup_tm4c123.o
    0x00000d0c   0x00000250   Code   RO          380    .text               system_tm4c123.o
    0x00000f5c   0x000003a4   Code   RO          409    .text               ece353_project.lib(eadogs102w.o)
    0x00001300   0x00000062   Code   RO          754    .text               mc_w.l(uldiv.o)
    0x00001362   0x00000002   PAD
    0x00001364   0x00000024   Code   RO          767    .text               mc_w.l(init.o)
    0x00001388   0x0000001e   Code   RO          769    .text               mc_w.l(llshl.o)
    0x000013a6   0x00000020   Code   RO          771    .text               mc_w.l(llushr.o)
    0x000013c6   0x00000002   PAD
    0x000013c8   0x00000020   Code   RO          677    i.__0printf$8       mc_w.l(printf8.o)
    0x000013e8   0x00000008   Code   RO          731    i.__aeabi_errno_addr  mc_w.l(errno.o)
    0x000013f0   0x0000000e   Code   RO          779    i.__scatterload_copy  mc_w.l(handlers.o)
    0x000013fe   0x00000002   Code   RO          780    i.__scatterload_null  mc_w.l(handlers.o)
    0x00001400   0x0000000e   Code   RO          781    i.__scatterload_zeroinit  mc_w.l(handlers.o)
    0x0000140e   0x00000002   PAD
    0x00001410   0x00000410   Code   RO          684    i._printf_core      mc_w.l(printf8.o)
    0x00001820   0x00000024   Code   RO          685    i._printf_post_padding  mc_w.l(printf8.o)
    0x00001844   0x0000002e   Code   RO          686    i._printf_pre_padding  mc_w.l(printf8.o)
    0x00001872   0x00000c1d   Data   RO          110    .constdata          fonts.o
    0x0000248f   0x00000001   PAD
    0x00002490   0x00000020   Data   RO          777    Region$$Table       anon$$obj.o


    Execution Region ER_RW (Base: 0x20000000, Size: 0x00000020, Max: 0xffffffff, ABSOLUTE)

    Base Addr    Size         Type   Attr      Idx    E Section Name        Object

    0x20000000   0x00000010   Data   RW            5    .data               main.o
    0x20000010   0x00000004   Data   RW          381    .data               system_tm4c123.o
    0x20000014   0x00000004   Data   RW          468    .data               mc_w.l(stdin.o)
    0x20000018   0x00000004   Data   RW          469    .data               mc_w.l(stdout.o)
    0x2000001c   0x00000004   Data   RW          734    .data               mc_w.l(errno.o)


    Execution Region ER_ZI (Base: 0x20000020, Size: 0x000010d8, Max: 0xffffffff, ABSOLUTE)

    Base Addr    Size         Type   Attr      Idx    E Section Name        Object

    0x20000020   0x000000c0   Zero   RW          247    .bss                uart.o
    0x200000e0   0x00000014   Zero   RW          410    .bss                ece353_project.lib(eadogs102w.o)
    0x200000f4   0x00000004   PAD
    0x200000f8   0x00001000   Zero   RW          370    STACK               startup_tm4c123.o


==============================================================================

Image component sizes


      Code (inc. data)   RO Data    RW Data    ZI Data      Debug   Object Name

       156         12          0          0          0       1432   adc.o
       312         20          0          0          0       1657   boardutil.o
         0          0       3101          0          0        640   fonts.o
       552         32          0          0          0       4176   gpioport.o
       216         28          0          0          0       1731   interrupts.o
       360        148          0         16          0      29893   main.o
       106          0          0          0          0       1695   pc_buffer.o
       344         24          0          0          0       1689   spi.o
       252         10        620          0       4096       5432   startup_tm4c123.o
       592        138          0          4          0       1525   system_tm4c123.o
       400         46          0          0        192      28801   uart.o

    ----------------------------------------------------------------------
      3292        458       3754         20       4288      78671   Object Totals
         0          0         32          0          0          0   (incl. Generated)
         2          0          1          0          0          0   (incl. Padding)

    ----------------------------------------------------------------------

      Code (inc. data)   RO Data    RW Data    ZI Data      Debug   Library Member Name

       932         14          0          0         20      30213   eadogs102w.o
         0          0          0          0          0          0   entry.o
         0          0          0          0          0          0   entry10a.o
         0          0          0          0          0          0   entry11a.o
         8          4          0          0          0          0   entry2.o
         4          0          0          0          0          0   entry5.o
         0          0          0          0          0          0   entry7b.o
         0          0          0          0          0          0   entry8b.o
         8          4          0          0          0          0   entry9a.o
         8          4          0          4          0         68   errno.o
        30          0          0          0          0          0   handlers.o
        36          8          0          0          0         68   init.o
        30          0          0          0          0         68   llshl.o
        32          0          0          0          0         68   llushr.o
      1154         54          0          0          0        352   printf8.o
         0          0          0          4          0          0   stdin.o
         0          0          0          4          0          0   stdout.o
        98          0          0          0          0         92   uldiv.o

    ----------------------------------------------------------------------
      2346         88          0         12         24      30929   Library Totals
         6          0          0          0          4          0   (incl. Padding)

    ----------------------------------------------------------------------

      Code (inc. data)   RO Data    RW Data    ZI Data      Debug   Library Name

       932         14          0          0         20      30213   ece353_project.lib
      1408         74          0         12          0        716   mc_w.l

    ----------------------------------------------------------------------
      2346         88          0         12         24      30929   Library Totals

    ----------------------------------------------------------------------

==============================================================================


      Code (inc. data)   RO Data    RW Data    ZI Data      Debug   

      5638        546       3754         32       4312     108344   Grand Totals
      5638        546       3754         32       4312     108344   ELF Image Totals
      5638        546       3754         32          0          0   ROM Totals

==============================================================================

    Total RO  Size (Code + RO Data)                 9392 (   9.17kB)
    Total RW  Size (RW Data + ZI Data)              4344 (   4.24kB)
    Total ROM Size (Code + RO Data + RW Data)       9424 (   9.20kB)

==============================================================================

