Component: ARM Compiler 5.05 (build 41) Tool: armlink [4d0eb9]

==============================================================================

Section Cross References

    main.o(.text) refers to gpioport.o(.text) for gpio_enable_port
    main.o(.text) refers to adc.o(.text) for initializeADC
    main.o(.text) refers to eadogs102w.o(.text) for lcd_initialize
    main.o(.text) refers to printfb.o(i.__0printf$bare) for __2printf
    main.o(.text) refers to boardutil.o(.text) for serialDebugInit
    main.o(.text) refers to spi.o(.text) for initialize_spi
    main.o(.text) refers to fonts.o(.constdata) for motionW
    interrupts.o(.text) refers to pc_buffer.o(.text) for pc_buffer_full
    interrupts.o(.text) refers to main.o(.data) for AlertSysTick
    interrupts.o(.text) refers to uart.o(.bss) for UART0_Rx_Buffer
    uart.o(.text) refers to pc_buffer.o(.text) for pc_buffer_init
    uart.o(.text) refers to boardutil.o(.text) for DisableInterrupts
    uart.o(.text) refers to errno.o(i.__aeabi_errno_addr) for __aeabi_errno_addr
    uart.o(.text) refers to uart.o(.bss) for UART0_Tx_Buffer_Array
    uart.o(.text) refers to stdout.o(.data) for __stdout
    uart.o(.text) refers to stdin.o(.data) for __stdin
    wireless.o(.text) refers to spi.o(.text) for spiTx
    wireless.o(.text) refers to printfb.o(i.__0printf$bare) for __2printf
    wireless.o(.text) refers to wireless.o(.bss) for wirelessPinConfig
    boardutil.o(.text) refers to gpioport.o(.text) for gpio_enable_port
    boardutil.o(.text) refers to uart.o(.text) for uart0_init_115K
    boardutil.o(.text) refers to eadogs102w.o(.text) for lcd_set_pin_config
    startup_tm4c123.o(RESET) refers to startup_tm4c123.o(STACK) for __initial_sp
    startup_tm4c123.o(RESET) refers to startup_tm4c123.o(.text) for Reset_Handler
    startup_tm4c123.o(RESET) refers to interrupts.o(.text) for SysTick_Handler
    startup_tm4c123.o(.text) refers to system_tm4c123.o(.text) for SystemInit
    startup_tm4c123.o(.text) refers to entry.o(.ARM.Collect$$$$00000000) for __main
    system_tm4c123.o(.text) refers to system_tm4c123.o(.data) for SystemCoreClock
    eadogs102w.o(.text) refers to spi.o(.text) for spiTx
    eadogs102w.o(.text) refers to eadogs102w.o(.bss) for lcdConfig
    eadogs102w.o(.text) refers to fonts.o(.constdata) for arialNarrow_8ptBitmaps
    entry.o(.ARM.Collect$$$$00000000) refers (Special) to entry10a.o(.ARM.Collect$$$$0000000D) for __rt_final_cpp
    entry.o(.ARM.Collect$$$$00000000) refers (Special) to entry11a.o(.ARM.Collect$$$$0000000F) for __rt_final_exit
    entry.o(.ARM.Collect$$$$00000000) refers (Special) to entry7b.o(.ARM.Collect$$$$00000008) for _main_clock
    entry.o(.ARM.Collect$$$$00000000) refers (Special) to entry8b.o(.ARM.Collect$$$$0000000A) for _main_cpp_init
    entry.o(.ARM.Collect$$$$00000000) refers (Special) to entry9a.o(.ARM.Collect$$$$0000000B) for _main_init
    entry.o(.ARM.Collect$$$$00000000) refers (Special) to entry5.o(.ARM.Collect$$$$00000004) for _main_scatterload
    entry.o(.ARM.Collect$$$$00000000) refers (Special) to entry2.o(.ARM.Collect$$$$00000001) for _main_stk
    printfb.o(i.__0fprintf$bare) refers to printfb.o(i._printf_core) for _printf_core
    printfb.o(i.__0fprintf$bare) refers to uart.o(.text) for fputc
    printfb.o(i.__0printf$bare) refers to printfb.o(i._printf_core) for _printf_core
    printfb.o(i.__0printf$bare) refers to uart.o(.text) for fputc
    printfb.o(i.__0printf$bare) refers to stdout.o(.data) for __stdout
    printfb.o(i.__0snprintf$bare) refers to printfb.o(i._printf_core) for _printf_core
    printfb.o(i.__0snprintf$bare) refers to printfb.o(i._snputc) for _snputc
    printfb.o(i.__0sprintf$bare) refers to printfb.o(i._printf_core) for _printf_core
    printfb.o(i.__0sprintf$bare) refers to printfb.o(i._sputc) for _sputc
    printfb.o(i.__0vfprintf$bare) refers to printfb.o(i._printf_core) for _printf_core
    printfb.o(i.__0vfprintf$bare) refers to uart.o(.text) for fputc
    printfb.o(i.__0vprintf$bare) refers to printfb.o(i._printf_core) for _printf_core
    printfb.o(i.__0vprintf$bare) refers to uart.o(.text) for fputc
    printfb.o(i.__0vprintf$bare) refers to stdout.o(.data) for __stdout
    printfb.o(i.__0vsnprintf$bare) refers to printfb.o(i._printf_core) for _printf_core
    printfb.o(i.__0vsnprintf$bare) refers to printfb.o(i._snputc) for _snputc
    printfb.o(i.__0vsprintf$bare) refers to printfb.o(i._printf_core) for _printf_core
    printfb.o(i.__0vsprintf$bare) refers to printfb.o(i._sputc) for _sputc
    printf0.o(i.__0fprintf$0) refers to printf0.o(i._printf_core) for _printf_core
    printf0.o(i.__0fprintf$0) refers to uart.o(.text) for fputc
    printf0.o(i.__0printf$0) refers to printf0.o(i._printf_core) for _printf_core
    printf0.o(i.__0printf$0) refers to uart.o(.text) for fputc
    printf0.o(i.__0printf$0) refers to stdout.o(.data) for __stdout
    printf0.o(i.__0snprintf$0) refers to printf0.o(i._printf_core) for _printf_core
    printf0.o(i.__0snprintf$0) refers to printf0.o(i._snputc) for _snputc
    printf0.o(i.__0sprintf$0) refers to printf0.o(i._printf_core) for _printf_core
    printf0.o(i.__0sprintf$0) refers to printf0.o(i._sputc) for _sputc
    printf0.o(i.__0vfprintf$0) refers to printf0.o(i._printf_core) for _printf_core
    printf0.o(i.__0vfprintf$0) refers to uart.o(.text) for fputc
    printf0.o(i.__0vprintf$0) refers to printf0.o(i._printf_core) for _printf_core
    printf0.o(i.__0vprintf$0) refers to uart.o(.text) for fputc
    printf0.o(i.__0vprintf$0) refers to stdout.o(.data) for __stdout
    printf0.o(i.__0vsnprintf$0) refers to printf0.o(i._printf_core) for _printf_core
    printf0.o(i.__0vsnprintf$0) refers to printf0.o(i._snputc) for _snputc
    printf0.o(i.__0vsprintf$0) refers to printf0.o(i._printf_core) for _printf_core
    printf0.o(i.__0vsprintf$0) refers to printf0.o(i._sputc) for _sputc
    printf1.o(i.__0fprintf$1) refers to printf1.o(i._printf_core) for _printf_core
    printf1.o(i.__0fprintf$1) refers to uart.o(.text) for fputc
    printf1.o(i.__0printf$1) refers to printf1.o(i._printf_core) for _printf_core
    printf1.o(i.__0printf$1) refers to uart.o(.text) for fputc
    printf1.o(i.__0printf$1) refers to stdout.o(.data) for __stdout
    printf1.o(i.__0snprintf$1) refers to printf1.o(i._printf_core) for _printf_core
    printf1.o(i.__0snprintf$1) refers to printf1.o(i._snputc) for _snputc
    printf1.o(i.__0sprintf$1) refers to printf1.o(i._printf_core) for _printf_core
    printf1.o(i.__0sprintf$1) refers to printf1.o(i._sputc) for _sputc
    printf1.o(i.__0vfprintf$1) refers to printf1.o(i._printf_core) for _printf_core
    printf1.o(i.__0vfprintf$1) refers to uart.o(.text) for fputc
    printf1.o(i.__0vprintf$1) refers to printf1.o(i._printf_core) for _printf_core
    printf1.o(i.__0vprintf$1) refers to uart.o(.text) for fputc
    printf1.o(i.__0vprintf$1) refers to stdout.o(.data) for __stdout
    printf1.o(i.__0vsnprintf$1) refers to printf1.o(i._printf_core) for _printf_core
    printf1.o(i.__0vsnprintf$1) refers to printf1.o(i._snputc) for _snputc
    printf1.o(i.__0vsprintf$1) refers to printf1.o(i._printf_core) for _printf_core
    printf1.o(i.__0vsprintf$1) refers to printf1.o(i._sputc) for _sputc
    printf1.o(i._printf_core) refers to uidiv.o(.text) for __aeabi_uidivmod
    printf2.o(i.__0fprintf$2) refers to printf2.o(i._printf_core) for _printf_core
    printf2.o(i.__0fprintf$2) refers to uart.o(.text) for fputc
    printf2.o(i.__0printf$2) refers to printf2.o(i._printf_core) for _printf_core
    printf2.o(i.__0printf$2) refers to uart.o(.text) for fputc
    printf2.o(i.__0printf$2) refers to stdout.o(.data) for __stdout
    printf2.o(i.__0snprintf$2) refers to printf2.o(i._printf_core) for _printf_core
    printf2.o(i.__0snprintf$2) refers to printf2.o(i._snputc) for _snputc
    printf2.o(i.__0sprintf$2) refers to printf2.o(i._printf_core) for _printf_core
    printf2.o(i.__0sprintf$2) refers to printf2.o(i._sputc) for _sputc
    printf2.o(i.__0vfprintf$2) refers to printf2.o(i._printf_core) for _printf_core
    printf2.o(i.__0vfprintf$2) refers to uart.o(.text) for fputc
    printf2.o(i.__0vprintf$2) refers to printf2.o(i._printf_core) for _printf_core
    printf2.o(i.__0vprintf$2) refers to uart.o(.text) for fputc
    printf2.o(i.__0vprintf$2) refers to stdout.o(.data) for __stdout
    printf2.o(i.__0vsnprintf$2) refers to printf2.o(i._printf_core) for _printf_core
    printf2.o(i.__0vsnprintf$2) refers to printf2.o(i._snputc) for _snputc
    printf2.o(i.__0vsprintf$2) refers to printf2.o(i._printf_core) for _printf_core
    printf2.o(i.__0vsprintf$2) refers to printf2.o(i._sputc) for _sputc
    printf3.o(i.__0fprintf$3) refers to printf3.o(i._printf_core) for _printf_core
    printf3.o(i.__0fprintf$3) refers to uart.o(.text) for fputc
    printf3.o(i.__0printf$3) refers to printf3.o(i._printf_core) for _printf_core
    printf3.o(i.__0printf$3) refers to uart.o(.text) for fputc
    printf3.o(i.__0printf$3) refers to stdout.o(.data) for __stdout
    printf3.o(i.__0snprintf$3) refers to printf3.o(i._printf_core) for _printf_core
    printf3.o(i.__0snprintf$3) refers to printf3.o(i._snputc) for _snputc
    printf3.o(i.__0sprintf$3) refers to printf3.o(i._printf_core) for _printf_core
    printf3.o(i.__0sprintf$3) refers to printf3.o(i._sputc) for _sputc
    printf3.o(i.__0vfprintf$3) refers to printf3.o(i._printf_core) for _printf_core
    printf3.o(i.__0vfprintf$3) refers to uart.o(.text) for fputc
    printf3.o(i.__0vprintf$3) refers to printf3.o(i._printf_core) for _printf_core
    printf3.o(i.__0vprintf$3) refers to uart.o(.text) for fputc
    printf3.o(i.__0vprintf$3) refers to stdout.o(.data) for __stdout
    printf3.o(i.__0vsnprintf$3) refers to printf3.o(i._printf_core) for _printf_core
    printf3.o(i.__0vsnprintf$3) refers to printf3.o(i._snputc) for _snputc
    printf3.o(i.__0vsprintf$3) refers to printf3.o(i._printf_core) for _printf_core
    printf3.o(i.__0vsprintf$3) refers to printf3.o(i._sputc) for _sputc
    printf3.o(i._printf_core) refers to uidiv.o(.text) for __aeabi_uidivmod
    printf4.o(i.__0fprintf$4) refers to printf4.o(i._printf_core) for _printf_core
    printf4.o(i.__0fprintf$4) refers to uart.o(.text) for fputc
    printf4.o(i.__0printf$4) refers to printf4.o(i._printf_core) for _printf_core
    printf4.o(i.__0printf$4) refers to uart.o(.text) for fputc
    printf4.o(i.__0printf$4) refers to stdout.o(.data) for __stdout
    printf4.o(i.__0snprintf$4) refers to printf4.o(i._printf_core) for _printf_core
    printf4.o(i.__0snprintf$4) refers to printf4.o(i._snputc) for _snputc
    printf4.o(i.__0sprintf$4) refers to printf4.o(i._printf_core) for _printf_core
    printf4.o(i.__0sprintf$4) refers to printf4.o(i._sputc) for _sputc
    printf4.o(i.__0vfprintf$4) refers to printf4.o(i._printf_core) for _printf_core
    printf4.o(i.__0vfprintf$4) refers to uart.o(.text) for fputc
    printf4.o(i.__0vprintf$4) refers to printf4.o(i._printf_core) for _printf_core
    printf4.o(i.__0vprintf$4) refers to uart.o(.text) for fputc
    printf4.o(i.__0vprintf$4) refers to stdout.o(.data) for __stdout
    printf4.o(i.__0vsnprintf$4) refers to printf4.o(i._printf_core) for _printf_core
    printf4.o(i.__0vsnprintf$4) refers to printf4.o(i._snputc) for _snputc
    printf4.o(i.__0vsprintf$4) refers to printf4.o(i._printf_core) for _printf_core
    printf4.o(i.__0vsprintf$4) refers to printf4.o(i._sputc) for _sputc
    printf4.o(i._printf_core) refers to uldiv.o(.text) for __aeabi_uldivmod
    printf5.o(i.__0fprintf$5) refers to printf5.o(i._printf_core) for _printf_core
    printf5.o(i.__0fprintf$5) refers to uart.o(.text) for fputc
    printf5.o(i.__0printf$5) refers to printf5.o(i._printf_core) for _printf_core
    printf5.o(i.__0printf$5) refers to uart.o(.text) for fputc
    printf5.o(i.__0printf$5) refers to stdout.o(.data) for __stdout
    printf5.o(i.__0snprintf$5) refers to printf5.o(i._printf_core) for _printf_core
    printf5.o(i.__0snprintf$5) refers to printf5.o(i._snputc) for _snputc
    printf5.o(i.__0sprintf$5) refers to printf5.o(i._printf_core) for _printf_core
    printf5.o(i.__0sprintf$5) refers to printf5.o(i._sputc) for _sputc
    printf5.o(i.__0vfprintf$5) refers to printf5.o(i._printf_core) for _printf_core
    printf5.o(i.__0vfprintf$5) refers to uart.o(.text) for fputc
    printf5.o(i.__0vprintf$5) refers to printf5.o(i._printf_core) for _printf_core
    printf5.o(i.__0vprintf$5) refers to uart.o(.text) for fputc
    printf5.o(i.__0vprintf$5) refers to stdout.o(.data) for __stdout
    printf5.o(i.__0vsnprintf$5) refers to printf5.o(i._printf_core) for _printf_core
    printf5.o(i.__0vsnprintf$5) refers to printf5.o(i._snputc) for _snputc
    printf5.o(i.__0vsprintf$5) refers to printf5.o(i._printf_core) for _printf_core
    printf5.o(i.__0vsprintf$5) refers to printf5.o(i._sputc) for _sputc
    printf5.o(i._printf_core) refers to uldiv.o(.text) for __aeabi_uldivmod
    printf6.o(i.__0fprintf$6) refers to printf6.o(i._printf_core) for _printf_core
    printf6.o(i.__0fprintf$6) refers to uart.o(.text) for fputc
    printf6.o(i.__0printf$6) refers to printf6.o(i._printf_core) for _printf_core
    printf6.o(i.__0printf$6) refers to uart.o(.text) for fputc
    printf6.o(i.__0printf$6) refers to stdout.o(.data) for __stdout
    printf6.o(i.__0snprintf$6) refers to printf6.o(i._printf_core) for _printf_core
    printf6.o(i.__0snprintf$6) refers to printf6.o(i._snputc) for _snputc
    printf6.o(i.__0sprintf$6) refers to printf6.o(i._printf_core) for _printf_core
    printf6.o(i.__0sprintf$6) refers to printf6.o(i._sputc) for _sputc
    printf6.o(i.__0vfprintf$6) refers to printf6.o(i._printf_core) for _printf_core
    printf6.o(i.__0vfprintf$6) refers to uart.o(.text) for fputc
    printf6.o(i.__0vprintf$6) refers to printf6.o(i._printf_core) for _printf_core
    printf6.o(i.__0vprintf$6) refers to uart.o(.text) for fputc
    printf6.o(i.__0vprintf$6) refers to stdout.o(.data) for __stdout
    printf6.o(i.__0vsnprintf$6) refers to printf6.o(i._printf_core) for _printf_core
    printf6.o(i.__0vsnprintf$6) refers to printf6.o(i._snputc) for _snputc
    printf6.o(i.__0vsprintf$6) refers to printf6.o(i._printf_core) for _printf_core
    printf6.o(i.__0vsprintf$6) refers to printf6.o(i._sputc) for _sputc
    printf6.o(i._printf_core) refers to printf6.o(i._printf_pre_padding) for _printf_pre_padding
    printf6.o(i._printf_core) refers to uidiv.o(.text) for __aeabi_uidivmod
    printf6.o(i._printf_core) refers to printf6.o(i._printf_post_padding) for _printf_post_padding
    printf7.o(i.__0fprintf$7) refers to printf7.o(i._printf_core) for _printf_core
    printf7.o(i.__0fprintf$7) refers to uart.o(.text) for fputc
    printf7.o(i.__0printf$7) refers to printf7.o(i._printf_core) for _printf_core
    printf7.o(i.__0printf$7) refers to uart.o(.text) for fputc
    printf7.o(i.__0printf$7) refers to stdout.o(.data) for __stdout
    printf7.o(i.__0snprintf$7) refers to printf7.o(i._printf_core) for _printf_core
    printf7.o(i.__0snprintf$7) refers to printf7.o(i._snputc) for _snputc
    printf7.o(i.__0sprintf$7) refers to printf7.o(i._printf_core) for _printf_core
    printf7.o(i.__0sprintf$7) refers to printf7.o(i._sputc) for _sputc
    printf7.o(i.__0vfprintf$7) refers to printf7.o(i._printf_core) for _printf_core
    printf7.o(i.__0vfprintf$7) refers to uart.o(.text) for fputc
    printf7.o(i.__0vprintf$7) refers to printf7.o(i._printf_core) for _printf_core
    printf7.o(i.__0vprintf$7) refers to uart.o(.text) for fputc
    printf7.o(i.__0vprintf$7) refers to stdout.o(.data) for __stdout
    printf7.o(i.__0vsnprintf$7) refers to printf7.o(i._printf_core) for _printf_core
    printf7.o(i.__0vsnprintf$7) refers to printf7.o(i._snputc) for _snputc
    printf7.o(i.__0vsprintf$7) refers to printf7.o(i._printf_core) for _printf_core
    printf7.o(i.__0vsprintf$7) refers to printf7.o(i._sputc) for _sputc
    printf7.o(i._printf_core) refers to printf7.o(i._printf_pre_padding) for _printf_pre_padding
    printf7.o(i._printf_core) refers to uldiv.o(.text) for __aeabi_uldivmod
    printf7.o(i._printf_core) refers to printf7.o(i._printf_post_padding) for _printf_post_padding
    printf8.o(i.__0fprintf$8) refers to printf8.o(i._printf_core) for _printf_core
    printf8.o(i.__0fprintf$8) refers to uart.o(.text) for fputc
    printf8.o(i.__0printf$8) refers to printf8.o(i._printf_core) for _printf_core
    printf8.o(i.__0printf$8) refers to uart.o(.text) for fputc
    printf8.o(i.__0printf$8) refers to stdout.o(.data) for __stdout
    printf8.o(i.__0snprintf$8) refers to printf8.o(i._printf_core) for _printf_core
    printf8.o(i.__0snprintf$8) refers to printf8.o(i._snputc) for _snputc
    printf8.o(i.__0sprintf$8) refers to printf8.o(i._printf_core) for _printf_core
    printf8.o(i.__0sprintf$8) refers to printf8.o(i._sputc) for _sputc
    printf8.o(i.__0vfprintf$8) refers to printf8.o(i._printf_core) for _printf_core
    printf8.o(i.__0vfprintf$8) refers to uart.o(.text) for fputc
    printf8.o(i.__0vprintf$8) refers to printf8.o(i._printf_core) for _printf_core
    printf8.o(i.__0vprintf$8) refers to uart.o(.text) for fputc
    printf8.o(i.__0vprintf$8) refers to stdout.o(.data) for __stdout
    printf8.o(i.__0vsnprintf$8) refers to printf8.o(i._printf_core) for _printf_core
    printf8.o(i.__0vsnprintf$8) refers to printf8.o(i._snputc) for _snputc
    printf8.o(i.__0vsprintf$8) refers to printf8.o(i._printf_core) for _printf_core
    printf8.o(i.__0vsprintf$8) refers to printf8.o(i._sputc) for _sputc
    printf8.o(i._printf_core) refers to printf8.o(i._printf_pre_padding) for _printf_pre_padding
    printf8.o(i._printf_core) refers to uldiv.o(.text) for __aeabi_uldivmod
    printf8.o(i._printf_core) refers to printf8.o(i._printf_post_padding) for _printf_post_padding
    printfa.o(i.__0fprintf) refers (Special) to iusefp.o(.text) for __I$use$fp
    printfa.o(i.__0fprintf) refers to printfa.o(i._printf_core) for _printf_core
    printfa.o(i.__0fprintf) refers to uart.o(.text) for fputc
    printfa.o(i.__0printf) refers (Special) to iusefp.o(.text) for __I$use$fp
    printfa.o(i.__0printf) refers to printfa.o(i._printf_core) for _printf_core
    printfa.o(i.__0printf) refers to uart.o(.text) for fputc
    printfa.o(i.__0printf) refers to stdout.o(.data) for __stdout
    printfa.o(i.__0snprintf) refers (Special) to iusefp.o(.text) for __I$use$fp
    printfa.o(i.__0snprintf) refers to printfa.o(i._printf_core) for _printf_core
    printfa.o(i.__0snprintf) refers to printfa.o(i._snputc) for _snputc
    printfa.o(i.__0sprintf) refers (Special) to iusefp.o(.text) for __I$use$fp
    printfa.o(i.__0sprintf) refers to printfa.o(i._printf_core) for _printf_core
    printfa.o(i.__0sprintf) refers to printfa.o(i._sputc) for _sputc
    printfa.o(i.__0vfprintf) refers (Special) to iusefp.o(.text) for __I$use$fp
    printfa.o(i.__0vfprintf) refers to printfa.o(i._printf_core) for _printf_core
    printfa.o(i.__0vfprintf) refers to uart.o(.text) for fputc
    printfa.o(i.__0vprintf) refers (Special) to iusefp.o(.text) for __I$use$fp
    printfa.o(i.__0vprintf) refers to printfa.o(i._printf_core) for _printf_core
    printfa.o(i.__0vprintf) refers to uart.o(.text) for fputc
    printfa.o(i.__0vprintf) refers to stdout.o(.data) for __stdout
    printfa.o(i.__0vsnprintf) refers (Special) to iusefp.o(.text) for __I$use$fp
    printfa.o(i.__0vsnprintf) refers to printfa.o(i._printf_core) for _printf_core
    printfa.o(i.__0vsnprintf) refers to printfa.o(i._snputc) for _snputc
    printfa.o(i.__0vsprintf) refers (Special) to iusefp.o(.text) for __I$use$fp
    printfa.o(i.__0vsprintf) refers to printfa.o(i._printf_core) for _printf_core
    printfa.o(i.__0vsprintf) refers to printfa.o(i._sputc) for _sputc
    printfa.o(i._fp_digits) refers (Special) to iusefp.o(.text) for __I$use$fp
    printfa.o(i._fp_digits) refers to dmul.o(.text) for __aeabi_dmul
    printfa.o(i._fp_digits) refers to ddiv.o(.text) for __aeabi_ddiv
    printfa.o(i._fp_digits) refers to cdrcmple.o(.text) for __aeabi_cdrcmple
    printfa.o(i._fp_digits) refers to dadd.o(.text) for __aeabi_dadd
    printfa.o(i._fp_digits) refers to dfixul.o(.text) for __aeabi_d2ulz
    printfa.o(i._fp_digits) refers to uldiv.o(.text) for __aeabi_uldivmod
    printfa.o(i._printf_core) refers (Special) to iusefp.o(.text) for __I$use$fp
    printfa.o(i._printf_core) refers to printfa.o(i._printf_pre_padding) for _printf_pre_padding
    printfa.o(i._printf_core) refers to uldiv.o(.text) for __aeabi_uldivmod
    printfa.o(i._printf_core) refers to printfa.o(i._printf_post_padding) for _printf_post_padding
    printfa.o(i._printf_core) refers to printfa.o(i._fp_digits) for _fp_digits
    printfa.o(i._printf_core) refers to uidiv.o(.text) for __aeabi_uidivmod
    printfa.o(i._printf_post_padding) refers (Special) to iusefp.o(.text) for __I$use$fp
    printfa.o(i._printf_pre_padding) refers (Special) to iusefp.o(.text) for __I$use$fp
    printfa.o(i._snputc) refers (Special) to iusefp.o(.text) for __I$use$fp
    printfa.o(i._sputc) refers (Special) to iusefp.o(.text) for __I$use$fp
    errno.o(i.__aeabi_errno_addr) refers to errno.o(.data) for .data
    errno.o(i.__read_errno) refers to errno.o(.data) for .data
    errno.o(i.__set_errno) refers to errno.o(.data) for .data
    entry2.o(.ARM.Collect$$$$00000001) refers to entry2.o(.ARM.Collect$$$$00002712) for __lit__00000000
    entry2.o(.ARM.Collect$$$$00002712) refers to startup_tm4c123.o(STACK) for __initial_sp
    entry2.o(__vectab_stack_and_reset_area) refers to startup_tm4c123.o(STACK) for __initial_sp
    entry2.o(__vectab_stack_and_reset_area) refers to entry.o(.ARM.Collect$$$$00000000) for __main
    entry5.o(.ARM.Collect$$$$00000004) refers to init.o(.text) for __scatterload
    entry9a.o(.ARM.Collect$$$$0000000B) refers to main.o(.text) for main
    entry9b.o(.ARM.Collect$$$$0000000C) refers to main.o(.text) for main
    uldiv.o(.text) refers to llushr.o(.text) for __aeabi_llsr
    uldiv.o(.text) refers to llshl.o(.text) for __aeabi_llsl
    dadd.o(.text) refers to llshl.o(.text) for __aeabi_llsl
    dadd.o(.text) refers to llsshr.o(.text) for __aeabi_lasr
    dadd.o(.text) refers to depilogue.o(.text) for _double_epilogue
    dmul.o(.text) refers to depilogue.o(.text) for _double_epilogue
    ddiv.o(.text) refers to depilogue.o(.text) for _double_round
    dfixul.o(.text) refers to llushr.o(.text) for __aeabi_llsr
    dfixul.o(.text) refers to llshl.o(.text) for __aeabi_llsl
    init.o(.text) refers to entry5.o(.ARM.Collect$$$$00000004) for __main_after_scatterload
    depilogue.o(.text) refers to llshl.o(.text) for __aeabi_llsl
    depilogue.o(.text) refers to llushr.o(.text) for __aeabi_llsr


==============================================================================

Removing Unused input sections from the image.

    Removing main.o(.rev16_text), (4 bytes).
    Removing main.o(.revsh_text), (4 bytes).
    Removing main.o(.rrx_text), (6 bytes).
    Removing adc.o(.rev16_text), (4 bytes).
    Removing adc.o(.revsh_text), (4 bytes).
    Removing adc.o(.rrx_text), (6 bytes).
    Removing gpioport.o(.rev16_text), (4 bytes).
    Removing gpioport.o(.revsh_text), (4 bytes).
    Removing gpioport.o(.rrx_text), (6 bytes).
    Removing interrupts.o(.rev16_text), (4 bytes).
    Removing interrupts.o(.revsh_text), (4 bytes).
    Removing interrupts.o(.rrx_text), (6 bytes).
    Removing spi.o(.rev16_text), (4 bytes).
    Removing spi.o(.revsh_text), (4 bytes).
    Removing spi.o(.rrx_text), (6 bytes).
    Removing uart.o(.rev16_text), (4 bytes).
    Removing uart.o(.revsh_text), (4 bytes).
    Removing uart.o(.rrx_text), (6 bytes).
    Removing watchdog.o(.rev16_text), (4 bytes).
    Removing watchdog.o(.revsh_text), (4 bytes).
    Removing watchdog.o(.rrx_text), (6 bytes).
    Removing watchdog.o(.text), (124 bytes).
    Removing wireless.o(.rev16_text), (4 bytes).
    Removing wireless.o(.revsh_text), (4 bytes).
    Removing wireless.o(.rrx_text), (6 bytes).
    Removing wireless.o(.text), (1236 bytes).
    Removing wireless.o(.bss), (24 bytes).
    Removing boardutil.o(.rev16_text), (4 bytes).
    Removing boardutil.o(.revsh_text), (4 bytes).
    Removing boardutil.o(.rrx_text), (6 bytes).
    Removing startup_tm4c123.o(HEAP), (0 bytes).
    Removing system_tm4c123.o(.rev16_text), (4 bytes).
    Removing system_tm4c123.o(.revsh_text), (4 bytes).
    Removing system_tm4c123.o(.rrx_text), (6 bytes).
    Removing eadogs102w.o(.rev16_text), (4 bytes).
    Removing eadogs102w.o(.revsh_text), (4 bytes).
    Removing dadd.o(.text), (334 bytes).
    Removing dmul.o(.text), (228 bytes).
    Removing ddiv.o(.text), (222 bytes).
    Removing dfixul.o(.text), (48 bytes).
    Removing cdrcmple.o(.text), (48 bytes).
    Removing depilogue.o(.text), (186 bytes).

42 unused section(s) (total 2598 bytes) removed from the image.

==============================================================================

Image Symbol Table

    Local Symbols

    Symbol Name                              Value     Ov Type        Size  Object(Section)

    RESET                                    0x00000000   Section      620  startup_tm4c123.o(RESET)
    ../clib/microlib/division.c              0x00000000   Number         0  uldiv.o ABSOLUTE
    ../clib/microlib/division.c              0x00000000   Number         0  uidiv.o ABSOLUTE
    ../clib/microlib/errno.c                 0x00000000   Number         0  errno.o ABSOLUTE
    ../clib/microlib/init/entry.s            0x00000000   Number         0  entry11b.o ABSOLUTE
    ../clib/microlib/init/entry.s            0x00000000   Number         0  entry10b.o ABSOLUTE
    ../clib/microlib/init/entry.s            0x00000000   Number         0  entry10a.o ABSOLUTE
    ../clib/microlib/init/entry.s            0x00000000   Number         0  entry11a.o ABSOLUTE
    ../clib/microlib/init/entry.s            0x00000000   Number         0  entry9b.o ABSOLUTE
    ../clib/microlib/init/entry.s            0x00000000   Number         0  entry9a.o ABSOLUTE
    ../clib/microlib/init/entry.s            0x00000000   Number         0  entry8b.o ABSOLUTE
    ../clib/microlib/init/entry.s            0x00000000   Number         0  entry8a.o ABSOLUTE
    ../clib/microlib/init/entry.s            0x00000000   Number         0  entry.o ABSOLUTE
    ../clib/microlib/init/entry.s            0x00000000   Number         0  entry7b.o ABSOLUTE
    ../clib/microlib/init/entry.s            0x00000000   Number         0  entry2.o ABSOLUTE
    ../clib/microlib/init/entry.s            0x00000000   Number         0  entry5.o ABSOLUTE
    ../clib/microlib/init/entry.s            0x00000000   Number         0  entry7a.o ABSOLUTE
    ../clib/microlib/longlong.c              0x00000000   Number         0  llsshr.o ABSOLUTE
    ../clib/microlib/longlong.c              0x00000000   Number         0  llushr.o ABSOLUTE
    ../clib/microlib/longlong.c              0x00000000   Number         0  llshl.o ABSOLUTE
    ../clib/microlib/printf/printf.c         0x00000000   Number         0  printf7.o ABSOLUTE
    ../clib/microlib/printf/printf.c         0x00000000   Number         0  printfb.o ABSOLUTE
    ../clib/microlib/printf/printf.c         0x00000000   Number         0  printf6.o ABSOLUTE
    ../clib/microlib/printf/printf.c         0x00000000   Number         0  printf5.o ABSOLUTE
    ../clib/microlib/printf/printf.c         0x00000000   Number         0  printf4.o ABSOLUTE
    ../clib/microlib/printf/printf.c         0x00000000   Number         0  printf3.o ABSOLUTE
    ../clib/microlib/printf/printf.c         0x00000000   Number         0  printf1.o ABSOLUTE
    ../clib/microlib/printf/printf.c         0x00000000   Number         0  printf0.o ABSOLUTE
    ../clib/microlib/printf/printf.c         0x00000000   Number         0  printf2.o ABSOLUTE
    ../clib/microlib/printf/printf.c         0x00000000   Number         0  printfa.o ABSOLUTE
    ../clib/microlib/printf/printf.c         0x00000000   Number         0  printf8.o ABSOLUTE
    ../clib/microlib/stdio/streams.c         0x00000000   Number         0  stdin.o ABSOLUTE
    ../clib/microlib/stdio/streams.c         0x00000000   Number         0  stdout.o ABSOLUTE
    ../clib/microlib/stubs.s                 0x00000000   Number         0  iusefp.o ABSOLUTE
    ../fplib/microlib/fpadd.c                0x00000000   Number         0  dadd.o ABSOLUTE
    ../fplib/microlib/fpdiv.c                0x00000000   Number         0  ddiv.o ABSOLUTE
    ../fplib/microlib/fpepilogue.c           0x00000000   Number         0  depilogue.o ABSOLUTE
    ../fplib/microlib/fpfix.c                0x00000000   Number         0  dfixul.o ABSOLUTE
    ../fplib/microlib/fpmul.c                0x00000000   Number         0  dmul.o ABSOLUTE
    ..\..\..\..\staff_code\drivers\eadogs102w.c 0x00000000   Number         0  eadogs102w.o ABSOLUTE
    ..\\..\\..\\..\\staff_code\\drivers\\eadogs102w.c 0x00000000   Number         0  eadogs102w.o ABSOLUTE
    RTE\Device\TM4C123GH6PM\startup_TM4C123.s 0x00000000   Number         0  startup_tm4c123.o ABSOLUTE
    RTE\Device\TM4C123GH6PM\system_TM4C123.c 0x00000000   Number         0  system_tm4c123.o ABSOLUTE
    RTE\\Device\\TM4C123GH6PM\\system_TM4C123.c 0x00000000   Number         0  system_tm4c123.o ABSOLUTE
    adc.c                                    0x00000000   Number         0  adc.o ABSOLUTE
    adc.c                                    0x00000000   Number         0  adc.o ABSOLUTE
    boardUtil.c                              0x00000000   Number         0  boardutil.o ABSOLUTE
    boardUtil.c                              0x00000000   Number         0  boardutil.o ABSOLUTE
    cdrcmple.s                               0x00000000   Number         0  cdrcmple.o ABSOLUTE
    dc.s                                     0x00000000   Number         0  dc.o ABSOLUTE
    fonts.c                                  0x00000000   Number         0  fonts.o ABSOLUTE
    gpioPort.c                               0x00000000   Number         0  gpioport.o ABSOLUTE
    gpioPort.c                               0x00000000   Number         0  gpioport.o ABSOLUTE
    handlers.s                               0x00000000   Number         0  handlers.o ABSOLUTE
    init.s                                   0x00000000   Number         0  init.o ABSOLUTE
    interrupts.c                             0x00000000   Number         0  interrupts.o ABSOLUTE
    interrupts.c                             0x00000000   Number         0  interrupts.o ABSOLUTE
    main.c                                   0x00000000   Number         0  main.o ABSOLUTE
    main.c                                   0x00000000   Number         0  main.o ABSOLUTE
    pc_buffer.c                              0x00000000   Number         0  pc_buffer.o ABSOLUTE
    spi.c                                    0x00000000   Number         0  spi.o ABSOLUTE
    spi.c                                    0x00000000   Number         0  spi.o ABSOLUTE
    uart.c                                   0x00000000   Number         0  uart.o ABSOLUTE
    uart.c                                   0x00000000   Number         0  uart.o ABSOLUTE
    watchdog.c                               0x00000000   Number         0  watchdog.o ABSOLUTE
    watchdog.c                               0x00000000   Number         0  watchdog.o ABSOLUTE
    wireless.c                               0x00000000   Number         0  wireless.o ABSOLUTE
    wireless.c                               0x00000000   Number         0  wireless.o ABSOLUTE
    .ARM.Collect$$$$00000000                 0x0000026c   Section        0  entry.o(.ARM.Collect$$$$00000000)
    .ARM.Collect$$$$00000001                 0x0000026c   Section        4  entry2.o(.ARM.Collect$$$$00000001)
    .ARM.Collect$$$$00000004                 0x00000270   Section        4  entry5.o(.ARM.Collect$$$$00000004)
    .ARM.Collect$$$$00000008                 0x00000274   Section        0  entry7b.o(.ARM.Collect$$$$00000008)
    .ARM.Collect$$$$0000000A                 0x00000274   Section        0  entry8b.o(.ARM.Collect$$$$0000000A)
    .ARM.Collect$$$$0000000B                 0x00000274   Section        8  entry9a.o(.ARM.Collect$$$$0000000B)
    .ARM.Collect$$$$0000000D                 0x0000027c   Section        0  entry10a.o(.ARM.Collect$$$$0000000D)
    .ARM.Collect$$$$0000000F                 0x0000027c   Section        0  entry11a.o(.ARM.Collect$$$$0000000F)
    .ARM.Collect$$$$00002712                 0x0000027c   Section        4  entry2.o(.ARM.Collect$$$$00002712)
    __lit__00000000                          0x0000027c   Data           4  entry2.o(.ARM.Collect$$$$00002712)
    .text                                    0x00000280   Section        0  main.o(.text)
    button_debounce                          0x00000281   Thumb Code    20  main.o(.text)
    .text                                    0x000004c4   Section        0  adc.o(.text)
    .text                                    0x000005a4   Section        0  gpioport.o(.text)
    verifyBaseAddr                           0x000005a5   Thumb Code    64  gpioport.o(.text)
    .text                                    0x000007ac   Section        0  interrupts.o(.text)
    .text                                    0x00000884   Section        0  pc_buffer.o(.text)
    .text                                    0x000008f0   Section        0  spi.o(.text)
    .text                                    0x00000a7c   Section        0  uart.o(.text)
    .text                                    0x00000c08   Section        0  boardutil.o(.text)
    .text                                    0x00000cd0   Section      252  startup_tm4c123.o(.text)
    $v0                                      0x00000cd0   Number         0  startup_tm4c123.o(.text)
    .text                                    0x00000dcc   Section        0  system_tm4c123.o(.text)
    getOscClk                                0x00000dcd   Thumb Code   182  system_tm4c123.o(.text)
    .text                                    0x0000101c   Section        0  eadogs102w.o(.text)
    .text                                    0x000013c0   Section       36  init.o(.text)
    i.__0printf$bare                         0x000013e4   Section        0  printfb.o(i.__0printf$bare)
    i.__aeabi_errno_addr                     0x000013f4   Section        0  errno.o(i.__aeabi_errno_addr)
    i.__scatterload_copy                     0x000013fc   Section       14  handlers.o(i.__scatterload_copy)
    i.__scatterload_null                     0x0000140a   Section        2  handlers.o(i.__scatterload_null)
    i.__scatterload_zeroinit                 0x0000140c   Section       14  handlers.o(i.__scatterload_zeroinit)
    i._printf_core                           0x0000141a   Section        0  printfb.o(i._printf_core)
    _printf_core                             0x0000141b   Thumb Code    34  printfb.o(i._printf_core)
    .constdata                               0x0000143c   Section     3101  fonts.o(.constdata)
    .data                                    0x20000000   Section       16  main.o(.data)
    .data                                    0x20000010   Section        4  system_tm4c123.o(.data)
    .data                                    0x20000014   Section        4  stdin.o(.data)
    .data                                    0x20000018   Section        4  stdout.o(.data)
    .data                                    0x2000001c   Section        4  errno.o(.data)
    _errno                                   0x2000001c   Data           4  errno.o(.data)
    .bss                                     0x20000020   Section      192  uart.o(.bss)
    .bss                                     0x200000e0   Section       20  eadogs102w.o(.bss)
    lcdConfig                                0x200000e0   Data          20  eadogs102w.o(.bss)
    STACK                                    0x200000f8   Section     4096  startup_tm4c123.o(STACK)

    Global Symbols

    Symbol Name                              Value     Ov Type        Size  Object(Section)

    BuildAttributes$$THM_ISAv4$E$P$D$K$B$S$7EM$VFPi3$EXTD16$VFPS$VFMA$PE$A:L22UL41UL21$X:L11$S22US41US21$IEEE1$IW$USESV6$~STKCKD$USESV7$~SHL$OSPACE$ROPI$EBA8$MICROLIB$REQ8$PRES8$EABIv2 0x00000000   Number         0  anon$$obj.o ABSOLUTE
    __ARM_use_no_argv                        0x00000000   Number         0  main.o ABSOLUTE
    __Vectors                                0x00000000   Data           4  startup_tm4c123.o(RESET)
    __cpp_initialize__aeabi_                  - Undefined Weak Reference
    __cxa_finalize                            - Undefined Weak Reference
    __decompress                              - Undefined Weak Reference
    _clock_init                               - Undefined Weak Reference
    _microlib_exit                            - Undefined Weak Reference
    __Vectors_End                            0x0000026c   Data           0  startup_tm4c123.o(RESET)
    __Vectors_Size                           0x0000026c   Number         0  startup_tm4c123.o ABSOLUTE
    __main                                   0x0000026d   Thumb Code     0  entry.o(.ARM.Collect$$$$00000000)
    _main_stk                                0x0000026d   Thumb Code     0  entry2.o(.ARM.Collect$$$$00000001)
    _main_scatterload                        0x00000271   Thumb Code     0  entry5.o(.ARM.Collect$$$$00000004)
    __main_after_scatterload                 0x00000275   Thumb Code     0  entry5.o(.ARM.Collect$$$$00000004)
    _main_clock                              0x00000275   Thumb Code     0  entry7b.o(.ARM.Collect$$$$00000008)
    _main_cpp_init                           0x00000275   Thumb Code     0  entry8b.o(.ARM.Collect$$$$0000000A)
    _main_init                               0x00000275   Thumb Code     0  entry9a.o(.ARM.Collect$$$$0000000B)
    __rt_final_cpp                           0x0000027d   Thumb Code     0  entry10a.o(.ARM.Collect$$$$0000000D)
    __rt_final_exit                          0x0000027d   Thumb Code     0  entry11a.o(.ARM.Collect$$$$0000000F)
    gpio_init                                0x00000295   Thumb Code   196  main.o(.text)
    test_lcd                                 0x00000359   Thumb Code   116  main.o(.text)
    main                                     0x000003cd   Thumb Code   118  main.o(.text)
    initializeADC                            0x000004c5   Thumb Code   148  adc.o(.text)
    getADCValue                              0x00000559   Thumb Code    58  adc.o(.text)
    gpio_enable_port                         0x000005e5   Thumb Code   156  gpioport.o(.text)
    gpio_config_digital_enable               0x00000681   Thumb Code    34  gpioport.o(.text)
    gpio_config_enable_output                0x000006a3   Thumb Code    34  gpioport.o(.text)
    gpio_config_enable_input                 0x000006c5   Thumb Code    34  gpioport.o(.text)
    gpio_config_enable_pullup                0x000006e7   Thumb Code    34  gpioport.o(.text)
    gpio_config_enable_pulldown              0x00000709   Thumb Code    34  gpioport.o(.text)
    gpio_config_analog_enable                0x0000072b   Thumb Code    34  gpioport.o(.text)
    gpio_config_alternate_function           0x0000074d   Thumb Code    34  gpioport.o(.text)
    gpio_config_port_control                 0x0000076f   Thumb Code    28  gpioport.o(.text)
    SysTick_Handler                          0x000007ad   Thumb Code    14  interrupts.o(.text)
    UART0_Handler                            0x000007bb   Thumb Code   148  interrupts.o(.text)
    ADC0SS3_Handler                          0x0000084f   Thumb Code    26  interrupts.o(.text)
    pc_buffer_init                           0x00000885   Thumb Code    12  pc_buffer.o(.text)
    pc_buffer_add                            0x00000891   Thumb Code    26  pc_buffer.o(.text)
    pc_buffer_remove                         0x000008ab   Thumb Code    28  pc_buffer.o(.text)
    pc_buffer_empty                          0x000008c7   Thumb Code    18  pc_buffer.o(.text)
    pc_buffer_full                           0x000008d9   Thumb Code    22  pc_buffer.o(.text)
    spiVerifyBaseAddr                        0x000008f1   Thumb Code    34  spi.o(.text)
    initialize_spi                           0x00000913   Thumb Code   244  spi.o(.text)
    spiTx                                    0x00000a07   Thumb Code    94  spi.o(.text)
    uart0_init_115K                          0x00000a7d   Thumb Code   146  uart.o(.text)
    uartRx                                   0x00000b0f   Thumb Code    44  uart.o(.text)
    uartTx                                   0x00000b3b   Thumb Code    70  uart.o(.text)
    fputc                                    0x00000b81   Thumb Code    44  uart.o(.text)
    fgetc                                    0x00000bad   Thumb Code    48  uart.o(.text)
    DisableInterrupts                        0x00000c09   Thumb Code     4  boardutil.o(.text)
    EnableInterrupts                         0x00000c0d   Thumb Code     4  boardutil.o(.text)
    uart0_config_gpio                        0x00000c11   Thumb Code    42  boardutil.o(.text)
    serialDebugInit                          0x00000c3b   Thumb Code    12  boardutil.o(.text)
    pushButtonInit                           0x00000c47   Thumb Code    64  boardutil.o(.text)
    joyStickInit                             0x00000c87   Thumb Code    34  boardutil.o(.text)
    lcdInit                                  0x00000ca9   Thumb Code    22  boardutil.o(.text)
    Reset_Handler                            0x00000cd1   Thumb Code     8  startup_tm4c123.o(.text)
    NMI_Handler                              0x00000cd9   Thumb Code     2  startup_tm4c123.o(.text)
    HardFault_Handler                        0x00000cdb   Thumb Code     2  startup_tm4c123.o(.text)
    MemManage_Handler                        0x00000cdd   Thumb Code     2  startup_tm4c123.o(.text)
    BusFault_Handler                         0x00000cdf   Thumb Code     2  startup_tm4c123.o(.text)
    UsageFault_Handler                       0x00000ce1   Thumb Code     2  startup_tm4c123.o(.text)
    SVC_Handler                              0x00000ce3   Thumb Code     2  startup_tm4c123.o(.text)
    DebugMon_Handler                         0x00000ce5   Thumb Code     2  startup_tm4c123.o(.text)
    PendSV_Handler                           0x00000ce7   Thumb Code     2  startup_tm4c123.o(.text)
    GPIOA_Handler                            0x00000ceb   Thumb Code     2  startup_tm4c123.o(.text)
    GPIOB_Handler                            0x00000ced   Thumb Code     2  startup_tm4c123.o(.text)
    GPIOC_Handler                            0x00000cef   Thumb Code     2  startup_tm4c123.o(.text)
    GPIOD_Handler                            0x00000cf1   Thumb Code     2  startup_tm4c123.o(.text)
    GPIOE_Handler                            0x00000cf3   Thumb Code     2  startup_tm4c123.o(.text)
    UART1_Handler                            0x00000cf7   Thumb Code     2  startup_tm4c123.o(.text)
    SSI0_Handler                             0x00000cf9   Thumb Code     2  startup_tm4c123.o(.text)
    I2C0_Handler                             0x00000cfb   Thumb Code     2  startup_tm4c123.o(.text)
    PMW0_FAULT_Handler                       0x00000cfd   Thumb Code     2  startup_tm4c123.o(.text)
    PWM0_0_Handler                           0x00000cff   Thumb Code     2  startup_tm4c123.o(.text)
    PWM0_1_Handler                           0x00000d01   Thumb Code     2  startup_tm4c123.o(.text)
    PWM0_2_Handler                           0x00000d03   Thumb Code     2  startup_tm4c123.o(.text)
    QEI0_Handler                             0x00000d05   Thumb Code     2  startup_tm4c123.o(.text)
    ADC0SS0_Handler                          0x00000d07   Thumb Code     2  startup_tm4c123.o(.text)
    ADC0SS1_Handler                          0x00000d09   Thumb Code     2  startup_tm4c123.o(.text)
    ADC0SS2_Handler                          0x00000d0b   Thumb Code     2  startup_tm4c123.o(.text)
    WDT0_Handler                             0x00000d0f   Thumb Code     2  startup_tm4c123.o(.text)
    TIMER0A_Handler                          0x00000d11   Thumb Code     2  startup_tm4c123.o(.text)
    TIMER0B_Handler                          0x00000d13   Thumb Code     2  startup_tm4c123.o(.text)
    TIMER1A_Handler                          0x00000d15   Thumb Code     2  startup_tm4c123.o(.text)
    TIMER1B_Handler                          0x00000d17   Thumb Code     2  startup_tm4c123.o(.text)
    TIMER2A_Handler                          0x00000d19   Thumb Code     2  startup_tm4c123.o(.text)
    TIMER2B_Handler                          0x00000d1b   Thumb Code     2  startup_tm4c123.o(.text)
    COMP0_Handler                            0x00000d1d   Thumb Code     2  startup_tm4c123.o(.text)
    COMP1_Handler                            0x00000d1f   Thumb Code     2  startup_tm4c123.o(.text)
    COMP2_Handler                            0x00000d21   Thumb Code     2  startup_tm4c123.o(.text)
    SYSCTL_Handler                           0x00000d23   Thumb Code     2  startup_tm4c123.o(.text)
    FLASH_Handler                            0x00000d25   Thumb Code     2  startup_tm4c123.o(.text)
    GPIOF_Handler                            0x00000d27   Thumb Code     2  startup_tm4c123.o(.text)
    GPIOG_Handler                            0x00000d29   Thumb Code     2  startup_tm4c123.o(.text)
    GPIOH_Handler                            0x00000d2b   Thumb Code     2  startup_tm4c123.o(.text)
    UART2_Handler                            0x00000d2d   Thumb Code     2  startup_tm4c123.o(.text)
    SSI1_Handler                             0x00000d2f   Thumb Code     2  startup_tm4c123.o(.text)
    TIMER3A_Handler                          0x00000d31   Thumb Code     2  startup_tm4c123.o(.text)
    TIMER3B_Handler                          0x00000d33   Thumb Code     2  startup_tm4c123.o(.text)
    I2C1_Handler                             0x00000d35   Thumb Code     2  startup_tm4c123.o(.text)
    QEI1_Handler                             0x00000d37   Thumb Code     2  startup_tm4c123.o(.text)
    CAN0_Handler                             0x00000d39   Thumb Code     2  startup_tm4c123.o(.text)
    CAN1_Handler                             0x00000d3b   Thumb Code     2  startup_tm4c123.o(.text)
    CAN2_Handler                             0x00000d3d   Thumb Code     2  startup_tm4c123.o(.text)
    HIB_Handler                              0x00000d3f   Thumb Code     2  startup_tm4c123.o(.text)
    USB0_Handler                             0x00000d41   Thumb Code     2  startup_tm4c123.o(.text)
    PWM0_3_Handler                           0x00000d43   Thumb Code     2  startup_tm4c123.o(.text)
    UDMA_Handler                             0x00000d45   Thumb Code     2  startup_tm4c123.o(.text)
    UDMAERR_Handler                          0x00000d47   Thumb Code     2  startup_tm4c123.o(.text)
    ADC1SS0_Handler                          0x00000d49   Thumb Code     2  startup_tm4c123.o(.text)
    ADC1SS1_Handler                          0x00000d4b   Thumb Code     2  startup_tm4c123.o(.text)
    ADC1SS2_Handler                          0x00000d4d   Thumb Code     2  startup_tm4c123.o(.text)
    ADC1SS3_Handler                          0x00000d4f   Thumb Code     2  startup_tm4c123.o(.text)
    GPIOJ_Handler                            0x00000d51   Thumb Code     2  startup_tm4c123.o(.text)
    GPIOK_Handler                            0x00000d53   Thumb Code     2  startup_tm4c123.o(.text)
    GPIOL_Handler                            0x00000d55   Thumb Code     2  startup_tm4c123.o(.text)
    SSI2_Handler                             0x00000d57   Thumb Code     2  startup_tm4c123.o(.text)
    SSI3_Handler                             0x00000d59   Thumb Code     2  startup_tm4c123.o(.text)
    UART3_Handler                            0x00000d5b   Thumb Code     2  startup_tm4c123.o(.text)
    UART4_Handler                            0x00000d5d   Thumb Code     2  startup_tm4c123.o(.text)
    UART5_Handler                            0x00000d5f   Thumb Code     2  startup_tm4c123.o(.text)
    UART6_Handler                            0x00000d61   Thumb Code     2  startup_tm4c123.o(.text)
    UART7_Handler                            0x00000d63   Thumb Code     2  startup_tm4c123.o(.text)
    I2C2_Handler                             0x00000d65   Thumb Code     2  startup_tm4c123.o(.text)
    I2C3_Handler                             0x00000d67   Thumb Code     2  startup_tm4c123.o(.text)
    TIMER4A_Handler                          0x00000d69   Thumb Code     2  startup_tm4c123.o(.text)
    TIMER4B_Handler                          0x00000d6b   Thumb Code     2  startup_tm4c123.o(.text)
    TIMER5A_Handler                          0x00000d6d   Thumb Code     2  startup_tm4c123.o(.text)
    TIMER5B_Handler                          0x00000d6f   Thumb Code     2  startup_tm4c123.o(.text)
    WTIMER0A_Handler                         0x00000d71   Thumb Code     2  startup_tm4c123.o(.text)
    WTIMER0B_Handler                         0x00000d73   Thumb Code     2  startup_tm4c123.o(.text)
    WTIMER1A_Handler                         0x00000d75   Thumb Code     2  startup_tm4c123.o(.text)
    WTIMER1B_Handler                         0x00000d77   Thumb Code     2  startup_tm4c123.o(.text)
    WTIMER2A_Handler                         0x00000d79   Thumb Code     2  startup_tm4c123.o(.text)
    WTIMER2B_Handler                         0x00000d7b   Thumb Code     2  startup_tm4c123.o(.text)
    WTIMER3A_Handler                         0x00000d7d   Thumb Code     2  startup_tm4c123.o(.text)
    WTIMER3B_Handler                         0x00000d7f   Thumb Code     2  startup_tm4c123.o(.text)
    WTIMER4A_Handler                         0x00000d81   Thumb Code     2  startup_tm4c123.o(.text)
    WTIMER4B_Handler                         0x00000d83   Thumb Code     2  startup_tm4c123.o(.text)
    WTIMER5A_Handler                         0x00000d85   Thumb Code     2  startup_tm4c123.o(.text)
    WTIMER5B_Handler                         0x00000d87   Thumb Code     2  startup_tm4c123.o(.text)
    FPU_Handler                              0x00000d89   Thumb Code     2  startup_tm4c123.o(.text)
    I2C4_Handler                             0x00000d8b   Thumb Code     2  startup_tm4c123.o(.text)
    I2C5_Handler                             0x00000d8d   Thumb Code     2  startup_tm4c123.o(.text)
    GPIOM_Handler                            0x00000d8f   Thumb Code     2  startup_tm4c123.o(.text)
    GPION_Handler                            0x00000d91   Thumb Code     2  startup_tm4c123.o(.text)
    QEI2_Handler                             0x00000d93   Thumb Code     2  startup_tm4c123.o(.text)
    GPIOP0_Handler                           0x00000d95   Thumb Code     2  startup_tm4c123.o(.text)
    GPIOP1_Handler                           0x00000d97   Thumb Code     2  startup_tm4c123.o(.text)
    GPIOP2_Handler                           0x00000d99   Thumb Code     2  startup_tm4c123.o(.text)
    GPIOP3_Handler                           0x00000d9b   Thumb Code     2  startup_tm4c123.o(.text)
    GPIOP4_Handler                           0x00000d9d   Thumb Code     2  startup_tm4c123.o(.text)
    GPIOP5_Handler                           0x00000d9f   Thumb Code     2  startup_tm4c123.o(.text)
    GPIOP6_Handler                           0x00000da1   Thumb Code     2  startup_tm4c123.o(.text)
    GPIOP7_Handler                           0x00000da3   Thumb Code     2  startup_tm4c123.o(.text)
    GPIOQ0_Handler                           0x00000da5   Thumb Code     2  startup_tm4c123.o(.text)
    GPIOQ1_Handler                           0x00000da7   Thumb Code     2  startup_tm4c123.o(.text)
    GPIOQ2_Handler                           0x00000da9   Thumb Code     2  startup_tm4c123.o(.text)
    GPIOQ3_Handler                           0x00000dab   Thumb Code     2  startup_tm4c123.o(.text)
    GPIOQ4_Handler                           0x00000dad   Thumb Code     2  startup_tm4c123.o(.text)
    GPIOQ5_Handler                           0x00000daf   Thumb Code     2  startup_tm4c123.o(.text)
    GPIOQ6_Handler                           0x00000db1   Thumb Code     2  startup_tm4c123.o(.text)
    GPIOQ7_Handler                           0x00000db3   Thumb Code     2  startup_tm4c123.o(.text)
    GPIOR_Handler                            0x00000db5   Thumb Code     2  startup_tm4c123.o(.text)
    GPIOS_Handler                            0x00000db7   Thumb Code     2  startup_tm4c123.o(.text)
    PMW1_0_Handler                           0x00000db9   Thumb Code     2  startup_tm4c123.o(.text)
    PWM1_1_Handler                           0x00000dbb   Thumb Code     2  startup_tm4c123.o(.text)
    PWM1_2_Handler                           0x00000dbd   Thumb Code     2  startup_tm4c123.o(.text)
    PWM1_3_Handler                           0x00000dbf   Thumb Code     2  startup_tm4c123.o(.text)
    PWM1_FAULT_Handler                       0x00000dc1   Thumb Code     2  startup_tm4c123.o(.text)
    SystemCoreClockUpdate                    0x00000e83   Thumb Code   184  system_tm4c123.o(.text)
    SystemInit                               0x00000f3b   Thumb Code   112  system_tm4c123.o(.text)
    lcd_set_pin_config                       0x0000101d   Thumb Code    18  eadogs102w.o(.text)
    lcd_initialize                           0x0000102f   Thumb Code   310  eadogs102w.o(.text)
    lcd_set_page                             0x00001165   Thumb Code    76  eadogs102w.o(.text)
    lcd_set_column                           0x000011b1   Thumb Code    98  eadogs102w.o(.text)
    lcd_write_data                           0x00001213   Thumb Code    56  eadogs102w.o(.text)
    lcd_write_char_8pts                      0x0000124b   Thumb Code    80  eadogs102w.o(.text)
    lcd_write_char_10pts                     0x0000129b   Thumb Code   192  eadogs102w.o(.text)
    lcd_clear                                0x0000135b   Thumb Code    46  eadogs102w.o(.text)
    lcd_write_string_10pts                   0x00001389   Thumb Code    42  eadogs102w.o(.text)
    __scatterload                            0x000013c1   Thumb Code    28  init.o(.text)
    __scatterload_rt2                        0x000013c1   Thumb Code     0  init.o(.text)
    __0printf$bare                           0x000013e5   Thumb Code     8  printfb.o(i.__0printf$bare)
    __1printf$bare                           0x000013e5   Thumb Code     0  printfb.o(i.__0printf$bare)
    __2printf                                0x000013e5   Thumb Code     0  printfb.o(i.__0printf$bare)
    __aeabi_errno_addr                       0x000013f5   Thumb Code     4  errno.o(i.__aeabi_errno_addr)
    __rt_errno_addr                          0x000013f5   Thumb Code     0  errno.o(i.__aeabi_errno_addr)
    __scatterload_copy                       0x000013fd   Thumb Code    14  handlers.o(i.__scatterload_copy)
    __scatterload_null                       0x0000140b   Thumb Code     2  handlers.o(i.__scatterload_null)
    __scatterload_zeroinit                   0x0000140d   Thumb Code    14  handlers.o(i.__scatterload_zeroinit)
    arialNarrow_8ptBitmaps                   0x0000143c   Data          50  fonts.o(.constdata)
    courierNew_10ptBitmaps                   0x0000146e   Data        1900  fonts.o(.constdata)
    buckyBadger                              0x00001bda   Data         759  fonts.o(.constdata)
    motionW                                  0x00001ed1   Data         392  fonts.o(.constdata)
    Region$$Table$$Base                      0x0000205c   Number         0  anon$$obj.o(Region$$Table)
    Region$$Table$$Limit                     0x0000207c   Number         0  anon$$obj.o(Region$$Table)
    AlertSysTick                             0x20000000   Data           1  main.o(.data)
    stickX                                   0x20000004   Data           4  main.o(.data)
    stickY                                   0x20000008   Data           4  main.o(.data)
    ready                                    0x2000000c   Data           4  main.o(.data)
    SystemCoreClock                          0x20000010   Data           4  system_tm4c123.o(.data)
    __stdin                                  0x20000014   Data           4  stdin.o(.data)
    __stdout                                 0x20000018   Data           4  stdout.o(.data)
    UART0_Rx_Buffer                          0x20000020   Data          16  uart.o(.bss)
    UART0_Rx_Buffer_Array                    0x20000030   Data          80  uart.o(.bss)
    UART0_Tx_Buffer                          0x20000080   Data          16  uart.o(.bss)
    UART0_Tx_Buffer_Array                    0x20000090   Data          80  uart.o(.bss)
    __initial_sp                             0x200010f8   Data           0  startup_tm4c123.o(STACK)



==============================================================================

Memory Map of the image

  Image Entry point : 0x00000cd1

  Load Region LR_1 (Base: 0x00000000, Size: 0x0000209c, Max: 0xffffffff, ABSOLUTE)

    Execution Region ER_RO (Base: 0x00000000, Size: 0x0000207c, Max: 0xffffffff, ABSOLUTE)

    Base Addr    Size         Type   Attr      Idx    E Section Name        Object

    0x00000000   0x0000026c   Data   RO          367    RESET               startup_tm4c123.o
    0x0000026c   0x00000000   Code   RO          460  * .ARM.Collect$$$$00000000  mc_w.l(entry.o)
    0x0000026c   0x00000004   Code   RO          732    .ARM.Collect$$$$00000001  mc_w.l(entry2.o)
    0x00000270   0x00000004   Code   RO          735    .ARM.Collect$$$$00000004  mc_w.l(entry5.o)
    0x00000274   0x00000000   Code   RO          737    .ARM.Collect$$$$00000008  mc_w.l(entry7b.o)
    0x00000274   0x00000000   Code   RO          739    .ARM.Collect$$$$0000000A  mc_w.l(entry8b.o)
    0x00000274   0x00000008   Code   RO          740    .ARM.Collect$$$$0000000B  mc_w.l(entry9a.o)
    0x0000027c   0x00000000   Code   RO          742    .ARM.Collect$$$$0000000D  mc_w.l(entry10a.o)
    0x0000027c   0x00000000   Code   RO          744    .ARM.Collect$$$$0000000F  mc_w.l(entry11a.o)
    0x0000027c   0x00000004   Code   RO          733    .ARM.Collect$$$$00002712  mc_w.l(entry2.o)
    0x00000280   0x00000244   Code   RO            4    .text               main.o
    0x000004c4   0x000000e0   Code   RO          119    .text               adc.o
    0x000005a4   0x00000208   Code   RO          153    .text               gpioport.o
    0x000007ac   0x000000d8   Code   RO          181    .text               interrupts.o
    0x00000884   0x0000006a   Code   RO          215    .text               pc_buffer.o
    0x000008ee   0x00000002   PAD
    0x000008f0   0x0000018c   Code   RO          230    .text               spi.o
    0x00000a7c   0x0000018c   Code   RO          257    .text               uart.o
    0x00000c08   0x000000c8   Code   RO          341    .text               boardutil.o
    0x00000cd0   0x000000fc   Code   RO          368  * .text               startup_tm4c123.o
    0x00000dcc   0x00000250   Code   RO          375    .text               system_tm4c123.o
    0x0000101c   0x000003a4   Code   RO          404    .text               ece353_project.lib(eadogs102w.o)
    0x000013c0   0x00000024   Code   RO          761    .text               mc_w.l(init.o)
    0x000013e4   0x00000010   Code   RO          466    i.__0printf$bare    mc_w.l(printfb.o)
    0x000013f4   0x00000008   Code   RO          725    i.__aeabi_errno_addr  mc_w.l(errno.o)
    0x000013fc   0x0000000e   Code   RO          773    i.__scatterload_copy  mc_w.l(handlers.o)
    0x0000140a   0x00000002   Code   RO          774    i.__scatterload_null  mc_w.l(handlers.o)
    0x0000140c   0x0000000e   Code   RO          775    i.__scatterload_zeroinit  mc_w.l(handlers.o)
    0x0000141a   0x00000022   Code   RO          473    i._printf_core      mc_w.l(printfb.o)
    0x0000143c   0x00000c1d   Data   RO          104    .constdata          fonts.o
    0x00002059   0x00000003   PAD
    0x0000205c   0x00000020   Data   RO          771    Region$$Table       anon$$obj.o


    Execution Region ER_RW (Base: 0x20000000, Size: 0x00000020, Max: 0xffffffff, ABSOLUTE)

    Base Addr    Size         Type   Attr      Idx    E Section Name        Object

    0x20000000   0x00000010   Data   RW            5    .data               main.o
    0x20000010   0x00000004   Data   RW          376    .data               system_tm4c123.o
    0x20000014   0x00000004   Data   RW          463    .data               mc_w.l(stdin.o)
    0x20000018   0x00000004   Data   RW          464    .data               mc_w.l(stdout.o)
    0x2000001c   0x00000004   Data   RW          728    .data               mc_w.l(errno.o)


    Execution Region ER_ZI (Base: 0x20000020, Size: 0x000010d8, Max: 0xffffffff, ABSOLUTE)

    Base Addr    Size         Type   Attr      Idx    E Section Name        Object

    0x20000020   0x000000c0   Zero   RW          258    .bss                uart.o
    0x200000e0   0x00000014   Zero   RW          405    .bss                ece353_project.lib(eadogs102w.o)
    0x200000f4   0x00000004   PAD
    0x200000f8   0x00001000   Zero   RW          365    STACK               startup_tm4c123.o


==============================================================================

Image component sizes


      Code (inc. data)   RO Data    RW Data    ZI Data      Debug   Object Name

       224         18          0          0          0      27847   adc.o
       200         18          0          0          0       1287   boardutil.o
         0          0       3101          0          0        640   fonts.o
       520         34          0          0          0       3861   gpioport.o
       216         28          0          0          0       2071   interrupts.o
       580        130          0         16          0      56152   main.o
       106          0          0          0          0       1695   pc_buffer.o
       396         24          0          0          0       1721   spi.o
       252         10        620          0       4096       5432   startup_tm4c123.o
       592        138          0          4          0       1525   system_tm4c123.o
       396         44          0          0        192       2394   uart.o

    ----------------------------------------------------------------------
      3484        444       3756         20       4288     104625   Object Totals
         0          0         32          0          0          0   (incl. Generated)
         2          0          3          0          0          0   (incl. Padding)

    ----------------------------------------------------------------------

      Code (inc. data)   RO Data    RW Data    ZI Data      Debug   Library Member Name

       932         14          0          0         20      30213   eadogs102w.o
         0          0          0          0          0          0   entry.o
         0          0          0          0          0          0   entry10a.o
         0          0          0          0          0          0   entry11a.o
         8          4          0          0          0          0   entry2.o
         4          0          0          0          0          0   entry5.o
         0          0          0          0          0          0   entry7b.o
         0          0          0          0          0          0   entry8b.o
         8          4          0          0          0          0   entry9a.o
         8          4          0          4          0         68   errno.o
        30          0          0          0          0          0   handlers.o
        36          8          0          0          0         68   init.o
        50          8          0          0          0        152   printfb.o
         0          0          0          4          0          0   stdin.o
         0          0          0          4          0          0   stdout.o

    ----------------------------------------------------------------------
      1076         42          0         12         24      30501   Library Totals
         0          0          0          0          4          0   (incl. Padding)

    ----------------------------------------------------------------------

      Code (inc. data)   RO Data    RW Data    ZI Data      Debug   Library Name

       932         14          0          0         20      30213   ece353_project.lib
       144         28          0         12          0        288   mc_w.l

    ----------------------------------------------------------------------
      1076         42          0         12         24      30501   Library Totals

    ----------------------------------------------------------------------

==============================================================================


      Code (inc. data)   RO Data    RW Data    ZI Data      Debug   

      4560        486       3756         32       4312     134078   Grand Totals
      4560        486       3756         32       4312     134078   ELF Image Totals
      4560        486       3756         32          0          0   ROM Totals

==============================================================================

    Total RO  Size (Code + RO Data)                 8316 (   8.12kB)
    Total RW  Size (RW Data + ZI Data)              4344 (   4.24kB)
    Total ROM Size (Code + RO Data + RW Data)       8348 (   8.15kB)

==============================================================================

