Component: ARM Compiler 5.05 (build 41) Tool: armlink [4d0eb9]

==============================================================================

Section Cross References

    main.o(.text) refers to _scanf_str.o(.text) for _scanf_string
    main.o(.text) refers to printfa.o(i.__0printf) for __2printf
    main.o(.text) refers to wireless.o(.text) for wireless_get_32
    main.o(.text) refers to boardutil.o(.text) for f14_project_boardUtil
    main.o(.text) refers to eadogs102w.o(.text) for lcd_initialize
    main.o(.text) refers to timers.o(.text) for f14_timer0_Init
    main.o(.text) refers to eeprom.o(.text) for eeprom_byte_read
    main.o(.text) refers to __0scanf.o(.text) for __0scanf
    main.o(.text) refers to game.o(.text) for welcome_screen
    main.o(.text) refers to f2d.o(.text) for __aeabi_f2d
    main.o(.text) refers to graphics.o(.text) for fill_page
    main.o(.text) refers to memseta.o(.text) for __aeabi_memclr4
    interrupts.o(.text) refers to io_expander.o(.text) for ledMatrixWriteData
    interrupts.o(.text) refers to pc_buffer.o(.text) for pc_buffer_full
    interrupts.o(.text) refers to eadogs102w.o(.text) for lcd_clear
    interrupts.o(.text) refers to printfa.o(i.__0printf) for __2printf
    interrupts.o(.text) refers to wireless.o(.text) for wireless_get_32
    interrupts.o(.text) refers to memseta.o(.text) for __aeabi_memclr4
    interrupts.o(.text) refers to game.o(.data) for AlertSysTick
    interrupts.o(.text) refers to interrupts.o(.data) for init_squares
    interrupts.o(.text) refers to interrupts.o(.constdata) for Led_LUT
    interrupts.o(.text) refers to uart.o(.bss) for UART0_Rx_Buffer
    uart.o(.text) refers to pc_buffer.o(.text) for pc_buffer_init
    uart.o(.text) refers to boardutil.o(.text) for DisableInterrupts
    uart.o(.text) refers to errno.o(i.__aeabi_errno_addr) for __aeabi_errno_addr
    uart.o(.text) refers to uart.o(.bss) for UART0_Tx_Buffer_Array
    uart.o(.text) refers to stdout.o(.data) for __stdout
    uart.o(.text) refers to stdin.o(.data) for __stdin
    wireless.o(.text) refers to spi.o(.text) for spiTx
    wireless.o(.text) refers to printfa.o(i.__0printf) for __2printf
    wireless.o(.text) refers to wireless.o(.bss) for wirelessPinConfig
    boardutil.o(.text) refers to wireless.o(.text) for wireless_set_pin_config
    boardutil.o(.text) refers to gpioport.o(.text) for gpio_enable_port
    boardutil.o(.text) refers to spi.o(.text) for initialize_spi
    boardutil.o(.text) refers to i2c_1.o(.text) for initializeI2CMaster
    boardutil.o(.text) refers to io_expander.o(.text) for ioExpanderInit
    boardutil.o(.text) refers to adc.o(.text) for initializeADC
    boardutil.o(.text) refers to watchdog.o(.text) for watchdogInit
    boardutil.o(.text) refers to eadogs102w.o(.text) for lcd_set_pin_config
    boardutil.o(.text) refers to uart.o(.text) for uart0_init_115K
    boardutil.o(.text) refers to printfa.o(i.__0printf) for __2printf
    boardutil.o(.text) refers to boardutil.o(.data) for remoteID
    graphics.o(.text) refers to eadogs102w.o(.text) for lcd_set_page
    eeprom.o(.text) refers to i2c_1.o(.text) for i2cVerifyBaseAddr
    io_expander.o(.text) refers to i2c_1.o(.text) for i2cSetSlaveAddr
    game.o(.text) refers to f2d.o(.text) for __aeabi_f2d
    game.o(.text) refers to ceil.o(i.__hardfp_ceil) for __hardfp_ceil
    game.o(.text) refers to ddiv.o(.text) for __aeabi_ddiv
    game.o(.text) refers to d2f.o(.text) for __aeabi_d2f
    game.o(.text) refers to eadogs102w.o(.text) for lcd_write_string_10pts
    game.o(.text) refers to button_debounce.o(.text) for button_debounce
    game.o(.text) refers to printfa.o(i.__0printf) for __2printf
    game.o(.text) refers to graphics.o(.text) for square
    game.o(.text) refers to eeprom.o(.text) for eeprom_byte_write
    game.o(.text) refers to rand.o(.text) for rand
    game.o(.text) refers to timers.o(.text) for f14_timer1_Init
    game.o(.text) refers to dflti.o(.text) for __aeabi_i2d
    game.o(.text) refers to dadd.o(.text) for __aeabi_dadd
    game.o(.text) refers to interrupts.o(.data) for init_squares
    game.o(.text) refers to game.o(.data) for readingX
    button_debounce.o(.text) refers to printfa.o(i.__0printf) for __2printf
    button_debounce.o(.text) refers to button_debounce.o(.data) for debounce
    startup_tm4c123.o(RESET) refers to startup_tm4c123.o(STACK) for __initial_sp
    startup_tm4c123.o(RESET) refers to startup_tm4c123.o(.text) for Reset_Handler
    startup_tm4c123.o(RESET) refers to interrupts.o(.text) for SysTick_Handler
    startup_tm4c123.o(.text) refers to system_tm4c123.o(.text) for SystemInit
    startup_tm4c123.o(.text) refers to entry.o(.ARM.Collect$$$$00000000) for __main
    system_tm4c123.o(.text) refers to system_tm4c123.o(.data) for SystemCoreClock
    eadogs102w.o(.text) refers to spi.o(.text) for spiTx
    eadogs102w.o(.text) refers to eadogs102w.o(.bss) for lcdConfig
    eadogs102w.o(.text) refers to fonts.o(.constdata) for arialNarrow_8ptBitmaps
[...]
    printf0.o(i.__0printf$0) refers to uart.o(.text) for fputc
    printf0.o(i.__0printf$0) refers to stdout.o(.data) for __stdout
    printf0.o(i.__0snprintf$0) refers to printf0.o(i._printf_core) for _printf_core
    printf0.o(i.__0snprintf$0) refers to printf0.o(i._snputc) for _snputc
    printf0.o(i.__0sprintf$0) refers to printf0.o(i._printf_core) for _printf_core
    printf0.o(i.__0sprintf$0) refers to printf0.o(i._sputc) for _sputc
    printf0.o(i.__0vfprintf$0) refers to printf0.o(i._printf_core) for _printf_core
    printf0.o(i.__0vfprintf$0) refers to uart.o(.text) for fputc
    printf0.o(i.__0vprintf$0) refers to printf0.o(i._printf_core) for _printf_core
    printf0.o(i.__0vprintf$0) refers to uart.o(.text) for fputc
    printf0.o(i.__0vprintf$0) refers to stdout.o(.data) for __stdout
    printf0.o(i.__0vsnprintf$0) refers to printf0.o(i._printf_core) for _printf_core
    printf0.o(i.__0vsnprintf$0) refers to printf0.o(i._snputc) for _snputc
    printf0.o(i.__0vsprintf$0) refers to printf0.o(i._printf_core) for _printf_core
    printf0.o(i.__0vsprintf$0) refers to printf0.o(i._sputc) for _sputc
    printf1.o(i.__0fprintf$1) refers to printf1.o(i._printf_core) for _printf_core
    printf1.o(i.__0fprintf$1) refers to uart.o(.text) for fputc
    printf1.o(i.__0printf$1) refers to printf1.o(i._printf_core) for _printf_core
    printf1.o(i.__0printf$1) refers to uart.o(.text) for fputc
    printf1.o(i.__0printf$1) refers to stdout.o(.data) for __stdout
    printf1.o(i.__0snprintf$1) refers to printf1.o(i._printf_core) for _printf_core
    printf1.o(i.__0snprintf$1) refers to printf1.o(i._snputc) for _snputc
    printf1.o(i.__0sprintf$1) refers to printf1.o(i._printf_core) for _printf_core
    printf1.o(i.__0sprintf$1) refers to printf1.o(i._sputc) for _sputc
    printf1.o(i.__0vfprintf$1) refers to printf1.o(i._printf_core) for _printf_core
    printf1.o(i.__0vfprintf$1) refers to uart.o(.text) for fputc
    printf1.o(i.__0vprintf$1) refers to printf1.o(i._printf_core) for _printf_core
    printf1.o(i.__0vprintf$1) refers to uart.o(.text) for fputc
    printf1.o(i.__0vprintf$1) refers to stdout.o(.data) for __stdout
    printf1.o(i.__0vsnprintf$1) refers to printf1.o(i._printf_core) for _printf_core
    printf1.o(i.__0vsnprintf$1) refers to printf1.o(i._snputc) for _snputc
    printf1.o(i.__0vsprintf$1) refers to printf1.o(i._printf_core) for _printf_core
    printf1.o(i.__0vsprintf$1) refers to printf1.o(i._sputc) for _sputc
    printf1.o(i._printf_core) refers to uidiv.o(.text) for __aeabi_uidivmod
    printf2.o(i.__0fprintf$2) refers to printf2.o(i._printf_core) for _printf_core
    printf2.o(i.__0fprintf$2) refers to uart.o(.text) for fputc
    printf2.o(i.__0printf$2) refers to printf2.o(i._printf_core) for _printf_core
    printf2.o(i.__0printf$2) refers to uart.o(.text) for fputc
    printf2.o(i.__0printf$2) refers to stdout.o(.data) for __stdout
    printf2.o(i.__0snprintf$2) refers to printf2.o(i._printf_core) for _printf_core
    printf2.o(i.__0snprintf$2) refers to printf2.o(i._snputc) for _snputc
    printf2.o(i.__0sprintf$2) refers to printf2.o(i._printf_core) for _printf_core
    printf2.o(i.__0sprintf$2) refers to printf2.o(i._sputc) for _sputc
    printf2.o(i.__0vfprintf$2) refers to printf2.o(i._printf_core) for _printf_core
    printf2.o(i.__0vfprintf$2) refers to uart.o(.text) for fputc
    printf2.o(i.__0vprintf$2) refers to printf2.o(i._printf_core) for _printf_core
    printf2.o(i.__0vprintf$2) refers to uart.o(.text) for fputc
    printf2.o(i.__0vprintf$2) refers to stdout.o(.data) for __stdout
    printf2.o(i.__0vsnprintf$2) refers to printf2.o(i._printf_core) for _printf_core
    printf2.o(i.__0vsnprintf$2) refers to printf2.o(i._snputc) for _snputc
    printf2.o(i.__0vsprintf$2) refers to printf2.o(i._printf_core) for _printf_core
    printf2.o(i.__0vsprintf$2) refers to printf2.o(i._sputc) for _sputc
    printf3.o(i.__0fprintf$3) refers to printf3.o(i._printf_core) for _printf_core
    printf3.o(i.__0fprintf$3) refers to uart.o(.text) for fputc
    printf3.o(i.__0printf$3) refers to printf3.o(i._printf_core) for _printf_core
    printf3.o(i.__0printf$3) refers to uart.o(.text) for fputc
    printf3.o(i.__0printf$3) refers to stdout.o(.data) for __stdout
    printf3.o(i.__0snprintf$3) refers to printf3.o(i._printf_core) for _printf_core
    printf3.o(i.__0snprintf$3) refers to printf3.o(i._snputc) for _snputc
    printf3.o(i.__0sprintf$3) refers to printf3.o(i._printf_core) for _printf_core
    printf3.o(i.__0sprintf$3) refers to printf3.o(i._sputc) for _sputc
    printf3.o(i.__0vfprintf$3) refers to printf3.o(i._printf_core) for _printf_core
    printf3.o(i.__0vfprintf$3) refers to uart.o(.text) for fputc
    printf3.o(i.__0vprintf$3) refers to printf3.o(i._printf_core) for _printf_core
    printf3.o(i.__0vprintf$3) refers to uart.o(.text) for fputc
    printf3.o(i.__0vprintf$3) refers to stdout.o(.data) for __stdout
    printf3.o(i.__0vsnprintf$3) refers to printf3.o(i._printf_core) for _printf_core
    printf3.o(i.__0vsnprintf$3) refers to printf3.o(i._snputc) for _snputc
    printf3.o(i.__0vsprintf$3) refers to printf3.o(i._printf_core) for _printf_core
    printf3.o(i.__0vsprintf$3) refers to printf3.o(i._sputc) for _sputc
    printf3.o(i._printf_core) refers to uidiv.o(.text) for __aeabi_uidivmod
    printf4.o(i.__0fprintf$4) refers to printf4.o(i._printf_core) for _printf_core
    printf4.o(i.__0fprintf$4) refers to uart.o(.text) for fputc
    printf4.o(i.__0printf$4) refers to printf4.o(i._printf_core) for _printf_core
    printf4.o(i.__0printf$4) refers to uart.o(.text) for fputc
    printf4.o(i.__0printf$4) refers to stdout.o(.data) for __stdout
    printf4.o(i.__0snprintf$4) refers to printf4.o(i._printf_core) for _printf_core
    printf4.o(i.__0snprintf$4) refers to printf4.o(i._snputc) for _snputc
    printf4.o(i.__0sprintf$4) refers to printf4.o(i._printf_core) for _printf_core
    printf4.o(i.__0sprintf$4) refers to printf4.o(i._sputc) for _sputc
    printf4.o(i.__0vfprintf$4) refers to printf4.o(i._printf_core) for _printf_core
    printf4.o(i.__0vfprintf$4) refers to uart.o(.text) for fputc
    printf4.o(i.__0vprintf$4) refers to printf4.o(i._printf_core) for _printf_core
    printf4.o(i.__0vprintf$4) refers to uart.o(.text) for fputc
    printf4.o(i.__0vprintf$4) refers to stdout.o(.data) for __stdout
    printf4.o(i.__0vsnprintf$4) refers to printf4.o(i._printf_core) for _printf_core
    printf4.o(i.__0vsnprintf$4) refers to printf4.o(i._snputc) for _snputc
    printf4.o(i.__0vsprintf$4) refers to printf4.o(i._printf_core) for _printf_core
    printf4.o(i.__0vsprintf$4) refers to printf4.o(i._sputc) for _sputc
    printf4.o(i._printf_core) refers to uldiv.o(.text) for __aeabi_uldivmod
    printf5.o(i.__0fprintf$5) refers to printf5.o(i._printf_core) for _printf_core
    printf5.o(i.__0fprintf$5) refers to uart.o(.text) for fputc
    printf5.o(i.__0printf$5) refers to printf5.o(i._printf_core) for _printf_core
    printf5.o(i.__0printf$5) refers to uart.o(.text) for fputc
    printf5.o(i.__0printf$5) refers to stdout.o(.data) for __stdout
    printf5.o(i.__0snprintf$5) refers to printf5.o(i._printf_core) for _printf_core
    printf5.o(i.__0snprintf$5) refers to printf5.o(i._snputc) for _snputc
    printf5.o(i.__0sprintf$5) refers to printf5.o(i._printf_core) for _printf_core
    printf5.o(i.__0sprintf$5) refers to printf5.o(i._sputc) for _sputc
    printf5.o(i.__0vfprintf$5) refers to printf5.o(i._printf_core) for _printf_core
    printf5.o(i.__0vfprintf$5) refers to uart.o(.text) for fputc
    printf5.o(i.__0vprintf$5) refers to printf5.o(i._printf_core) for _printf_core
    printf5.o(i.__0vprintf$5) refers to uart.o(.text) for fputc
    printf5.o(i.__0vprintf$5) refers to stdout.o(.data) for __stdout
    printf5.o(i.__0vsnprintf$5) refers to printf5.o(i._printf_core) for _printf_core
    printf5.o(i.__0vsnprintf$5) refers to printf5.o(i._snputc) for _snputc
    printf5.o(i.__0vsprintf$5) refers to printf5.o(i._printf_core) for _printf_core
    printf5.o(i.__0vsprintf$5) refers to printf5.o(i._sputc) for _sputc
    printf5.o(i._printf_core) refers to uldiv.o(.text) for __aeabi_uldivmod
    printf6.o(i.__0fprintf$6) refers to printf6.o(i._printf_core) for _printf_core
    printf6.o(i.__0fprintf$6) refers to uart.o(.text) for fputc
    printf6.o(i.__0printf$6) refers to printf6.o(i._printf_core) for _printf_core
    printf6.o(i.__0printf$6) refers to uart.o(.text) for fputc
    printf6.o(i.__0printf$6) refers to stdout.o(.data) for __stdout
    printf6.o(i.__0snprintf$6) refers to printf6.o(i._printf_core) for _printf_core
    printf6.o(i.__0snprintf$6) refers to printf6.o(i._snputc) for _snputc
    printf6.o(i.__0sprintf$6) refers to printf6.o(i._printf_core) for _printf_core
    printf6.o(i.__0sprintf$6) refers to printf6.o(i._sputc) for _sputc
    printf6.o(i.__0vfprintf$6) refers to printf6.o(i._printf_core) for _printf_core
    printf6.o(i.__0vfprintf$6) refers to uart.o(.text) for fputc
    printf6.o(i.__0vprintf$6) refers to printf6.o(i._printf_core) for _printf_core
    printf6.o(i.__0vprintf$6) refers to uart.o(.text) for fputc
    printf6.o(i.__0vprintf$6) refers to stdout.o(.data) for __stdout
    printf6.o(i.__0vsnprintf$6) refers to printf6.o(i._printf_core) for _printf_core
    printf6.o(i.__0vsnprintf$6) refers to printf6.o(i._snputc) for _snputc
    printf6.o(i.__0vsprintf$6) refers to printf6.o(i._printf_core) for _printf_core
    printf6.o(i.__0vsprintf$6) refers to printf6.o(i._sputc) for _sputc
    printf6.o(i._printf_core) refers to printf6.o(i._printf_pre_padding) for _printf_pre_padding
    printf6.o(i._printf_core) refers to uidiv.o(.text) for __aeabi_uidivmod
    printf6.o(i._printf_core) refers to printf6.o(i._printf_post_padding) for _printf_post_padding
    printf7.o(i.__0fprintf$7) refers to printf7.o(i._printf_core) for _printf_core
    printf7.o(i.__0fprintf$7) refers to uart.o(.text) for fputc
    printf7.o(i.__0printf$7) refers to printf7.o(i._printf_core) for _printf_core
    printf7.o(i.__0printf$7) refers to uart.o(.text) for fputc
    printf7.o(i.__0printf$7) refers to stdout.o(.data) for __stdout
    printf7.o(i.__0snprintf$7) refers to printf7.o(i._printf_core) for _printf_core
    printf7.o(i.__0snprintf$7) refers to printf7.o(i._snputc) for _snputc
    printf7.o(i.__0sprintf$7) refers to printf7.o(i._printf_core) for _printf_core
    printf7.o(i.__0sprintf$7) refers to printf7.o(i._sputc) for _sputc
    printf7.o(i.__0vfprintf$7) refers to printf7.o(i._printf_core) for _printf_core
    printf7.o(i.__0vfprintf$7) refers to uart.o(.text) for fputc
    printf7.o(i.__0vprintf$7) refers to printf7.o(i._printf_core) for _printf_core
    printf7.o(i.__0vprintf$7) refers to uart.o(.text) for fputc
    printf7.o(i.__0vprintf$7) refers to stdout.o(.data) for __stdout
    printf7.o(i.__0vsnprintf$7) refers to printf7.o(i._printf_core) for _printf_core
    printf7.o(i.__0vsnprintf$7) refers to printf7.o(i._snputc) for _snputc
    printf7.o(i.__0vsprintf$7) refers to printf7.o(i._printf_core) for _printf_core
    printf7.o(i.__0vsprintf$7) refers to printf7.o(i._sputc) for _sputc
    printf7.o(i._printf_core) refers to printf7.o(i._printf_pre_padding) for _printf_pre_padding
    printf7.o(i._printf_core) refers to uldiv.o(.text) for __aeabi_uldivmod
    printf7.o(i._printf_core) refers to printf7.o(i._printf_post_padding) for _printf_post_padding
    printf8.o(i.__0fprintf$8) refers to printf8.o(i._printf_core) for _printf_core
    printf8.o(i.__0fprintf$8) refers to uart.o(.text) for fputc
    printf8.o(i.__0printf$8) refers to printf8.o(i._printf_core) for _printf_core
    printf8.o(i.__0printf$8) refers to uart.o(.text) for fputc
    printf8.o(i.__0printf$8) refers to stdout.o(.data) for __stdout
    printf8.o(i.__0snprintf$8) refers to printf8.o(i._printf_core) for _printf_core
    printf8.o(i.__0snprintf$8) refers to printf8.o(i._snputc) for _snputc
    printf8.o(i.__0sprintf$8) refers to printf8.o(i._printf_core) for _printf_core
    printf8.o(i.__0sprintf$8) refers to printf8.o(i._sputc) for _sputc
    printf8.o(i.__0vfprintf$8) refers to printf8.o(i._printf_core) for _printf_core
    printf8.o(i.__0vfprintf$8) refers to uart.o(.text) for fputc
    printf8.o(i.__0vprintf$8) refers to printf8.o(i._printf_core) for _printf_core
    printf8.o(i.__0vprintf$8) refers to uart.o(.text) for fputc
    printf8.o(i.__0vprintf$8) refers to stdout.o(.data) for __stdout
    printf8.o(i.__0vsnprintf$8) refers to printf8.o(i._printf_core) for _printf_core
    printf8.o(i.__0vsnprintf$8) refers to printf8.o(i._snputc) for _snputc
    printf8.o(i.__0vsprintf$8) refers to printf8.o(i._printf_core) for _printf_core
    printf8.o(i.__0vsprintf$8) refers to printf8.o(i._sputc) for _sputc
    printf8.o(i._printf_core) refers to printf8.o(i._printf_pre_padding) for _printf_pre_padding
    printf8.o(i._printf_core) refers to uldiv.o(.text) for __aeabi_uldivmod
    printf8.o(i._printf_core) refers to printf8.o(i._printf_post_padding) for _printf_post_padding
    printfa.o(i.__0fprintf) refers (Special) to iusefp.o(.text) for __I$use$fp
    printfa.o(i.__0fprintf) refers to printfa.o(i._printf_core) for _printf_core
    printfa.o(i.__0fprintf) refers to uart.o(.text) for fputc
    printfa.o(i.__0printf) refers (Special) to iusefp.o(.text) for __I$use$fp
    printfa.o(i.__0printf) refers to printfa.o(i._printf_core) for _printf_core
    printfa.o(i.__0printf) refers to uart.o(.text) for fputc
    printfa.o(i.__0printf) refers to stdout.o(.data) for __stdout
    printfa.o(i.__0snprintf) refers (Special) to iusefp.o(.text) for __I$use$fp
    printfa.o(i.__0snprintf) refers to printfa.o(i._printf_core) for _printf_core
    printfa.o(i.__0snprintf) refers to printfa.o(i._snputc) for _snputc
    printfa.o(i.__0sprintf) refers (Special) to iusefp.o(.text) for __I$use$fp
    printfa.o(i.__0sprintf) refers to printfa.o(i._printf_core) for _printf_core
    printfa.o(i.__0sprintf) refers to printfa.o(i._sputc) for _sputc
    printfa.o(i.__0vfprintf) refers (Special) to iusefp.o(.text) for __I$use$fp
    printfa.o(i.__0vfprintf) refers to printfa.o(i._printf_core) for _printf_core
    printfa.o(i.__0vfprintf) refers to uart.o(.text) for fputc
    printfa.o(i.__0vprintf) refers (Special) to iusefp.o(.text) for __I$use$fp
    printfa.o(i.__0vprintf) refers to printfa.o(i._printf_core) for _printf_core
    printfa.o(i.__0vprintf) refers to uart.o(.text) for fputc
    printfa.o(i.__0vprintf) refers to stdout.o(.data) for __stdout
    printfa.o(i.__0vsnprintf) refers (Special) to iusefp.o(.text) for __I$use$fp
    printfa.o(i.__0vsnprintf) refers to printfa.o(i._printf_core) for _printf_core
    printfa.o(i.__0vsnprintf) refers to printfa.o(i._snputc) for _snputc
    printfa.o(i.__0vsprintf) refers (Special) to iusefp.o(.text) for __I$use$fp
    printfa.o(i.__0vsprintf) refers to printfa.o(i._printf_core) for _printf_core
    printfa.o(i.__0vsprintf) refers to printfa.o(i._sputc) for _sputc
    printfa.o(i._fp_digits) refers (Special) to iusefp.o(.text) for __I$use$fp
    printfa.o(i._fp_digits) refers to dmul.o(.text) for __aeabi_dmul
    printfa.o(i._fp_digits) refers to ddiv.o(.text) for __aeabi_ddiv
    printfa.o(i._fp_digits) refers to cdrcmple.o(.text) for __aeabi_cdrcmple
    printfa.o(i._fp_digits) refers to dadd.o(.text) for __aeabi_dadd
    printfa.o(i._fp_digits) refers to dfixul.o(.text) for __aeabi_d2ulz
    printfa.o(i._fp_digits) refers to uldiv.o(.text) for __aeabi_uldivmod
    printfa.o(i._printf_core) refers (Special) to iusefp.o(.text) for __I$use$fp
    printfa.o(i._printf_core) refers to printfa.o(i._printf_pre_padding) for _printf_pre_padding
    printfa.o(i._printf_core) refers to uldiv.o(.text) for __aeabi_uldivmod
    printfa.o(i._printf_core) refers to printfa.o(i._printf_post_padding) for _printf_post_padding
    printfa.o(i._printf_core) refers to printfa.o(i._fp_digits) for _fp_digits
    printfa.o(i._printf_core) refers to uidiv.o(.text) for __aeabi_uidivmod
    printfa.o(i._printf_post_padding) refers (Special) to iusefp.o(.text) for __I$use$fp
    printfa.o(i._printf_pre_padding) refers (Special) to iusefp.o(.text) for __I$use$fp
    printfa.o(i._snputc) refers (Special) to iusefp.o(.text) for __I$use$fp
    printfa.o(i._sputc) refers (Special) to iusefp.o(.text) for __I$use$fp
    errno.o(i.__aeabi_errno_addr) refers to errno.o(.data) for .data
    errno.o(i.__read_errno) refers to errno.o(.data) for .data
    errno.o(i.__set_errno) refers to errno.o(.data) for .data
    __0scanf.o(.text) refers to scanf_char_file.o(.text) for __vfscanf_char_file
    __0scanf.o(.text) refers to stdin.o(.data) for __stdin
    dadd.o(.text) refers (Special) to iusefp.o(.text) for __I$use$fp
    dadd.o(.text) refers to llshl.o(.text) for __aeabi_llsl
    dadd.o(.text) refers to llsshr.o(.text) for __aeabi_lasr
    dadd.o(.text) refers to depilogue.o(.text) for _double_epilogue
    ddiv.o(.text) refers (Special) to iusefp.o(.text) for __I$use$fp
    ddiv.o(.text) refers to depilogue.o(.text) for _double_round
    dflti.o(.text) refers (Special) to iusefp.o(.text) for __I$use$fp
    dflti.o(.text) refers to depilogue.o(.text) for _double_epilogue
    f2d.o(.text) refers (Special) to iusefp.o(.text) for __I$use$fp
    d2f.o(.text) refers (Special) to iusefp.o(.text) for __I$use$fp
    d2f.o(.text) refers to fepilogue.o(.text) for _float_round
    entry2.o(.ARM.Collect$$$$00000001) refers to entry2.o(.ARM.Collect$$$$00002712) for __lit__00000000
    entry2.o(.ARM.Collect$$$$00002712) refers to startup_tm4c123.o(STACK) for __initial_sp
    entry2.o(__vectab_stack_and_reset_area) refers to startup_tm4c123.o(STACK) for __initial_sp
    entry2.o(__vectab_stack_and_reset_area) refers to entry.o(.ARM.Collect$$$$00000000) for __main
    entry5.o(.ARM.Collect$$$$00000004) refers to init.o(.text) for __scatterload
    entry9a.o(.ARM.Collect$$$$0000000B) refers to main.o(.text) for main
    entry9b.o(.ARM.Collect$$$$0000000C) refers to main.o(.text) for main
    uldiv.o(.text) refers to llushr.o(.text) for __aeabi_llsr
    uldiv.o(.text) refers to llshl.o(.text) for __aeabi_llsl
    scanf_char_file.o(.text) refers to scanf_char.o(.text) for __vfscanf_char
    scanf_char_file.o(.text) refers to uart.o(.text) for fgetc
    scanf_char_file.o(.text) refers to fgetc_b.o(.text) for __backspace
    depilogue.o(.text) refers to llshl.o(.text) for __aeabi_llsl
    depilogue.o(.text) refers to llushr.o(.text) for __aeabi_llsr
    dmul.o(.text) refers to depilogue.o(.text) for _double_epilogue
    dfixul.o(.text) refers to llushr.o(.text) for __aeabi_llsr
    dfixul.o(.text) refers to llshl.o(.text) for __aeabi_llsl
    init.o(.text) refers to entry5.o(.ARM.Collect$$$$00000004) for __main_after_scatterload
    fgetc_b.o(.text) refers (Special) to iusesemig.o(.text) for __I$use$semihosting$fgetc
    fgetc_b.o(.text) refers (Special) to semi.o(.text) for __semihosting_library_function
    fgetc_b.o(.text) refers to fgetc_b.o(.data) for .data
    fgetc_b.o(.data) refers (Special) to iusesemig.o(.text) for __I$use$semihosting$fgetc
    fgetc_b.o(.data) refers (Special) to semi.o(.text) for __semihosting_library_function
    scanf_char.o(.text) refers to _scanf.o(.text) for __vfscanf
    scanf_char.o(.text) refers to isspace_c.o(.text) for isspace
    isspace_c.o(.text) refers to ctype_c.o(.text) for __ctype_lookup
    _scanf.o(.text) refers (Weak) to _scanf_str.o(.text) for _scanf_string
    ctype_c.o(.text) refers to ctype_c.o(.constdata) for .constdata


==============================================================================

Removing Unused input sections from the image.

    Removing main.o(.rev16_text), (4 bytes).
    Removing main.o(.revsh_text), (4 bytes).
    Removing main.o(.rrx_text), (6 bytes).
    Removing adc.o(.rev16_text), (4 bytes).
    Removing adc.o(.revsh_text), (4 bytes).
    Removing adc.o(.rrx_text), (6 bytes).
    Removing gpioport.o(.rev16_text), (4 bytes).
    Removing gpioport.o(.revsh_text), (4 bytes).
    Removing gpioport.o(.rrx_text), (6 bytes).
    Removing interrupts.o(.rev16_text), (4 bytes).
    Removing interrupts.o(.revsh_text), (4 bytes).
    Removing interrupts.o(.rrx_text), (6 bytes).
    Removing spi.o(.rev16_text), (4 bytes).
    Removing spi.o(.revsh_text), (4 bytes).
    Removing spi.o(.rrx_text), (6 bytes).
    Removing uart.o(.rev16_text), (4 bytes).
    Removing uart.o(.revsh_text), (4 bytes).
    Removing uart.o(.rrx_text), (6 bytes).
    Removing watchdog.o(.rev16_text), (4 bytes).
    Removing watchdog.o(.revsh_text), (4 bytes).
    Removing watchdog.o(.rrx_text), (6 bytes).
    Removing wireless.o(.rev16_text), (4 bytes).
    Removing wireless.o(.revsh_text), (4 bytes).
    Removing wireless.o(.rrx_text), (6 bytes).
    Removing boardutil.o(.rev16_text), (4 bytes).
    Removing boardutil.o(.revsh_text), (4 bytes).
    Removing boardutil.o(.rrx_text), (6 bytes).
    Removing eeprom.o(.rev16_text), (4 bytes).
    Removing eeprom.o(.revsh_text), (4 bytes).
    Removing eeprom.o(.rrx_text), (6 bytes).
    Removing i2c_1.o(.rev16_text), (4 bytes).
    Removing i2c_1.o(.revsh_text), (4 bytes).
    Removing i2c_1.o(.rrx_text), (6 bytes).
    Removing io_expander.o(.rev16_text), (4 bytes).
    Removing io_expander.o(.revsh_text), (4 bytes).
    Removing io_expander.o(.rrx_text), (6 bytes).
    Removing game.o(.rev16_text), (4 bytes).
    Removing game.o(.revsh_text), (4 bytes).
    Removing game.o(.rrx_text), (6 bytes).
    Removing button_debounce.o(.rev16_text), (4 bytes).
    Removing button_debounce.o(.revsh_text), (4 bytes).
    Removing button_debounce.o(.rrx_text), (6 bytes).
    Removing timers.o(.rev16_text), (4 bytes).
    Removing timers.o(.revsh_text), (4 bytes).
    Removing timers.o(.rrx_text), (6 bytes).
    Removing startup_tm4c123.o(HEAP), (0 bytes).
    Removing system_tm4c123.o(.rev16_text), (4 bytes).
    Removing system_tm4c123.o(.revsh_text), (4 bytes).
    Removing system_tm4c123.o(.rrx_text), (6 bytes).
    Removing eadogs102w.o(.rev16_text), (4 bytes).
    Removing eadogs102w.o(.revsh_text), (4 bytes).

51 unused section(s) (total 232 bytes) removed from the image.

==============================================================================

Image Symbol Table

    Local Symbols

    Symbol Name                              Value     Ov Type        Size  Object(Section)

    RESET                                    0x00000000   Section      620  startup_tm4c123.o(RESET)
    ../clib/microlib/ctype/ctype.c           0x00000000   Number         0  ctype_c.o ABSOLUTE
    ../clib/microlib/ctype/ctype.c           0x00000000   Number         0  isspace_c.o ABSOLUTE
    ../clib/microlib/division.c              0x00000000   Number         0  uldiv.o ABSOLUTE
    ../clib/microlib/division.c              0x00000000   Number         0  uidiv.o ABSOLUTE
    ../clib/microlib/errno.c                 0x00000000   Number         0  errno.o ABSOLUTE
    ../clib/microlib/init/entry.s            0x00000000   Number         0  entry2.o ABSOLUTE
    ../clib/microlib/init/entry.s            0x00000000   Number         0  entry5.o ABSOLUTE
    ../clib/microlib/init/entry.s            0x00000000   Number         0  entry7b.o ABSOLUTE
    ../clib/microlib/init/entry.s            0x00000000   Number         0  entry7a.o ABSOLUTE
    ../clib/microlib/init/entry.s            0x00000000   Number         0  entry8a.o ABSOLUTE
    ../clib/microlib/init/entry.s            0x00000000   Number         0  entry.o ABSOLUTE
    ../clib/microlib/init/entry.s            0x00000000   Number         0  entry9a.o ABSOLUTE
    ../clib/microlib/init/entry.s            0x00000000   Number         0  entry9b.o ABSOLUTE
    ../clib/microlib/init/entry.s            0x00000000   Number         0  entry10a.o ABSOLUTE
    ../clib/microlib/init/entry.s            0x00000000   Number         0  entry10b.o ABSOLUTE
    ../clib/microlib/init/entry.s            0x00000000   Number         0  entry11a.o ABSOLUTE
    ../clib/microlib/init/entry.s            0x00000000   Number         0  entry11b.o ABSOLUTE
    ../clib/microlib/init/entry.s            0x00000000   Number         0  entry8b.o ABSOLUTE
    ../clib/microlib/longlong.c              0x00000000   Number         0  llshl.o ABSOLUTE
    ../clib/microlib/longlong.c              0x00000000   Number         0  llsshr.o ABSOLUTE
    ../clib/microlib/longlong.c              0x00000000   Number         0  llushr.o ABSOLUTE
    ../clib/microlib/printf/printf.c         0x00000000   Number         0  printf2.o ABSOLUTE
    ../clib/microlib/printf/printf.c         0x00000000   Number         0  printfa.o ABSOLUTE
    ../clib/microlib/printf/printf.c         0x00000000   Number         0  printf8.o ABSOLUTE
    ../clib/microlib/printf/printf.c         0x00000000   Number         0  printf7.o ABSOLUTE
    ../clib/microlib/printf/printf.c         0x00000000   Number         0  printf6.o ABSOLUTE
    ../clib/microlib/printf/printf.c         0x00000000   Number         0  printf5.o ABSOLUTE
    ../clib/microlib/printf/printf.c         0x00000000   Number         0  printf4.o ABSOLUTE
    ../clib/microlib/printf/printf.c         0x00000000   Number         0  printf3.o ABSOLUTE
    ../clib/microlib/printf/printf.c         0x00000000   Number         0  printfb.o ABSOLUTE
    ../clib/microlib/printf/printf.c         0x00000000   Number         0  printf0.o ABSOLUTE
    ../clib/microlib/printf/printf.c         0x00000000   Number         0  printf1.o ABSOLUTE
    ../clib/microlib/printf/stubs.s          0x00000000   Number         0  stubs.o ABSOLUTE
    ../clib/microlib/stdio/fgetc.c           0x00000000   Number         0  fgetc_b.o ABSOLUTE
    ../clib/microlib/stdio/semi.s            0x00000000   Number         0  semi.o ABSOLUTE
    ../clib/microlib/stdio/streams.c         0x00000000   Number         0  stdout.o ABSOLUTE
    ../clib/microlib/stdio/streams.c         0x00000000   Number         0  stdin.o ABSOLUTE
    ../clib/microlib/stdlib/rand.c           0x00000000   Number         0  rand.o ABSOLUTE
    ../clib/microlib/string/memset.c         0x00000000   Number         0  memseta.o ABSOLUTE
    ../clib/microlib/stubs.s                 0x00000000   Number         0  iusefp.o ABSOLUTE
    ../clib/microlib/stubs.s                 0x00000000   Number         0  iusesemig.o ABSOLUTE
    ../clib/scanf.c                          0x00000000   Number         0  __0scanf.o ABSOLUTE
    ../clib/scanf.c                          0x00000000   Number         0  _scanf_str.o ABSOLUTE
    ../clib/scanf.c                          0x00000000   Number         0  scanf_char_file.o ABSOLUTE
    ../clib/scanf.c                          0x00000000   Number         0  scanf_char.o ABSOLUTE
    ../clib/scanf.c                          0x00000000   Number         0  _scanf.o ABSOLUTE
    ../fplib/microlib/d2f.c                  0x00000000   Number         0  d2f.o ABSOLUTE
    ../fplib/microlib/f2d.c                  0x00000000   Number         0  f2d.o ABSOLUTE
    ../fplib/microlib/fpadd.c                0x00000000   Number         0  dadd.o ABSOLUTE
    ../fplib/microlib/fpdiv.c                0x00000000   Number         0  ddiv.o ABSOLUTE
    ../fplib/microlib/fpepilogue.c           0x00000000   Number         0  fepilogue.o ABSOLUTE
    ../fplib/microlib/fpepilogue.c           0x00000000   Number         0  depilogue.o ABSOLUTE
    ../fplib/microlib/fpfix.c                0x00000000   Number         0  dfixul.o ABSOLUTE
    ../fplib/microlib/fpflt.c                0x00000000   Number         0  dflti.o ABSOLUTE
    ../fplib/microlib/fpmul.c                0x00000000   Number         0  dmul.o ABSOLUTE
    ../mathlib/ceil.c                        0x00000000   Number         0  ceil.o ABSOLUTE
    ..\..\..\..\staff_code\drivers\eadogs102w.c 0x00000000   Number         0  eadogs102w.o ABSOLUTE
    ..\\..\\..\\..\\staff_code\\drivers\\eadogs102w.c 0x00000000   Number         0  eadogs102w.o ABSOLUTE
    RTE\Device\TM4C123GH6PM\startup_TM4C123.s 0x00000000   Number         0  startup_tm4c123.o ABSOLUTE
    RTE\Device\TM4C123GH6PM\system_TM4C123.c 0x00000000   Number         0  system_tm4c123.o ABSOLUTE
    RTE\\Device\\TM4C123GH6PM\\system_TM4C123.c 0x00000000   Number         0  system_tm4c123.o ABSOLUTE
    adc.c                                    0x00000000   Number         0  adc.o ABSOLUTE
    adc.c                                    0x00000000   Number         0  adc.o ABSOLUTE
    boardUtil.c                              0x00000000   Number         0  boardutil.o ABSOLUTE
    boardUtil.c                              0x00000000   Number         0  boardutil.o ABSOLUTE
    button_debounce.c                        0x00000000   Number         0  button_debounce.o ABSOLUTE
    button_debounce.c                        0x00000000   Number         0  button_debounce.o ABSOLUTE
    cdrcmple.s                               0x00000000   Number         0  cdrcmple.o ABSOLUTE
    dc.s                                     0x00000000   Number         0  dc.o ABSOLUTE
    eeprom.c                                 0x00000000   Number         0  eeprom.o ABSOLUTE
    eeprom.c                                 0x00000000   Number         0  eeprom.o ABSOLUTE
    fonts.c                                  0x00000000   Number         0  fonts.o ABSOLUTE
    game.c                                   0x00000000   Number         0  game.o ABSOLUTE
    game.c                                   0x00000000   Number         0  game.o ABSOLUTE
    gpioPort.c                               0x00000000   Number         0  gpioport.o ABSOLUTE
    gpioPort.c                               0x00000000   Number         0  gpioport.o ABSOLUTE
    graphics.c                               0x00000000   Number         0  graphics.o ABSOLUTE
    handlers.s                               0x00000000   Number         0  handlers.o ABSOLUTE
    i2c.c                                    0x00000000   Number         0  i2c_1.o ABSOLUTE
    i2c.c                                    0x00000000   Number         0  i2c_1.o ABSOLUTE
    init.s                                   0x00000000   Number         0  init.o ABSOLUTE
    interrupts.c                             0x00000000   Number         0  interrupts.o ABSOLUTE
    interrupts.c                             0x00000000   Number         0  interrupts.o ABSOLUTE
    io_expander.c                            0x00000000   Number         0  io_expander.o ABSOLUTE
    io_expander.c                            0x00000000   Number         0  io_expander.o ABSOLUTE
    main.c                                   0x00000000   Number         0  main.o ABSOLUTE
    main.c                                   0x00000000   Number         0  main.o ABSOLUTE
    pc_buffer.c                              0x00000000   Number         0  pc_buffer.o ABSOLUTE
    spi.c                                    0x00000000   Number         0  spi.o ABSOLUTE
    spi.c                                    0x00000000   Number         0  spi.o ABSOLUTE
    timers.c                                 0x00000000   Number         0  timers.o ABSOLUTE
    timers.c                                 0x00000000   Number         0  timers.o ABSOLUTE
    uart.c                                   0x00000000   Number         0  uart.o ABSOLUTE
    uart.c                                   0x00000000   Number         0  uart.o ABSOLUTE
    watchdog.c                               0x00000000   Number         0  watchdog.o ABSOLUTE
    watchdog.c                               0x00000000   Number         0  watchdog.o ABSOLUTE
    wireless.c                               0x00000000   Number         0  wireless.o ABSOLUTE
    wireless.c                               0x00000000   Number         0  wireless.o ABSOLUTE
    .ARM.Collect$$$$00000000                 0x0000026c   Section        0  entry.o(.ARM.Collect$$$$00000000)
    .ARM.Collect$$$$00000001                 0x0000026c   Section        4  entry2.o(.ARM.Collect$$$$00000001)
    .ARM.Collect$$$$00000004                 0x00000270   Section        4  entry5.o(.ARM.Collect$$$$00000004)
    .ARM.Collect$$$$00000008                 0x00000274   Section        0  entry7b.o(.ARM.Collect$$$$00000008)
    .ARM.Collect$$$$0000000A                 0x00000274   Section        0  entry8b.o(.ARM.Collect$$$$0000000A)
    .ARM.Collect$$$$0000000B                 0x00000274   Section        8  entry9a.o(.ARM.Collect$$$$0000000B)
    .ARM.Collect$$$$0000000D                 0x0000027c   Section        0  entry10a.o(.ARM.Collect$$$$0000000D)
    .ARM.Collect$$$$0000000F                 0x0000027c   Section        0  entry11a.o(.ARM.Collect$$$$0000000F)
    .ARM.Collect$$$$00002712                 0x0000027c   Section        4  entry2.o(.ARM.Collect$$$$00002712)
    __lit__00000000                          0x0000027c   Data           4  entry2.o(.ARM.Collect$$$$00002712)
    .text                                    0x00000280   Section        0  main.o(.text)
    .text                                    0x0000073c   Section        0  adc.o(.text)
    .text                                    0x00000840   Section        0  gpioport.o(.text)
    verifyBaseAddr                           0x00000841   Thumb Code    64  gpioport.o(.text)
    .text                                    0x00000a70   Section        0  interrupts.o(.text)
    .text                                    0x00000cc8   Section        0  pc_buffer.o(.text)
    .text                                    0x00000d34   Section        0  spi.o(.text)
    .text                                    0x00000e8c   Section        0  uart.o(.text)
    .text                                    0x0000101c   Section        0  watchdog.o(.text)
    .text                                    0x00001098   Section        0  wireless.o(.text)
    wireless_reg_read                        0x000010bf   Thumb Code    48  wireless.o(.text)
    wireless_reg_write                       0x000010ef   Thumb Code    62  wireless.o(.text)
    wireless_rx_data_payload                 0x0000112d   Thumb Code    64  wireless.o(.text)
    wireless_set_rx_addr                     0x0000116d   Thumb Code   120  wireless.o(.text)
    wireless_flush_tx_fifo                   0x000011e5   Thumb Code    30  wireless.o(.text)
    wireless_get_status                      0x00001203   Thumb Code    34  wireless.o(.text)
    wireless_CSN_low                         0x000014f1   Thumb Code    20  wireless.o(.text)
    wireless_CSN_high                        0x00001505   Thumb Code    20  wireless.o(.text)
    wireless_CE_low                          0x00001519   Thumb Code    20  wireless.o(.text)
    wireless_CE_high                         0x0000152d   Thumb Code    20  wireless.o(.text)
    wireless_rx_fifo_empty                   0x00001541   Thumb Code    24  wireless.o(.text)
    wireless_status_tx_ds_asserted           0x00001559   Thumb Code    16  wireless.o(.text)
    wireless_status_tx_full_asserted         0x00001569   Thumb Code    16  wireless.o(.text)
    .text                                    0x0000157c   Section        0  boardutil.o(.text)
    .text                                    0x00001934   Section        0  graphics.o(.text)
    .text                                    0x00001a02   Section        0  eeprom.o(.text)
    eeprom_wait_for_write                    0x00001a03   Thumb Code    66  eeprom.o(.text)
    .text                                    0x00001b18   Section        0  i2c_1.o(.text)
    .text                                    0x00001d20   Section        0  io_expander.o(.text)
    .text                                    0x00001db4   Section        0  game.o(.text)
    .text                                    0x000025c0   Section        0  button_debounce.o(.text)
    .text                                    0x00002794   Section        0  timers.o(.text)
    .text                                    0x00002944   Section      252  startup_tm4c123.o(.text)
    $v0                                      0x00002944   Number         0  startup_tm4c123.o(.text)
    .text                                    0x00002a40   Section        0  system_tm4c123.o(.text)
    getOscClk                                0x00002a41   Thumb Code   182  system_tm4c123.o(.text)
    .text                                    0x00002c90   Section        0  eadogs102w.o(.text)
    .text                                    0x00003034   Section        0  rand.o(.text)
    .text                                    0x00003058   Section        0  memseta.o(.text)
    .text                                    0x0000307c   Section        0  __0scanf.o(.text)
    .text                                    0x0000309c   Section        0  _scanf_str.o(.text)
    .text                                    0x0000317c   Section        0  dadd.o(.text)
    .text                                    0x000032ca   Section        0  ddiv.o(.text)
    .text                                    0x000033a8   Section        0  dflti.o(.text)
    .text                                    0x000033ca   Section        0  f2d.o(.text)
    .text                                    0x000033f0   Section        0  d2f.o(.text)
    .text                                    0x00003428   Section        0  uidiv.o(.text)
    .text                                    0x00003454   Section        0  uldiv.o(.text)
    .text                                    0x000034b6   Section        0  llshl.o(.text)
    .text                                    0x000034d4   Section        0  llsshr.o(.text)
    .text                                    0x000034f8   Section        0  scanf_char_file.o(.text)
    .text                                    0x0000350c   Section        0  fepilogue.o(.text)
    .text                                    0x0000350c   Section        0  iusefp.o(.text)
    .text                                    0x0000357a   Section        0  depilogue.o(.text)
    .text                                    0x00003634   Section        0  dmul.o(.text)
    .text                                    0x00003718   Section        0  dfixul.o(.text)
    .text                                    0x00003748   Section       48  cdrcmple.o(.text)
    .text                                    0x00003778   Section       36  init.o(.text)
    .text                                    0x0000379c   Section        0  fgetc_b.o(.text)
    .text                                    0x000037c8   Section        0  llushr.o(.text)
    .text                                    0x000037e8   Section        0  scanf_char.o(.text)
    _scanf_char_input                        0x000037e9   Thumb Code    12  scanf_char.o(.text)
    .text                                    0x00003810   Section        0  isspace_c.o(.text)
    .text                                    0x00003810   Section        0  semi.o(.text)
    .text                                    0x0000381c   Section        0  _scanf.o(.text)
    .text                                    0x00003b48   Section        0  iusesemig.o(.text)
    .text                                    0x00003b48   Section        0  ctype_c.o(.text)
    i.__0printf                              0x00003b70   Section        0  printfa.o(i.__0printf)
    i.__aeabi_errno_addr                     0x00003b90   Section        0  errno.o(i.__aeabi_errno_addr)
    i.__hardfp_ceil                          0x00003b98   Section        0  ceil.o(i.__hardfp_ceil)
    i.__scatterload_copy                     0x00003cb0   Section       14  handlers.o(i.__scatterload_copy)
    i.__scatterload_null                     0x00003cbe   Section        2  handlers.o(i.__scatterload_null)
    i.__scatterload_zeroinit                 0x00003cc0   Section       14  handlers.o(i.__scatterload_zeroinit)
    i._fp_digits                             0x00003cd0   Section        0  printfa.o(i._fp_digits)
    _fp_digits                               0x00003cd1   Thumb Code   334  printfa.o(i._fp_digits)
    i._printf_core                           0x00003e34   Section        0  printfa.o(i._printf_core)
    _printf_core                             0x00003e35   Thumb Code  1744  printfa.o(i._printf_core)
    i._printf_post_padding                   0x00004510   Section        0  printfa.o(i._printf_post_padding)
    _printf_post_padding                     0x00004511   Thumb Code    36  printfa.o(i._printf_post_padding)
    i._printf_pre_padding                    0x00004534   Section        0  printfa.o(i._printf_pre_padding)
    _printf_pre_padding                      0x00004535   Thumb Code    46  printfa.o(i._printf_pre_padding)
    .constdata                               0x00004562   Section     3101  fonts.o(.constdata)
    .constdata                               0x0000517f   Section       80  interrupts.o(.constdata)
    .constdata                               0x000051cf   Section       64  ctype_c.o(.constdata)
    .data                                    0x20000000   Section       20  interrupts.o(.data)
    .data                                    0x20000014   Section       10  boardutil.o(.data)
    .data                                    0x20000020   Section       12  game.o(.data)
    .data                                    0x2000002c   Section       60  button_debounce.o(.data)
    .data                                    0x20000068   Section        4  system_tm4c123.o(.data)
    .data                                    0x2000006c   Section        4  stdin.o(.data)
    .data                                    0x20000070   Section        4  stdout.o(.data)
    .data                                    0x20000074   Section        4  rand.o(.data)
    _rand_state                              0x20000074   Data           4  rand.o(.data)
    .data                                    0x20000078   Section        4  errno.o(.data)
    _errno                                   0x20000078   Data           4  errno.o(.data)
    .data                                    0x2000007c   Section        3  fgetc_b.o(.data)
    ungetc_sp                                0x2000007c   Data           1  fgetc_b.o(.data)
    ungetc_stack                             0x2000007d   Data           2  fgetc_b.o(.data)
    .bss                                     0x20000080   Section      192  uart.o(.bss)
    .bss                                     0x20000140   Section       24  wireless.o(.bss)
    .bss                                     0x20000158   Section       20  eadogs102w.o(.bss)
    lcdConfig                                0x20000158   Data          20  eadogs102w.o(.bss)
    STACK                                    0x20000170   Section     4096  startup_tm4c123.o(STACK)

    Global Symbols

    Symbol Name                              Value     Ov Type        Size  Object(Section)

    BuildAttributes$$THM_ISAv4$E$P$D$K$B$S$7EM$VFPi3$EXTD16$VFPS$VFMA$PE$A:L22UL41UL21$X:L11$S22US41US21$IEEE1$IW$USESV6$~STKCKD$USESV7$~SHL$OTIME$ROPI$IEEEJ$EBA8$MICROLIB$REQ8$PRES8$EABIv2 0x00000000   Number         0  anon$$obj.o ABSOLUTE
    __ARM_use_no_argv                        0x00000000   Number         0  main.o ABSOLUTE
    __Vectors                                0x00000000   Data           4  startup_tm4c123.o(RESET)
    _printf_a                                0x00000000   Number         0  stubs.o ABSOLUTE
    _printf_c                                0x00000000   Number         0  stubs.o ABSOLUTE
    _printf_charcount                        0x00000000   Number         0  stubs.o ABSOLUTE
    _printf_d                                0x00000000   Number         0  stubs.o ABSOLUTE
    _printf_e                                0x00000000   Number         0  stubs.o ABSOLUTE
    _printf_f                                0x00000000   Number         0  stubs.o ABSOLUTE
    _printf_flags                            0x00000000   Number         0  stubs.o ABSOLUTE
    _printf_fp_dec                           0x00000000   Number         0  stubs.o ABSOLUTE
    _printf_fp_hex                           0x00000000   Number         0  stubs.o ABSOLUTE
    _printf_g                                0x00000000   Number         0  stubs.o ABSOLUTE
    _printf_i                                0x00000000   Number         0  stubs.o ABSOLUTE
    _printf_int_dec                          0x00000000   Number         0  stubs.o ABSOLUTE
    _printf_l                                0x00000000   Number         0  stubs.o ABSOLUTE
    _printf_lc                               0x00000000   Number         0  stubs.o ABSOLUTE
    _printf_ll                               0x00000000   Number         0  stubs.o ABSOLUTE
    _printf_lld                              0x00000000   Number         0  stubs.o ABSOLUTE
    _printf_lli                              0x00000000   Number         0  stubs.o ABSOLUTE
    _printf_llo                              0x00000000   Number         0  stubs.o ABSOLUTE
    _printf_llu                              0x00000000   Number         0  stubs.o ABSOLUTE
    _printf_llx                              0x00000000   Number         0  stubs.o ABSOLUTE
    _printf_longlong_dec                     0x00000000   Number         0  stubs.o ABSOLUTE
    _printf_longlong_hex                     0x00000000   Number         0  stubs.o ABSOLUTE
    _printf_longlong_oct                     0x00000000   Number         0  stubs.o ABSOLUTE
    _printf_ls                               0x00000000   Number         0  stubs.o ABSOLUTE
    _printf_mbtowc                           0x00000000   Number         0  stubs.o ABSOLUTE
    _printf_n                                0x00000000   Number         0  stubs.o ABSOLUTE
    _printf_o                                0x00000000   Number         0  stubs.o ABSOLUTE
    _printf_p                                0x00000000   Number         0  stubs.o ABSOLUTE
    _printf_percent                          0x00000000   Number         0  stubs.o ABSOLUTE
    _printf_pre_padding                      0x00000000   Number         0  stubs.o ABSOLUTE
    _printf_return_value                     0x00000000   Number         0  stubs.o ABSOLUTE
    _printf_s                                0x00000000   Number         0  stubs.o ABSOLUTE
    _printf_sizespec                         0x00000000   Number         0  stubs.o ABSOLUTE
    _printf_str                              0x00000000   Number         0  stubs.o ABSOLUTE
    _printf_truncate_signed                  0x00000000   Number         0  stubs.o ABSOLUTE
    _printf_truncate_unsigned                0x00000000   Number         0  stubs.o ABSOLUTE
    _printf_u                                0x00000000   Number         0  stubs.o ABSOLUTE
    _printf_wc                               0x00000000   Number         0  stubs.o ABSOLUTE
    _printf_wctomb                           0x00000000   Number         0  stubs.o ABSOLUTE
    _printf_widthprec                        0x00000000   Number         0  stubs.o ABSOLUTE
    _printf_x                                0x00000000   Number         0  stubs.o ABSOLUTE
    __cpp_initialize__aeabi_                  - Undefined Weak Reference
    __cxa_finalize                            - Undefined Weak Reference
    __decompress                              - Undefined Weak Reference
    _clock_init                               - Undefined Weak Reference
    _microlib_exit                            - Undefined Weak Reference
    _scanf_int                                - Undefined Weak Reference
    _scanf_longlong                           - Undefined Weak Reference
    _scanf_real                               - Undefined Weak Reference
    __Vectors_End                            0x0000026c   Data           0  startup_tm4c123.o(RESET)
    __Vectors_Size                           0x0000026c   Number         0  startup_tm4c123.o ABSOLUTE
    __main                                   0x0000026d   Thumb Code     0  entry.o(.ARM.Collect$$$$00000000)
    _main_stk                                0x0000026d   Thumb Code     0  entry2.o(.ARM.Collect$$$$00000001)
    _main_scatterload                        0x00000271   Thumb Code     0  entry5.o(.ARM.Collect$$$$00000004)
    __main_after_scatterload                 0x00000275   Thumb Code     0  entry5.o(.ARM.Collect$$$$00000004)
    _main_clock                              0x00000275   Thumb Code     0  entry7b.o(.ARM.Collect$$$$00000008)
    _main_cpp_init                           0x00000275   Thumb Code     0  entry8b.o(.ARM.Collect$$$$0000000A)
    _main_init                               0x00000275   Thumb Code     0  entry9a.o(.ARM.Collect$$$$0000000B)
    __rt_final_cpp                           0x0000027d   Thumb Code     0  entry10a.o(.ARM.Collect$$$$0000000D)
    __rt_final_exit                          0x0000027d   Thumb Code     0  entry11a.o(.ARM.Collect$$$$0000000F)
    lose_or_win                              0x00000281   Thumb Code   122  main.o(.text)
    main                                     0x000002fb   Thumb Code   532  main.o(.text)
    initializeADC                            0x0000073d   Thumb Code   180  adc.o(.text)
    getADCValue                              0x000007f1   Thumb Code    58  adc.o(.text)
    gpio_enable_port                         0x00000881   Thumb Code   156  gpioport.o(.text)
    gpio_config_digital_enable               0x0000091d   Thumb Code    34  gpioport.o(.text)
    gpio_config_enable_output                0x0000093f   Thumb Code    34  gpioport.o(.text)
    gpio_config_enable_input                 0x00000961   Thumb Code    34  gpioport.o(.text)
    gpio_config_enable_pullup                0x00000983   Thumb Code    34  gpioport.o(.text)
    gpio_config_enable_pulldown              0x000009a5   Thumb Code    34  gpioport.o(.text)
    gpio_config_analog_enable                0x000009c7   Thumb Code    34  gpioport.o(.text)
    gpio_config_alternate_function           0x000009e9   Thumb Code    34  gpioport.o(.text)
    gpio_config_port_control                 0x00000a0b   Thumb Code    34  gpioport.o(.text)
    gpio_config_open_drain                   0x00000a2d   Thumb Code    34  gpioport.o(.text)
    SysTick_Handler                          0x00000a71   Thumb Code    88  interrupts.o(.text)
    UART0_Handler                            0x00000ac9   Thumb Code   148  interrupts.o(.text)
    ADC0SS3_Handler                          0x00000b5d   Thumb Code    84  interrupts.o(.text)
    WDT0_Handler                             0x00000bb1   Thumb Code    40  interrupts.o(.text)
    TIMER0A_Handler                          0x00000bd9   Thumb Code    18  interrupts.o(.text)
    SSI1_Handler                             0x00000beb   Thumb Code    56  interrupts.o(.text)
    pc_buffer_init                           0x00000cc9   Thumb Code    12  pc_buffer.o(.text)
    pc_buffer_add                            0x00000cd5   Thumb Code    26  pc_buffer.o(.text)
    pc_buffer_remove                         0x00000cef   Thumb Code    28  pc_buffer.o(.text)
    pc_buffer_empty                          0x00000d0b   Thumb Code    18  pc_buffer.o(.text)
    pc_buffer_full                           0x00000d1d   Thumb Code    22  pc_buffer.o(.text)
    spiVerifyBaseAddr                        0x00000d35   Thumb Code    34  spi.o(.text)
    initialize_spi                           0x00000d57   Thumb Code   192  spi.o(.text)
    spiTx                                    0x00000e17   Thumb Code    94  spi.o(.text)
    uart0_init_115K                          0x00000e8d   Thumb Code   146  uart.o(.text)
    uartRx                                   0x00000f1f   Thumb Code    44  uart.o(.text)
    uartTx                                   0x00000f4b   Thumb Code    72  uart.o(.text)
    fputc                                    0x00000f93   Thumb Code    44  uart.o(.text)
    fgetc                                    0x00000fbf   Thumb Code    48  uart.o(.text)
    watchdogInit                             0x0000101d   Thumb Code   106  watchdog.o(.text)
    wait_uS_15                               0x00001099   Thumb Code    14  wireless.o(.text)
    wireless_set_pin_config                  0x000010a7   Thumb Code    24  wireless.o(.text)
    wireless_send_32                         0x00001225   Thumb Code   314  wireless.o(.text)
    wireless_get_32                          0x0000135f   Thumb Code   132  wireless.o(.text)
    wireless_configure_device                0x000013e3   Thumb Code   270  wireless.o(.text)
    DisableInterrupts                        0x0000157d   Thumb Code     4  boardutil.o(.text)
    EnableInterrupts                         0x00001581   Thumb Code     4  boardutil.o(.text)
    rf_init                                  0x00001585   Thumb Code   168  boardutil.o(.text)
    i2cInit                                  0x0000162d   Thumb Code    98  boardutil.o(.text)
    joyStickInit                             0x0000168f   Thumb Code    54  boardutil.o(.text)
    lcdInit                                  0x000016c5   Thumb Code    92  boardutil.o(.text)
    pushButtonInit                           0x00001721   Thumb Code    64  boardutil.o(.text)
    uart0_config_gpio                        0x00001761   Thumb Code    42  boardutil.o(.text)
    serialDebugInit                          0x0000178b   Thumb Code    12  boardutil.o(.text)
    f14_project_boardUtil                    0x00001797   Thumb Code   190  boardutil.o(.text)
    fill_page                                0x00001935   Thumb Code    34  graphics.o(.text)
    square                                   0x00001957   Thumb Code    38  graphics.o(.text)
    square_out                               0x0000197d   Thumb Code    56  graphics.o(.text)
    rm_square                                0x000019b5   Thumb Code    38  graphics.o(.text)
    fill_region                              0x000019db   Thumb Code    40  graphics.o(.text)
    eeprom_byte_write                        0x00001a45   Thumb Code   100  eeprom.o(.text)
    eeprom_byte_read                         0x00001aa9   Thumb Code   112  eeprom.o(.text)
    initializeI2CMaster                      0x00001b19   Thumb Code   160  i2c_1.o(.text)
    i2cVerifyBaseAddr                        0x00001bb9   Thumb Code    36  i2c_1.o(.text)
    i2cSetSlaveAddr                          0x00001bdd   Thumb Code    30  i2c_1.o(.text)
    i2cStop                                  0x00001bfb   Thumb Code    26  i2c_1.o(.text)
    I2CMasterBusy                            0x00001c15   Thumb Code    34  i2c_1.o(.text)
    I2CMasterAdrAck                          0x00001c37   Thumb Code    34  i2c_1.o(.text)
    I2CMasterDatAck                          0x00001c59   Thumb Code    34  i2c_1.o(.text)
    i2cSendByte                              0x00001c7b   Thumb Code    82  i2c_1.o(.text)
    i2cGetByte                               0x00001ccd   Thumb Code    60  i2c_1.o(.text)
    ioExpanderInit                           0x00001d21   Thumb Code    56  io_expander.o(.text)
    ledMatrixWriteData                       0x00001d59   Thumb Code    90  io_expander.o(.text)
    roundF                                   0x00001db5   Thumb Code    94  game.o(.text)
    welcome_screen                           0x00001e13   Thumb Code    52  game.o(.text)
    start_screen                             0x00001e47   Thumb Code   118  game.o(.text)
    reset_scores                             0x00001ebd   Thumb Code    26  game.o(.text)
    game1                                    0x00001ed7   Thumb Code   568  game.o(.text)
    game2                                    0x0000210f   Thumb Code   808  game.o(.text)
    game3                                    0x00002437   Thumb Code   316  game.o(.text)
    button_debounce                          0x000025c1   Thumb Code   400  button_debounce.o(.text)
    f14_timer0_Init                          0x00002795   Thumb Code   120  timers.o(.text)
    f14_timer1_Init                          0x0000280d   Thumb Code    72  timers.o(.text)
    f14_timer2_Init                          0x00002855   Thumb Code    70  timers.o(.text)
    f14_timer3_Init                          0x0000289b   Thumb Code    72  timers.o(.text)
    f14_timer1_start                         0x000028e3   Thumb Code    18  timers.o(.text)
    f14_timer1_stop                          0x000028f5   Thumb Code    30  timers.o(.text)
    timer0_get_ticks                         0x00002913   Thumb Code    14  timers.o(.text)
    Reset_Handler                            0x00002945   Thumb Code     8  startup_tm4c123.o(.text)
    NMI_Handler                              0x0000294d   Thumb Code     2  startup_tm4c123.o(.text)
    HardFault_Handler                        0x0000294f   Thumb Code     2  startup_tm4c123.o(.text)
    MemManage_Handler                        0x00002951   Thumb Code     2  startup_tm4c123.o(.text)
    BusFault_Handler                         0x00002953   Thumb Code     2  startup_tm4c123.o(.text)
    UsageFault_Handler                       0x00002955   Thumb Code     2  startup_tm4c123.o(.text)
    SVC_Handler                              0x00002957   Thumb Code     2  startup_tm4c123.o(.text)
    DebugMon_Handler                         0x00002959   Thumb Code     2  startup_tm4c123.o(.text)
    PendSV_Handler                           0x0000295b   Thumb Code     2  startup_tm4c123.o(.text)
    GPIOA_Handler                            0x0000295f   Thumb Code     2  startup_tm4c123.o(.text)
    GPIOB_Handler                            0x00002961   Thumb Code     2  startup_tm4c123.o(.text)
    GPIOC_Handler                            0x00002963   Thumb Code     2  startup_tm4c123.o(.text)
    GPIOD_Handler                            0x00002965   Thumb Code     2  startup_tm4c123.o(.text)
    GPIOE_Handler                            0x00002967   Thumb Code     2  startup_tm4c123.o(.text)
    UART1_Handler                            0x0000296b   Thumb Code     2  startup_tm4c123.o(.text)
    SSI0_Handler                             0x0000296d   Thumb Code     2  startup_tm4c123.o(.text)
    I2C0_Handler                             0x0000296f   Thumb Code     2  startup_tm4c123.o(.text)
    PMW0_FAULT_Handler                       0x00002971   Thumb Code     2  startup_tm4c123.o(.text)
    PWM0_0_Handler                           0x00002973   Thumb Code     2  startup_tm4c123.o(.text)
    PWM0_1_Handler                           0x00002975   Thumb Code     2  startup_tm4c123.o(.text)
    PWM0_2_Handler                           0x00002977   Thumb Code     2  startup_tm4c123.o(.text)
    QEI0_Handler                             0x00002979   Thumb Code     2  startup_tm4c123.o(.text)
    ADC0SS0_Handler                          0x0000297b   Thumb Code     2  startup_tm4c123.o(.text)
    ADC0SS1_Handler                          0x0000297d   Thumb Code     2  startup_tm4c123.o(.text)
    ADC0SS2_Handler                          0x0000297f   Thumb Code     2  startup_tm4c123.o(.text)
    TIMER0B_Handler                          0x00002987   Thumb Code     2  startup_tm4c123.o(.text)
    TIMER1A_Handler                          0x00002989   Thumb Code     2  startup_tm4c123.o(.text)
    TIMER1B_Handler                          0x0000298b   Thumb Code     2  startup_tm4c123.o(.text)
    TIMER2A_Handler                          0x0000298d   Thumb Code     2  startup_tm4c123.o(.text)
    TIMER2B_Handler                          0x0000298f   Thumb Code     2  startup_tm4c123.o(.text)
    COMP0_Handler                            0x00002991   Thumb Code     2  startup_tm4c123.o(.text)
    COMP1_Handler                            0x00002993   Thumb Code     2  startup_tm4c123.o(.text)
    COMP2_Handler                            0x00002995   Thumb Code     2  startup_tm4c123.o(.text)
    SYSCTL_Handler                           0x00002997   Thumb Code     2  startup_tm4c123.o(.text)
    FLASH_Handler                            0x00002999   Thumb Code     2  startup_tm4c123.o(.text)
    GPIOF_Handler                            0x0000299b   Thumb Code     2  startup_tm4c123.o(.text)
    GPIOG_Handler                            0x0000299d   Thumb Code     2  startup_tm4c123.o(.text)
    GPIOH_Handler                            0x0000299f   Thumb Code     2  startup_tm4c123.o(.text)
    UART2_Handler                            0x000029a1   Thumb Code     2  startup_tm4c123.o(.text)
    TIMER3A_Handler                          0x000029a5   Thumb Code     2  startup_tm4c123.o(.text)
    TIMER3B_Handler                          0x000029a7   Thumb Code     2  startup_tm4c123.o(.text)
    I2C1_Handler                             0x000029a9   Thumb Code     2  startup_tm4c123.o(.text)
    QEI1_Handler                             0x000029ab   Thumb Code     2  startup_tm4c123.o(.text)
    CAN0_Handler                             0x000029ad   Thumb Code     2  startup_tm4c123.o(.text)
    CAN1_Handler                             0x000029af   Thumb Code     2  startup_tm4c123.o(.text)
    CAN2_Handler                             0x000029b1   Thumb Code     2  startup_tm4c123.o(.text)
    HIB_Handler                              0x000029b3   Thumb Code     2  startup_tm4c123.o(.text)
    USB0_Handler                             0x000029b5   Thumb Code     2  startup_tm4c123.o(.text)
    PWM0_3_Handler                           0x000029b7   Thumb Code     2  startup_tm4c123.o(.text)
    UDMA_Handler                             0x000029b9   Thumb Code     2  startup_tm4c123.o(.text)
    UDMAERR_Handler                          0x000029bb   Thumb Code     2  startup_tm4c123.o(.text)
    ADC1SS0_Handler                          0x000029bd   Thumb Code     2  startup_tm4c123.o(.text)
    ADC1SS1_Handler                          0x000029bf   Thumb Code     2  startup_tm4c123.o(.text)
    ADC1SS2_Handler                          0x000029c1   Thumb Code     2  startup_tm4c123.o(.text)
    ADC1SS3_Handler                          0x000029c3   Thumb Code     2  startup_tm4c123.o(.text)
    GPIOJ_Handler                            0x000029c5   Thumb Code     2  startup_tm4c123.o(.text)
    GPIOK_Handler                            0x000029c7   Thumb Code     2  startup_tm4c123.o(.text)
    GPIOL_Handler                            0x000029c9   Thumb Code     2  startup_tm4c123.o(.text)
    SSI2_Handler                             0x000029cb   Thumb Code     2  startup_tm4c123.o(.text)
    SSI3_Handler                             0x000029cd   Thumb Code     2  startup_tm4c123.o(.text)
    UART3_Handler                            0x000029cf   Thumb Code     2  startup_tm4c123.o(.text)
    UART4_Handler                            0x000029d1   Thumb Code     2  startup_tm4c123.o(.text)
    UART5_Handler                            0x000029d3   Thumb Code     2  startup_tm4c123.o(.text)
    UART6_Handler                            0x000029d5   Thumb Code     2  startup_tm4c123.o(.text)
    UART7_Handler                            0x000029d7   Thumb Code     2  startup_tm4c123.o(.text)
    I2C2_Handler                             0x000029d9   Thumb Code     2  startup_tm4c123.o(.text)
    I2C3_Handler                             0x000029db   Thumb Code     2  startup_tm4c123.o(.text)
    TIMER4A_Handler                          0x000029dd   Thumb Code     2  startup_tm4c123.o(.text)
    TIMER4B_Handler                          0x000029df   Thumb Code     2  startup_tm4c123.o(.text)
    TIMER5A_Handler                          0x000029e1   Thumb Code     2  startup_tm4c123.o(.text)
    TIMER5B_Handler                          0x000029e3   Thumb Code     2  startup_tm4c123.o(.text)
    WTIMER0A_Handler                         0x000029e5   Thumb Code     2  startup_tm4c123.o(.text)
    WTIMER0B_Handler                         0x000029e7   Thumb Code     2  startup_tm4c123.o(.text)
    WTIMER1A_Handler                         0x000029e9   Thumb Code     2  startup_tm4c123.o(.text)
    WTIMER1B_Handler                         0x000029eb   Thumb Code     2  startup_tm4c123.o(.text)
    WTIMER2A_Handler                         0x000029ed   Thumb Code     2  startup_tm4c123.o(.text)
    WTIMER2B_Handler                         0x000029ef   Thumb Code     2  startup_tm4c123.o(.text)
    WTIMER3A_Handler                         0x000029f1   Thumb Code     2  startup_tm4c123.o(.text)
    WTIMER3B_Handler                         0x000029f3   Thumb Code     2  startup_tm4c123.o(.text)
    WTIMER4A_Handler                         0x000029f5   Thumb Code     2  startup_tm4c123.o(.text)
    WTIMER4B_Handler                         0x000029f7   Thumb Code     2  startup_tm4c123.o(.text)
    WTIMER5A_Handler                         0x000029f9   Thumb Code     2  startup_tm4c123.o(.text)
    WTIMER5B_Handler                         0x000029fb   Thumb Code     2  startup_tm4c123.o(.text)
    FPU_Handler                              0x000029fd   Thumb Code     2  startup_tm4c123.o(.text)
    I2C4_Handler                             0x000029ff   Thumb Code     2  startup_tm4c123.o(.text)
    I2C5_Handler                             0x00002a01   Thumb Code     2  startup_tm4c123.o(.text)
    GPIOM_Handler                            0x00002a03   Thumb Code     2  startup_tm4c123.o(.text)
    GPION_Handler                            0x00002a05   Thumb Code     2  startup_tm4c123.o(.text)
    QEI2_Handler                             0x00002a07   Thumb Code     2  startup_tm4c123.o(.text)
    GPIOP0_Handler                           0x00002a09   Thumb Code     2  startup_tm4c123.o(.text)
    GPIOP1_Handler                           0x00002a0b   Thumb Code     2  startup_tm4c123.o(.text)
    GPIOP2_Handler                           0x00002a0d   Thumb Code     2  startup_tm4c123.o(.text)
    GPIOP3_Handler                           0x00002a0f   Thumb Code     2  startup_tm4c123.o(.text)
    GPIOP4_Handler                           0x00002a11   Thumb Code     2  startup_tm4c123.o(.text)
    GPIOP5_Handler                           0x00002a13   Thumb Code     2  startup_tm4c123.o(.text)
    GPIOP6_Handler                           0x00002a15   Thumb Code     2  startup_tm4c123.o(.text)
    GPIOP7_Handler                           0x00002a17   Thumb Code     2  startup_tm4c123.o(.text)
    GPIOQ0_Handler                           0x00002a19   Thumb Code     2  startup_tm4c123.o(.text)
    GPIOQ1_Handler                           0x00002a1b   Thumb Code     2  startup_tm4c123.o(.text)
    GPIOQ2_Handler                           0x00002a1d   Thumb Code     2  startup_tm4c123.o(.text)
    GPIOQ3_Handler                           0x00002a1f   Thumb Code     2  startup_tm4c123.o(.text)
    GPIOQ4_Handler                           0x00002a21   Thumb Code     2  startup_tm4c123.o(.text)
    GPIOQ5_Handler                           0x00002a23   Thumb Code     2  startup_tm4c123.o(.text)
    GPIOQ6_Handler                           0x00002a25   Thumb Code     2  startup_tm4c123.o(.text)
    GPIOQ7_Handler                           0x00002a27   Thumb Code     2  startup_tm4c123.o(.text)
    GPIOR_Handler                            0x00002a29   Thumb Code     2  startup_tm4c123.o(.text)
    GPIOS_Handler                            0x00002a2b   Thumb Code     2  startup_tm4c123.o(.text)
    PMW1_0_Handler                           0x00002a2d   Thumb Code     2  startup_tm4c123.o(.text)
    PWM1_1_Handler                           0x00002a2f   Thumb Code     2  startup_tm4c123.o(.text)
    PWM1_2_Handler                           0x00002a31   Thumb Code     2  startup_tm4c123.o(.text)
    PWM1_3_Handler                           0x00002a33   Thumb Code     2  startup_tm4c123.o(.text)
    PWM1_FAULT_Handler                       0x00002a35   Thumb Code     2  startup_tm4c123.o(.text)
    SystemCoreClockUpdate                    0x00002af7   Thumb Code   184  system_tm4c123.o(.text)
    SystemInit                               0x00002baf   Thumb Code   112  system_tm4c123.o(.text)
    lcd_set_pin_config                       0x00002c91   Thumb Code    18  eadogs102w.o(.text)
    lcd_initialize                           0x00002ca3   Thumb Code   310  eadogs102w.o(.text)
    lcd_set_page                             0x00002dd9   Thumb Code    76  eadogs102w.o(.text)
    lcd_set_column                           0x00002e25   Thumb Code    98  eadogs102w.o(.text)
    lcd_write_data                           0x00002e87   Thumb Code    56  eadogs102w.o(.text)
    lcd_write_char_8pts                      0x00002ebf   Thumb Code    80  eadogs102w.o(.text)
    lcd_write_char_10pts                     0x00002f0f   Thumb Code   192  eadogs102w.o(.text)
    lcd_clear                                0x00002fcf   Thumb Code    46  eadogs102w.o(.text)
    lcd_write_string_10pts                   0x00002ffd   Thumb Code    42  eadogs102w.o(.text)
    rand                                     0x00003035   Thumb Code    20  rand.o(.text)
    srand                                    0x00003049   Thumb Code     6  rand.o(.text)
    __aeabi_memset                           0x00003059   Thumb Code    14  memseta.o(.text)
    __aeabi_memset4                          0x00003059   Thumb Code     0  memseta.o(.text)
    __aeabi_memset8                          0x00003059   Thumb Code     0  memseta.o(.text)
    __aeabi_memclr                           0x00003067   Thumb Code     4  memseta.o(.text)
    __aeabi_memclr4                          0x00003067   Thumb Code     0  memseta.o(.text)
    __aeabi_memclr8                          0x00003067   Thumb Code     0  memseta.o(.text)
    _memset$wrapper                          0x0000306b   Thumb Code    18  memseta.o(.text)
    __0scanf                                 0x0000307d   Thumb Code    26  __0scanf.o(.text)
    _scanf_string                            0x0000309d   Thumb Code   224  _scanf_str.o(.text)
    __aeabi_dadd                             0x0000317d   Thumb Code   322  dadd.o(.text)
    __aeabi_dsub                             0x000032bf   Thumb Code     6  dadd.o(.text)
    __aeabi_drsub                            0x000032c5   Thumb Code     6  dadd.o(.text)
    __aeabi_ddiv                             0x000032cb   Thumb Code   222  ddiv.o(.text)
    __aeabi_i2d                              0x000033a9   Thumb Code    34  dflti.o(.text)
    __aeabi_f2d                              0x000033cb   Thumb Code    38  f2d.o(.text)
    __aeabi_d2f                              0x000033f1   Thumb Code    56  d2f.o(.text)
    __aeabi_uidiv                            0x00003429   Thumb Code     0  uidiv.o(.text)
    __aeabi_uidivmod                         0x00003429   Thumb Code    44  uidiv.o(.text)
    __aeabi_uldivmod                         0x00003455   Thumb Code    98  uldiv.o(.text)
    __aeabi_llsl                             0x000034b7   Thumb Code    30  llshl.o(.text)
    _ll_shift_l                              0x000034b7   Thumb Code     0  llshl.o(.text)
    __aeabi_lasr                             0x000034d5   Thumb Code    36  llsshr.o(.text)
    _ll_sshift_r                             0x000034d5   Thumb Code     0  llsshr.o(.text)
    __vfscanf_char_file                      0x000034f9   Thumb Code    12  scanf_char_file.o(.text)
    __I$use$fp                               0x0000350d   Thumb Code     0  iusefp.o(.text)
    _float_round                             0x0000350d   Thumb Code    18  fepilogue.o(.text)
    _float_epilogue                          0x0000351f   Thumb Code    92  fepilogue.o(.text)
    _double_round                            0x0000357b   Thumb Code    30  depilogue.o(.text)
    _double_epilogue                         0x00003599   Thumb Code   156  depilogue.o(.text)
    __aeabi_dmul                             0x00003635   Thumb Code   228  dmul.o(.text)
    __aeabi_d2ulz                            0x00003719   Thumb Code    48  dfixul.o(.text)
    __aeabi_cdrcmple                         0x00003749   Thumb Code    48  cdrcmple.o(.text)
    __scatterload                            0x00003779   Thumb Code    28  init.o(.text)
    __scatterload_rt2                        0x00003779   Thumb Code     0  init.o(.text)
    _fgetc$bs                                0x0000379d   Thumb Code    28  fgetc_b.o(.text)
    __backspace                              0x000037b9   Thumb Code    10  fgetc_b.o(.text)
    __aeabi_llsr                             0x000037c9   Thumb Code    32  llushr.o(.text)
    _ll_ushift_r                             0x000037c9   Thumb Code     0  llushr.o(.text)
    __vfscanf_char                           0x000037f5   Thumb Code    20  scanf_char.o(.text)
    __semihosting_library_function           0x00003811   Thumb Code     0  semi.o(.text)
    isspace                                  0x00003811   Thumb Code    10  isspace_c.o(.text)
    __vfscanf                                0x0000381d   Thumb Code   808  _scanf.o(.text)
    __I$use$semihosting$fgetc                0x00003b49   Thumb Code     0  iusesemig.o(.text)
    __ctype_lookup                           0x00003b49   Thumb Code    34  ctype_c.o(.text)
    __0printf                                0x00003b71   Thumb Code    22  printfa.o(i.__0printf)
    __1printf                                0x00003b71   Thumb Code     0  printfa.o(i.__0printf)
    __2printf                                0x00003b71   Thumb Code     0  printfa.o(i.__0printf)
    __c89printf                              0x00003b71   Thumb Code     0  printfa.o(i.__0printf)
    printf                                   0x00003b71   Thumb Code     0  printfa.o(i.__0printf)
    __aeabi_errno_addr                       0x00003b91   Thumb Code     4  errno.o(i.__aeabi_errno_addr)
    __rt_errno_addr                          0x00003b91   Thumb Code     0  errno.o(i.__aeabi_errno_addr)
    __hardfp_ceil                            0x00003b99   Thumb Code   252  ceil.o(i.__hardfp_ceil)
    __scatterload_copy                       0x00003cb1   Thumb Code    14  handlers.o(i.__scatterload_copy)
    __scatterload_null                       0x00003cbf   Thumb Code     2  handlers.o(i.__scatterload_null)
    __scatterload_zeroinit                   0x00003cc1   Thumb Code    14  handlers.o(i.__scatterload_zeroinit)
    arialNarrow_8ptBitmaps                   0x00004562   Data          50  fonts.o(.constdata)
    courierNew_10ptBitmaps                   0x00004594   Data        1900  fonts.o(.constdata)
    buckyBadger                              0x00004d00   Data         759  fonts.o(.constdata)
    motionW                                  0x00004ff7   Data         392  fonts.o(.constdata)
    Led_LUT                                  0x0000517f   Data          80  interrupts.o(.constdata)
    __ctype_categories                       0x000051cf   Data          64  ctype_c.o(.constdata)
    Region$$Table$$Base                      0x00005210   Number         0  anon$$obj.o(Region$$Table)
    Region$$Table$$Limit                     0x00005230   Number         0  anon$$obj.o(Region$$Table)
    squares_caught                           0x20000000   Data           4  interrupts.o(.data)
    init_squares                             0x20000004   Data           4  interrupts.o(.data)
    packets_received                         0x20000008   Data           4  interrupts.o(.data)
    packets_lost                             0x2000000c   Data           4  interrupts.o(.data)
    col                                      0x20000010   Data           4  interrupts.o(.data)
    remoteID                                 0x20000014   Data           5  boardutil.o(.data)
    myID                                     0x20000019   Data           5  boardutil.o(.data)
    AlertSysTick                             0x20000020   Data           1  game.o(.data)
    AlertADC0SS3                             0x20000021   Data           1  game.o(.data)
    AlertTIMER1A                             0x20000022   Data           1  game.o(.data)
    readingX                                 0x20000024   Data           4  game.o(.data)
    readingY                                 0x20000028   Data           4  game.o(.data)
    debounce                                 0x2000002c   Data           1  button_debounce.o(.data)
    Up_Data                                  0x20000030   Data           4  button_debounce.o(.data)
    Up_Data1                                 0x20000034   Data           4  button_debounce.o(.data)
    Up_Data2                                 0x20000038   Data           4  button_debounce.o(.data)
    Down_Data                                0x2000003c   Data           4  button_debounce.o(.data)
    Down_Data1                               0x20000040   Data           4  button_debounce.o(.data)
    Down_Data2                               0x20000044   Data           4  button_debounce.o(.data)
    Left_Data                                0x20000048   Data           4  button_debounce.o(.data)
    Left_Data1                               0x2000004c   Data           4  button_debounce.o(.data)
    Left_Data2                               0x20000050   Data           4  button_debounce.o(.data)
    Right_Data                               0x20000054   Data           4  button_debounce.o(.data)
    Right_Data1                              0x20000058   Data           4  button_debounce.o(.data)
    Right_Data2                              0x2000005c   Data           4  button_debounce.o(.data)
    count                                    0x20000060   Data           4  button_debounce.o(.data)
    colNum                                   0x20000064   Data           4  button_debounce.o(.data)
    SystemCoreClock                          0x20000068   Data           4  system_tm4c123.o(.data)
    __stdin                                  0x2000006c   Data           4  stdin.o(.data)
    __stdout                                 0x20000070   Data           4  stdout.o(.data)
    UART0_Rx_Buffer                          0x20000080   Data          16  uart.o(.bss)
    UART0_Rx_Buffer_Array                    0x20000090   Data          80  uart.o(.bss)
    UART0_Tx_Buffer                          0x200000e0   Data          16  uart.o(.bss)
    UART0_Tx_Buffer_Array                    0x200000f0   Data          80  uart.o(.bss)
    wirelessPinConfig                        0x20000140   Data          24  wireless.o(.bss)
    __initial_sp                             0x20001170   Data           0  startup_tm4c123.o(STACK)



==============================================================================

Memory Map of the image

  Image Entry point : 0x00002945

  Load Region LR_1 (Base: 0x00000000, Size: 0x000052b0, Max: 0xffffffff, ABSOLUTE)

    Execution Region ER_RO (Base: 0x00000000, Size: 0x00005230, Max: 0xffffffff, ABSOLUTE)

    Base Addr    Size         Type   Attr      Idx    E Section Name        Object

    0x00000000   0x0000026c   Data   RO          574    RESET               startup_tm4c123.o
    0x0000026c   0x00000000   Code   RO          673  * .ARM.Collect$$$$00000000  mc_w.l(entry.o)
    0x0000026c   0x00000004   Code   RO          965    .ARM.Collect$$$$00000001  mc_w.l(entry2.o)
    0x00000270   0x00000004   Code   RO          968    .ARM.Collect$$$$00000004  mc_w.l(entry5.o)
    0x00000274   0x00000000   Code   RO          970    .ARM.Collect$$$$00000008  mc_w.l(entry7b.o)
    0x00000274   0x00000000   Code   RO          972    .ARM.Collect$$$$0000000A  mc_w.l(entry8b.o)
    0x00000274   0x00000008   Code   RO          973    .ARM.Collect$$$$0000000B  mc_w.l(entry9a.o)
    0x0000027c   0x00000000   Code   RO          975    .ARM.Collect$$$$0000000D  mc_w.l(entry10a.o)
    0x0000027c   0x00000000   Code   RO          977    .ARM.Collect$$$$0000000F  mc_w.l(entry11a.o)
    0x0000027c   0x00000004   Code   RO          966    .ARM.Collect$$$$00002712  mc_w.l(entry2.o)
    0x00000280   0x000004bc   Code   RO            4    .text               main.o
    0x0000073c   0x00000104   Code   RO          146    .text               adc.o
    0x00000840   0x00000230   Code   RO          177    .text               gpioport.o
    0x00000a70   0x00000258   Code   RO          201    .text               interrupts.o
    0x00000cc8   0x0000006a   Code   RO          239    .text               pc_buffer.o
    0x00000d32   0x00000002   PAD
    0x00000d34   0x00000158   Code   RO          254    .text               spi.o
    0x00000e8c   0x00000190   Code   RO          281    .text               uart.o
    0x0000101c   0x0000007c   Code   RO          308    .text               watchdog.o
    0x00001098   0x000004e4   Code   RO          332    .text               wireless.o
    0x0000157c   0x000003b8   Code   RO          359    .text               boardutil.o
    0x00001934   0x000000ce   Code   RO          387    .text               graphics.o
    0x00001a02   0x00000116   Code   RO          408    .text               eeprom.o
    0x00001b18   0x00000208   Code   RO          432    .text               i2c_1.o
    0x00001d20   0x00000092   Code   RO          456    .text               io_expander.o
    0x00001db2   0x00000002   PAD
    0x00001db4   0x0000080c   Code   RO          480    .text               game.o
    0x000025c0   0x000001d4   Code   RO          521    .text               button_debounce.o
    0x00002794   0x000001b0   Code   RO          551    .text               timers.o
    0x00002944   0x000000fc   Code   RO          575  * .text               startup_tm4c123.o
    0x00002a40   0x00000250   Code   RO          582    .text               system_tm4c123.o
    0x00002c90   0x000003a4   Code   RO          611    .text               ece353_project.lib(eadogs102w.o)
    0x00003034   0x00000024   Code   RO          678    .text               mc_w.l(rand.o)
    0x00003058   0x00000024   Code   RO          681    .text               mc_w.l(memseta.o)
    0x0000307c   0x00000020   Code   RO          951    .text               mc_w.l(__0scanf.o)
    0x0000309c   0x000000e0   Code   RO          953    .text               mc_w.l(_scanf_str.o)
    0x0000317c   0x0000014e   Code   RO          955    .text               mf_w.l(dadd.o)
    0x000032ca   0x000000de   Code   RO          957    .text               mf_w.l(ddiv.o)
    0x000033a8   0x00000022   Code   RO          959    .text               mf_w.l(dflti.o)
    0x000033ca   0x00000026   Code   RO          961    .text               mf_w.l(f2d.o)
    0x000033f0   0x00000038   Code   RO          963    .text               mf_w.l(d2f.o)
    0x00003428   0x0000002c   Code   RO          979    .text               mc_w.l(uidiv.o)
    0x00003454   0x00000062   Code   RO          981    .text               mc_w.l(uldiv.o)
    0x000034b6   0x0000001e   Code   RO          983    .text               mc_w.l(llshl.o)
    0x000034d4   0x00000024   Code   RO          985    .text               mc_w.l(llsshr.o)
    0x000034f8   0x00000014   Code   RO          987    .text               mc_w.l(scanf_char_file.o)
    0x0000350c   0x00000000   Code   RO          989    .text               mc_w.l(iusefp.o)
    0x0000350c   0x0000006e   Code   RO          990    .text               mf_w.l(fepilogue.o)
    0x0000357a   0x000000ba   Code   RO          992    .text               mf_w.l(depilogue.o)
    0x00003634   0x000000e4   Code   RO          994    .text               mf_w.l(dmul.o)
    0x00003718   0x00000030   Code   RO          996    .text               mf_w.l(dfixul.o)
    0x00003748   0x00000030   Code   RO          998    .text               mf_w.l(cdrcmple.o)
    0x00003778   0x00000024   Code   RO         1000    .text               mc_w.l(init.o)
    0x0000379c   0x0000002c   Code   RO         1002    .text               mc_w.l(fgetc_b.o)
    0x000037c8   0x00000020   Code   RO         1005    .text               mc_w.l(llushr.o)
    0x000037e8   0x00000028   Code   RO         1007    .text               mc_w.l(scanf_char.o)
    0x00003810   0x00000000   Code   RO         1009    .text               mc_w.l(semi.o)
    0x00003810   0x0000000a   Code   RO         1010    .text               mc_w.l(isspace_c.o)
    0x0000381a   0x00000002   PAD
    0x0000381c   0x0000032c   Code   RO         1012    .text               mc_w.l(_scanf.o)
    0x00003b48   0x00000000   Code   RO         1014    .text               mc_w.l(iusesemig.o)
    0x00003b48   0x00000028   Code   RO         1015    .text               mc_w.l(ctype_c.o)
    0x00003b70   0x00000020   Code   RO          916    i.__0printf         mc_w.l(printfa.o)
    0x00003b90   0x00000008   Code   RO          944    i.__aeabi_errno_addr  mc_w.l(errno.o)
    0x00003b98   0x00000118   Code   RO          667    i.__hardfp_ceil     m_wm.l(ceil.o)
    0x00003cb0   0x0000000e   Code   RO         1020    i.__scatterload_copy  mc_w.l(handlers.o)
    0x00003cbe   0x00000002   Code   RO         1021    i.__scatterload_null  mc_w.l(handlers.o)
    0x00003cc0   0x0000000e   Code   RO         1022    i.__scatterload_zeroinit  mc_w.l(handlers.o)
    0x00003cce   0x00000002   PAD
    0x00003cd0   0x00000164   Code   RO          923    i._fp_digits        mc_w.l(printfa.o)
    0x00003e34   0x000006dc   Code   RO          924    i._printf_core      mc_w.l(printfa.o)
    0x00004510   0x00000024   Code   RO          925    i._printf_post_padding  mc_w.l(printfa.o)
    0x00004534   0x0000002e   Code   RO          926    i._printf_pre_padding  mc_w.l(printfa.o)
    0x00004562   0x00000c1d   Data   RO          131    .constdata          fonts.o
    0x0000517f   0x00000050   Data   RO          202    .constdata          interrupts.o
    0x000051cf   0x00000040   Data   RO         1016    .constdata          mc_w.l(ctype_c.o)
    0x0000520f   0x00000001   PAD
    0x00005210   0x00000020   Data   RO         1018    Region$$Table       anon$$obj.o


    Execution Region ER_RW (Base: 0x20000000, Size: 0x00000080, Max: 0xffffffff, ABSOLUTE)

    Base Addr    Size         Type   Attr      Idx    E Section Name        Object

    0x20000000   0x00000014   Data   RW          203    .data               interrupts.o
    0x20000014   0x0000000a   Data   RW          360    .data               boardutil.o
    0x2000001e   0x00000002   PAD
    0x20000020   0x0000000c   Data   RW          481    .data               game.o
    0x2000002c   0x0000003c   Data   RW          522    .data               button_debounce.o
    0x20000068   0x00000004   Data   RW          583    .data               system_tm4c123.o
    0x2000006c   0x00000004   Data   RW          676    .data               mc_w.l(stdin.o)
    0x20000070   0x00000004   Data   RW          677    .data               mc_w.l(stdout.o)
    0x20000074   0x00000004   Data   RW          679    .data               mc_w.l(rand.o)
    0x20000078   0x00000004   Data   RW          947    .data               mc_w.l(errno.o)
    0x2000007c   0x00000003   Data   RW         1003    .data               mc_w.l(fgetc_b.o)


    Execution Region ER_ZI (Base: 0x20000080, Size: 0x000010f0, Max: 0xffffffff, ABSOLUTE)

    Base Addr    Size         Type   Attr      Idx    E Section Name        Object

    0x20000080   0x000000c0   Zero   RW          282    .bss                uart.o
    0x20000140   0x00000018   Zero   RW          333    .bss                wireless.o
    0x20000158   0x00000014   Zero   RW          612    .bss                ece353_project.lib(eadogs102w.o)
    0x2000016c   0x00000004   PAD
    0x20000170   0x00001000   Zero   RW          572    STACK               startup_tm4c123.o


==============================================================================

Image component sizes


      Code (inc. data)   RO Data    RW Data    ZI Data      Debug   Object Name

       260         22          0          0          0      28175   adc.o
       952        224          0         10          0      29104   boardutil.o
       468         68          0         60          0       1415   button_debounce.o
       278          0          0          0          0       1657   eeprom.o
         0          0       3101          0          0        640   fonts.o
      2060        294          0         12          0       5149   game.o
       560         34          0          0          0       4176   gpioport.o
       206          0          0          0          0       1448   graphics.o
       520         24          0          0          0       3433   i2c_1.o
       600        166         80         20          0       3337   interrupts.o
       146          0          0          0          0        808   io_expander.o
      1212        558          0          0          0      38327   main.o
       106          0          0          0          0       1695   pc_buffer.o
       344         24          0          0          0       1689   spi.o
       252         10        620          0       4096       5432   startup_tm4c123.o
       592        138          0          4          0       1525   system_tm4c123.o
       432         36          0          0          0       2592   timers.o
       400         46          0          0        192       2394   uart.o
       124         18          0          0          0        791   watchdog.o
      1252         46          0          0         24       7020   wireless.o

    ----------------------------------------------------------------------
     10768       1708       3833        108       4312     140807   Object Totals
         0          0         32          0          0          0   (incl. Generated)
         4          0          0          2          0          0   (incl. Padding)

    ----------------------------------------------------------------------

      Code (inc. data)   RO Data    RW Data    ZI Data      Debug   Library Member Name

       932         14          0          0         20      30213   eadogs102w.o
       280         28          0          0          0        156   ceil.o
        32          6          0          0          0         84   __0scanf.o
       812          4          0          0          0        112   _scanf.o
       224          0          0          0          0         96   _scanf_str.o
        40          6         64          0          0         68   ctype_c.o
         0          0          0          0          0          0   entry.o
         0          0          0          0          0          0   entry10a.o
         0          0          0          0          0          0   entry11a.o
         8          4          0          0          0          0   entry2.o
         4          0          0          0          0          0   entry5.o
         0          0          0          0          0          0   entry7b.o
         0          0          0          0          0          0   entry8b.o
         8          4          0          0          0          0   entry9a.o
         8          4          0          4          0         68   errno.o
        44          6          0          3          0        144   fgetc_b.o
        30          0          0          0          0          0   handlers.o
        36          8          0          0          0         68   init.o
        10          0          0          0          0         68   isspace_c.o
         0          0          0          0          0          0   iusefp.o
         0          0          0          0          0          0   iusesemig.o
        30          0          0          0          0         68   llshl.o
        36          0          0          0          0         68   llsshr.o
        32          0          0          0          0         68   llushr.o
        36          0          0          0          0        108   memseta.o
      2226         90          0          0          0        444   printfa.o
        36         10          0          4          0        136   rand.o
        40          8          0          0          0         84   scanf_char.o
        20          8          0          0          0         68   scanf_char_file.o
         0          0          0          0          0          0   semi.o
         0          0          0          4          0          0   stdin.o
         0          0          0          4          0          0   stdout.o
        44          0          0          0          0         80   uidiv.o
        98          0          0          0          0         92   uldiv.o
        48          0          0          0          0         68   cdrcmple.o
        56          0          0          0          0         88   d2f.o
       334          0          0          0          0        148   dadd.o
       222          0          0          0          0        100   ddiv.o
       186          0          0          0          0        176   depilogue.o
        48          0          0          0          0         68   dfixul.o
        34          0          0          0          0         76   dflti.o
       228          0          0          0          0         96   dmul.o
        38          0          0          0          0         68   f2d.o
       110          0          0          0          0        168   fepilogue.o

    ----------------------------------------------------------------------
      6374        200         65         20         24      33349   Library Totals
         4          0          1          1          4          0   (incl. Padding)

    ----------------------------------------------------------------------

      Code (inc. data)   RO Data    RW Data    ZI Data      Debug   Library Name

       932         14          0          0         20      30213   ece353_project.lib
       280         28          0          0          0        156   m_wm.l
      3854        158         64         19          0       1924   mc_w.l
      1304          0          0          0          0       1056   mf_w.l

    ----------------------------------------------------------------------
      6374        200         65         20         24      33349   Library Totals

    ----------------------------------------------------------------------

==============================================================================


      Code (inc. data)   RO Data    RW Data    ZI Data      Debug   

     17142       1908       3898        128       4336     170200   Grand Totals
     17142       1908       3898        128       4336     170200   ELF Image Totals
     17142       1908       3898        128          0          0   ROM Totals

==============================================================================

    Total RO  Size (Code + RO Data)                21040 (  20.55kB)
    Total RW  Size (RW Data + ZI Data)              4464 (   4.36kB)
    Total ROM Size (Code + RO Data + RW Data)      21168 (  20.67kB)

==============================================================================

