Component: ARM Compiler 5.05 (build 41) Tool: armlink [4d0eb9]

==============================================================================

Section Cross References

    main.o(.text) refers to eadogs102w.o(.text) for lcd_initialize
    main.o(.text) refers to printfb.o(i.__0printf$bare) for __2printf
    main.o(.text) refers to boardutil.o(.text) for f14_project_boardUtil
    main.o(.text) refers to fonts.o(.constdata) for motionW
    interrupts.o(.text) refers to pc_buffer.o(.text) for pc_buffer_full
    interrupts.o(.text) refers to main.o(.data) for AlertSysTick
    interrupts.o(.text) refers to boardutil.o(.bss) for UART0_Rx_Buffer
    uart.o(.text) refers to pc_buffer.o(.text) for pc_buffer_empty
    uart.o(.text) refers to boardutil.o(.text) for DisableInterrupts
    uart.o(.text) refers to errno.o(i.__aeabi_errno_addr) for __aeabi_errno_addr
    uart.o(.text) refers to boardutil.o(.bss) for UART0_Rx_Buffer
    uart.o(.text) refers to stdout.o(.data) for __stdout
    uart.o(.text) refers to stdin.o(.data) for __stdin
    wireless.o(.text) refers to spi.o(.text) for spiTx
    wireless.o(.text) refers to printfb.o(i.__0printf$bare) for __2printf
    wireless.o(.text) refers to wireless.o(.bss) for wirelessPinConfig
    boardutil.o(.text) refers to eadogs102w.o(.text) for lcd_set_pin_config
    boardutil.o(.text) refers to gpioport.o(.text) for gpio_enable_port
    boardutil.o(.text) refers to pc_buffer.o(.text) for pc_buffer_init
    boardutil.o(.text) refers to uart.o(.text) for uart_init_115K
    boardutil.o(.text) refers to wireless.o(.text) for wireless_set_pin_config
    boardutil.o(.text) refers to spi.o(.text) for initialize_spi
    boardutil.o(.text) refers to boardutil.o(.bss) for UART0_Rx_Buffer_Array
    startup_tm4c123.o(RESET) refers to startup_tm4c123.o(STACK) for __initial_sp
    startup_tm4c123.o(RESET) refers to startup_tm4c123.o(.text) for Reset_Handler
    startup_tm4c123.o(RESET) refers to interrupts.o(.text) for SysTick_Handler
    startup_tm4c123.o(.text) refers to system_tm4c123.o(.text) for SystemInit
    startup_tm4c123.o(.text) refers to entry.o(.ARM.Collect$$$$00000000) for __main
    system_tm4c123.o(.text) refers to system_tm4c123.o(.data) for SystemCoreClock
    eadogs102w.o(.text) refers to spi.o(.text) for spiTx
    eadogs102w.o(.text) refers to eadogs102w.o(.bss) for lcdConfig
    eadogs102w.o(.text) refers to fonts.o(.constdata) for arialNarrow_8ptBitmaps
    entry.o(.ARM.Collect$$$$00000000) refers (Special) to entry10a.o(.ARM.Collect$$$$0000000D) for __rt_final_cpp
    entry.o(.ARM.Collect$$$$00000000) refers (Special) to entry11a.o(.ARM.Collect$$$$0000000F) for __rt_final_exit
    entry.o(.ARM.Collect$$$$00000000) refers (Special) to entry7b.o(.ARM.Collect$$$$00000008) for _main_clock
    entry.o(.ARM.Collect$$$$00000000) refers (Special) to entry8b.o(.ARM.Collect$$$$0000000A) for _main_cpp_init
    entry.o(.ARM.Collect$$$$00000000) refers (Special) to entry9a.o(.ARM.Collect$$$$0000000B) for _main_init
    entry.o(.ARM.Collect$$$$00000000) refers (Special) to entry5.o(.ARM.Collect$$$$00000004) for _main_scatterload
    entry.o(.ARM.Collect$$$$00000000) refers (Special) to entry2.o(.ARM.Collect$$$$00000001) for _main_stk
    printfb.o(i.__0fprintf$bare) refers to printfb.o(i._printf_core) for _printf_core
    printfb.o(i.__0fprintf$bare) refers to uart.o(.text) for fputc
    printfb.o(i.__0printf$bare) refers to printfb.o(i._printf_core) for _printf_core
    printfb.o(i.__0printf$bare) refers to uart.o(.text) for fputc
    printfb.o(i.__0printf$bare) refers to stdout.o(.data) for __stdout
    printfb.o(i.__0snprintf$bare) refers to printfb.o(i._printf_core) for _printf_core
    printfb.o(i.__0snprintf$bare) refers to printfb.o(i._snputc) for _snputc
    printfb.o(i.__0sprintf$bare) refers to printfb.o(i._printf_core) for _printf_core
    printfb.o(i.__0sprintf$bare) refers to printfb.o(i._sputc) for _sputc
    printfb.o(i.__0vfprintf$bare) refers to printfb.o(i._printf_core) for _printf_core
    printfb.o(i.__0vfprintf$bare) refers to uart.o(.text) for fputc
    printfb.o(i.__0vprintf$bare) refers to printfb.o(i._printf_core) for _printf_core
    printfb.o(i.__0vprintf$bare) refers to uart.o(.text) for fputc
    printfb.o(i.__0vprintf$bare) refers to stdout.o(.data) for __stdout
    printfb.o(i.__0vsnprintf$bare) refers to printfb.o(i._printf_core) for _printf_core
    printfb.o(i.__0vsnprintf$bare) refers to printfb.o(i._snputc) for _snputc
    printfb.o(i.__0vsprintf$bare) refers to printfb.o(i._printf_core) for _printf_core
    printfb.o(i.__0vsprintf$bare) refers to printfb.o(i._sputc) for _sputc
    printf0.o(i.__0fprintf$0) refers to printf0.o(i._printf_core) for _printf_core
    printf0.o(i.__0fprintf$0) refers to uart.o(.text) for fputc
    printf0.o(i.__0printf$0) refers to printf0.o(i._printf_core) for _printf_core
    printf0.o(i.__0printf$0) refers to uart.o(.text) for fputc
    printf0.o(i.__0printf$0) refers to stdout.o(.data) for __stdout
    printf0.o(i.__0snprintf$0) refers to printf0.o(i._printf_core) for _printf_core
    printf0.o(i.__0snprintf$0) refers to printf0.o(i._snputc) for _snputc
    printf0.o(i.__0sprintf$0) refers to printf0.o(i._printf_core) for _printf_core
    printf0.o(i.__0sprintf$0) refers to printf0.o(i._sputc) for _sputc
    printf0.o(i.__0vfprintf$0) refers to printf0.o(i._printf_core) for _printf_core
    printf0.o(i.__0vfprintf$0) refers to uart.o(.text) for fputc
    printf0.o(i.__0vprintf$0) refers to printf0.o(i._printf_core) for _printf_core
    printf0.o(i.__0vprintf$0) refers to uart.o(.text) for fputc
    printf0.o(i.__0vprintf$0) refers to stdout.o(.data) for __stdout
    printf0.o(i.__0vsnprintf$0) refers to printf0.o(i._printf_core) for _printf_core
    printf0.o(i.__0vsnprintf$0) refers to printf0.o(i._snputc) for _snputc
    printf0.o(i.__0vsprintf$0) refers to printf0.o(i._printf_core) for _printf_core
    printf0.o(i.__0vsprintf$0) refers to printf0.o(i._sputc) for _sputc
    printf1.o(i.__0fprintf$1) refers to printf1.o(i._printf_core) for _printf_core
    printf1.o(i.__0fprintf$1) refers to uart.o(.text) for fputc
    printf1.o(i.__0printf$1) refers to printf1.o(i._printf_core) for _printf_core
    printf1.o(i.__0printf$1) refers to uart.o(.text) for fputc
    printf1.o(i.__0printf$1) refers to stdout.o(.data) for __stdout
    printf1.o(i.__0snprintf$1) refers to printf1.o(i._printf_core) for _printf_core
    printf1.o(i.__0snprintf$1) refers to printf1.o(i._snputc) for _snputc
    printf1.o(i.__0sprintf$1) refers to printf1.o(i._printf_core) for _printf_core
    printf1.o(i.__0sprintf$1) refers to printf1.o(i._sputc) for _sputc
    printf1.o(i.__0vfprintf$1) refers to printf1.o(i._printf_core) for _printf_core
    printf1.o(i.__0vfprintf$1) refers to uart.o(.text) for fputc
    printf1.o(i.__0vprintf$1) refers to printf1.o(i._printf_core) for _printf_core
    printf1.o(i.__0vprintf$1) refers to uart.o(.text) for fputc
    printf1.o(i.__0vprintf$1) refers to stdout.o(.data) for __stdout
    printf1.o(i.__0vsnprintf$1) refers to printf1.o(i._printf_core) for _printf_core
    printf1.o(i.__0vsnprintf$1) refers to printf1.o(i._snputc) for _snputc
    printf1.o(i.__0vsprintf$1) refers to printf1.o(i._printf_core) for _printf_core
    printf1.o(i.__0vsprintf$1) refers to printf1.o(i._sputc) for _sputc
    printf1.o(i._printf_core) refers to uidiv.o(.text) for __aeabi_uidivmod
    printf2.o(i.__0fprintf$2) refers to printf2.o(i._printf_core) for _printf_core
    printf2.o(i.__0fprintf$2) refers to uart.o(.text) for fputc
    printf2.o(i.__0printf$2) refers to printf2.o(i._printf_core) for _printf_core
    printf2.o(i.__0printf$2) refers to uart.o(.text) for fputc
    printf2.o(i.__0printf$2) refers to stdout.o(.data) for __stdout
    printf2.o(i.__0snprintf$2) refers to printf2.o(i._printf_core) for _printf_core
    printf2.o(i.__0snprintf$2) refers to printf2.o(i._snputc) for _snputc
    printf2.o(i.__0sprintf$2) refers to printf2.o(i._printf_core) for _printf_core
    printf2.o(i.__0sprintf$2) refers to printf2.o(i._sputc) for _sputc
    printf2.o(i.__0vfprintf$2) refers to printf2.o(i._printf_core) for _printf_core
    printf2.o(i.__0vfprintf$2) refers to uart.o(.text) for fputc
    printf2.o(i.__0vprintf$2) refers to printf2.o(i._printf_core) for _printf_core
    printf2.o(i.__0vprintf$2) refers to uart.o(.text) for fputc
    printf2.o(i.__0vprintf$2) refers to stdout.o(.data) for __stdout
    printf2.o(i.__0vsnprintf$2) refers to printf2.o(i._printf_core) for _printf_core
    printf2.o(i.__0vsnprintf$2) refers to printf2.o(i._snputc) for _snputc
    printf2.o(i.__0vsprintf$2) refers to printf2.o(i._printf_core) for _printf_core
    printf2.o(i.__0vsprintf$2) refers to printf2.o(i._sputc) for _sputc
    printf3.o(i.__0fprintf$3) refers to printf3.o(i._printf_core) for _printf_core
    printf3.o(i.__0fprintf$3) refers to uart.o(.text) for fputc
    printf3.o(i.__0printf$3) refers to printf3.o(i._printf_core) for _printf_core
    printf3.o(i.__0printf$3) refers to uart.o(.text) for fputc
    printf3.o(i.__0printf$3) refers to stdout.o(.data) for __stdout
    printf3.o(i.__0snprintf$3) refers to printf3.o(i._printf_core) for _printf_core
    printf3.o(i.__0snprintf$3) refers to printf3.o(i._snputc) for _snputc
    printf3.o(i.__0sprintf$3) refers to printf3.o(i._printf_core) for _printf_core
    printf3.o(i.__0sprintf$3) refers to printf3.o(i._sputc) for _sputc
    printf3.o(i.__0vfprintf$3) refers to printf3.o(i._printf_core) for _printf_core
    printf3.o(i.__0vfprintf$3) refers to uart.o(.text) for fputc
    printf3.o(i.__0vprintf$3) refers to printf3.o(i._printf_core) for _printf_core
    printf3.o(i.__0vprintf$3) refers to uart.o(.text) for fputc
    printf3.o(i.__0vprintf$3) refers to stdout.o(.data) for __stdout
    printf3.o(i.__0vsnprintf$3) refers to printf3.o(i._printf_core) for _printf_core
    printf3.o(i.__0vsnprintf$3) refers to printf3.o(i._snputc) for _snputc
    printf3.o(i.__0vsprintf$3) refers to printf3.o(i._printf_core) for _printf_core
    printf3.o(i.__0vsprintf$3) refers to printf3.o(i._sputc) for _sputc
    printf3.o(i._printf_core) refers to uidiv.o(.text) for __aeabi_uidivmod
    printf4.o(i.__0fprintf$4) refers to printf4.o(i._printf_core) for _printf_core
    printf4.o(i.__0fprintf$4) refers to uart.o(.text) for fputc
    printf4.o(i.__0printf$4) refers to printf4.o(i._printf_core) for _printf_core
    printf4.o(i.__0printf$4) refers to uart.o(.text) for fputc
    printf4.o(i.__0printf$4) refers to stdout.o(.data) for __stdout
    printf4.o(i.__0snprintf$4) refers to printf4.o(i._printf_core) for _printf_core
    printf4.o(i.__0snprintf$4) refers to printf4.o(i._snputc) for _snputc
    printf4.o(i.__0sprintf$4) refers to printf4.o(i._printf_core) for _printf_core
    printf4.o(i.__0sprintf$4) refers to printf4.o(i._sputc) for _sputc
    printf4.o(i.__0vfprintf$4) refers to printf4.o(i._printf_core) for _printf_core
    printf4.o(i.__0vfprintf$4) refers to uart.o(.text) for fputc
    printf4.o(i.__0vprintf$4) refers to printf4.o(i._printf_core) for _printf_core
    printf4.o(i.__0vprintf$4) refers to uart.o(.text) for fputc
    printf4.o(i.__0vprintf$4) refers to stdout.o(.data) for __stdout
    printf4.o(i.__0vsnprintf$4) refers to printf4.o(i._printf_core) for _printf_core
    printf4.o(i.__0vsnprintf$4) refers to printf4.o(i._snputc) for _snputc
    printf4.o(i.__0vsprintf$4) refers to printf4.o(i._printf_core) for _printf_core
    printf4.o(i.__0vsprintf$4) refers to printf4.o(i._sputc) for _sputc
    printf4.o(i._printf_core) refers to uldiv.o(.text) for __aeabi_uldivmod
    printf5.o(i.__0fprintf$5) refers to printf5.o(i._printf_core) for _printf_core
    printf5.o(i.__0fprintf$5) refers to uart.o(.text) for fputc
    printf5.o(i.__0printf$5) refers to printf5.o(i._printf_core) for _printf_core
    printf5.o(i.__0printf$5) refers to uart.o(.text) for fputc
    printf5.o(i.__0printf$5) refers to stdout.o(.data) for __stdout
    printf5.o(i.__0snprintf$5) refers to printf5.o(i._printf_core) for _printf_core
    printf5.o(i.__0snprintf$5) refers to printf5.o(i._snputc) for _snputc
    printf5.o(i.__0sprintf$5) refers to printf5.o(i._printf_core) for _printf_core
    printf5.o(i.__0sprintf$5) refers to printf5.o(i._sputc) for _sputc
    printf5.o(i.__0vfprintf$5) refers to printf5.o(i._printf_core) for _printf_core
    printf5.o(i.__0vfprintf$5) refers to uart.o(.text) for fputc
    printf5.o(i.__0vprintf$5) refers to printf5.o(i._printf_core) for _printf_core
    printf5.o(i.__0vprintf$5) refers to uart.o(.text) for fputc
    printf5.o(i.__0vprintf$5) refers to stdout.o(.data) for __stdout
    printf5.o(i.__0vsnprintf$5) refers to printf5.o(i._printf_core) for _printf_core
    printf5.o(i.__0vsnprintf$5) refers to printf5.o(i._snputc) for _snputc
    printf5.o(i.__0vsprintf$5) refers to printf5.o(i._printf_core) for _printf_core
    printf5.o(i.__0vsprintf$5) refers to printf5.o(i._sputc) for _sputc
    printf5.o(i._printf_core) refers to uldiv.o(.text) for __aeabi_uldivmod
    printf6.o(i.__0fprintf$6) refers to printf6.o(i._printf_core) for _printf_core
    printf6.o(i.__0fprintf$6) refers to uart.o(.text) for fputc
    printf6.o(i.__0printf$6) refers to printf6.o(i._printf_core) for _printf_core
    printf6.o(i.__0printf$6) refers to uart.o(.text) for fputc
    printf6.o(i.__0printf$6) refers to stdout.o(.data) for __stdout
    printf6.o(i.__0snprintf$6) refers to printf6.o(i._printf_core) for _printf_core
    printf6.o(i.__0snprintf$6) refers to printf6.o(i._snputc) for _snputc
    printf6.o(i.__0sprintf$6) refers to printf6.o(i._printf_core) for _printf_core
    printf6.o(i.__0sprintf$6) refers to printf6.o(i._sputc) for _sputc
    printf6.o(i.__0vfprintf$6) refers to printf6.o(i._printf_core) for _printf_core
    printf6.o(i.__0vfprintf$6) refers to uart.o(.text) for fputc
    printf6.o(i.__0vprintf$6) refers to printf6.o(i._printf_core) for _printf_core
    printf6.o(i.__0vprintf$6) refers to uart.o(.text) for fputc
    printf6.o(i.__0vprintf$6) refers to stdout.o(.data) for __stdout
    printf6.o(i.__0vsnprintf$6) refers to printf6.o(i._printf_core) for _printf_core
    printf6.o(i.__0vsnprintf$6) refers to printf6.o(i._snputc) for _snputc
    printf6.o(i.__0vsprintf$6) refers to printf6.o(i._printf_core) for _printf_core
    printf6.o(i.__0vsprintf$6) refers to printf6.o(i._sputc) for _sputc
    printf6.o(i._printf_core) refers to printf6.o(i._printf_pre_padding) for _printf_pre_padding
    printf6.o(i._printf_core) refers to uidiv.o(.text) for __aeabi_uidivmod
    printf6.o(i._printf_core) refers to printf6.o(i._printf_post_padding) for _printf_post_padding
    printf7.o(i.__0fprintf$7) refers to printf7.o(i._printf_core) for _printf_core
    printf7.o(i.__0fprintf$7) refers to uart.o(.text) for fputc
    printf7.o(i.__0printf$7) refers to printf7.o(i._printf_core) for _printf_core
    printf7.o(i.__0printf$7) refers to uart.o(.text) for fputc
    printf7.o(i.__0printf$7) refers to stdout.o(.data) for __stdout
    printf7.o(i.__0snprintf$7) refers to printf7.o(i._printf_core) for _printf_core
    printf7.o(i.__0snprintf$7) refers to printf7.o(i._snputc) for _snputc
    printf7.o(i.__0sprintf$7) refers to printf7.o(i._printf_core) for _printf_core
    printf7.o(i.__0sprintf$7) refers to printf7.o(i._sputc) for _sputc
    printf7.o(i.__0vfprintf$7) refers to printf7.o(i._printf_core) for _printf_core
    printf7.o(i.__0vfprintf$7) refers to uart.o(.text) for fputc
    printf7.o(i.__0vprintf$7) refers to printf7.o(i._printf_core) for _printf_core
    printf7.o(i.__0vprintf$7) refers to uart.o(.text) for fputc
    printf7.o(i.__0vprintf$7) refers to stdout.o(.data) for __stdout
    printf7.o(i.__0vsnprintf$7) refers to printf7.o(i._printf_core) for _printf_core
    printf7.o(i.__0vsnprintf$7) refers to printf7.o(i._snputc) for _snputc
    printf7.o(i.__0vsprintf$7) refers to printf7.o(i._printf_core) for _printf_core
    printf7.o(i.__0vsprintf$7) refers to printf7.o(i._sputc) for _sputc
    printf7.o(i._printf_core) refers to printf7.o(i._printf_pre_padding) for _printf_pre_padding
    printf7.o(i._printf_core) refers to uldiv.o(.text) for __aeabi_uldivmod
    printf7.o(i._printf_core) refers to printf7.o(i._printf_post_padding) for _printf_post_padding
    printf8.o(i.__0fprintf$8) refers to printf8.o(i._printf_core) for _printf_core
    printf8.o(i.__0fprintf$8) refers to uart.o(.text) for fputc
    printf8.o(i.__0printf$8) refers to printf8.o(i._printf_core) for _printf_core
    printf8.o(i.__0printf$8) refers to uart.o(.text) for fputc
    printf8.o(i.__0printf$8) refers to stdout.o(.data) for __stdout
    printf8.o(i.__0snprintf$8) refers to printf8.o(i._printf_core) for _printf_core
    printf8.o(i.__0snprintf$8) refers to printf8.o(i._snputc) for _snputc
    printf8.o(i.__0sprintf$8) refers to printf8.o(i._printf_core) for _printf_core
    printf8.o(i.__0sprintf$8) refers to printf8.o(i._sputc) for _sputc
    printf8.o(i.__0vfprintf$8) refers to printf8.o(i._printf_core) for _printf_core
    printf8.o(i.__0vfprintf$8) refers to uart.o(.text) for fputc
    printf8.o(i.__0vprintf$8) refers to printf8.o(i._printf_core) for _printf_core
    printf8.o(i.__0vprintf$8) refers to uart.o(.text) for fputc
    printf8.o(i.__0vprintf$8) refers to stdout.o(.data) for __stdout
    printf8.o(i.__0vsnprintf$8) refers to printf8.o(i._printf_core) for _printf_core
    printf8.o(i.__0vsnprintf$8) refers to printf8.o(i._snputc) for _snputc
    printf8.o(i.__0vsprintf$8) refers to printf8.o(i._printf_core) for _printf_core
    printf8.o(i.__0vsprintf$8) refers to printf8.o(i._sputc) for _sputc
    printf8.o(i._printf_core) refers to printf8.o(i._printf_pre_padding) for _printf_pre_padding
    printf8.o(i._printf_core) refers to uldiv.o(.text) for __aeabi_uldivmod
    printf8.o(i._printf_core) refers to printf8.o(i._printf_post_padding) for _printf_post_padding
    printfa.o(i.__0fprintf) refers (Special) to iusefp.o(.text) for __I$use$fp
    printfa.o(i.__0fprintf) refers to printfa.o(i._printf_core) for _printf_core
    printfa.o(i.__0fprintf) refers to uart.o(.text) for fputc
    printfa.o(i.__0printf) refers (Special) to iusefp.o(.text) for __I$use$fp
    printfa.o(i.__0printf) refers to printfa.o(i._printf_core) for _printf_core
    printfa.o(i.__0printf) refers to uart.o(.text) for fputc
    printfa.o(i.__0printf) refers to stdout.o(.data) for __stdout
    printfa.o(i.__0snprintf) refers (Special) to iusefp.o(.text) for __I$use$fp
    printfa.o(i.__0snprintf) refers to printfa.o(i._printf_core) for _printf_core
    printfa.o(i.__0snprintf) refers to printfa.o(i._snputc) for _snputc
    printfa.o(i.__0sprintf) refers (Special) to iusefp.o(.text) for __I$use$fp
    printfa.o(i.__0sprintf) refers to printfa.o(i._printf_core) for _printf_core
    printfa.o(i.__0sprintf) refers to printfa.o(i._sputc) for _sputc
    printfa.o(i.__0vfprintf) refers (Special) to iusefp.o(.text) for __I$use$fp
    printfa.o(i.__0vfprintf) refers to printfa.o(i._printf_core) for _printf_core
    printfa.o(i.__0vfprintf) refers to uart.o(.text) for fputc
    printfa.o(i.__0vprintf) refers (Special) to iusefp.o(.text) for __I$use$fp
    printfa.o(i.__0vprintf) refers to printfa.o(i._printf_core) for _printf_core
    printfa.o(i.__0vprintf) refers to uart.o(.text) for fputc
    printfa.o(i.__0vprintf) refers to stdout.o(.data) for __stdout
    printfa.o(i.__0vsnprintf) refers (Special) to iusefp.o(.text) for __I$use$fp
    printfa.o(i.__0vsnprintf) refers to printfa.o(i._printf_core) for _printf_core
    printfa.o(i.__0vsnprintf) refers to printfa.o(i._snputc) for _snputc
    printfa.o(i.__0vsprintf) refers (Special) to iusefp.o(.text) for __I$use$fp
    printfa.o(i.__0vsprintf) refers to printfa.o(i._printf_core) for _printf_core
    printfa.o(i.__0vsprintf) refers to printfa.o(i._sputc) for _sputc
    printfa.o(i._fp_digits) refers (Special) to iusefp.o(.text) for __I$use$fp
    printfa.o(i._fp_digits) refers to dmul.o(.text) for __aeabi_dmul
    printfa.o(i._fp_digits) refers to ddiv.o(.text) for __aeabi_ddiv
    printfa.o(i._fp_digits) refers to cdrcmple.o(.text) for __aeabi_cdrcmple
    printfa.o(i._fp_digits) refers to dadd.o(.text) for __aeabi_dadd
    printfa.o(i._fp_digits) refers to dfixul.o(.text) for __aeabi_d2ulz
    printfa.o(i._fp_digits) refers to uldiv.o(.text) for __aeabi_uldivmod
    printfa.o(i._printf_core) refers (Special) to iusefp.o(.text) for __I$use$fp
    printfa.o(i._printf_core) refers to printfa.o(i._printf_pre_padding) for _printf_pre_padding
    printfa.o(i._printf_core) refers to uldiv.o(.text) for __aeabi_uldivmod
    printfa.o(i._printf_core) refers to printfa.o(i._printf_post_padding) for _printf_post_padding
    printfa.o(i._printf_core) refers to printfa.o(i._fp_digits) for _fp_digits
    printfa.o(i._printf_core) refers to uidiv.o(.text) for __aeabi_uidivmod
    printfa.o(i._printf_post_padding) refers (Special) to iusefp.o(.text) for __I$use$fp
    printfa.o(i._printf_pre_padding) refers (Special) to iusefp.o(.text) for __I$use$fp
    printfa.o(i._snputc) refers (Special) to iusefp.o(.text) for __I$use$fp
    printfa.o(i._sputc) refers (Special) to iusefp.o(.text) for __I$use$fp
    errno.o(i.__aeabi_errno_addr) refers to errno.o(.data) for .data
    errno.o(i.__read_errno) refers to errno.o(.data) for .data
    errno.o(i.__set_errno) refers to errno.o(.data) for .data
    entry2.o(.ARM.Collect$$$$00000001) refers to entry2.o(.ARM.Collect$$$$00002712) for __lit__00000000
    entry2.o(.ARM.Collect$$$$00002712) refers to startup_tm4c123.o(STACK) for __initial_sp
    entry2.o(__vectab_stack_and_reset_area) refers to startup_tm4c123.o(STACK) for __initial_sp
    entry2.o(__vectab_stack_and_reset_area) refers to entry.o(.ARM.Collect$$$$00000000) for __main
    entry5.o(.ARM.Collect$$$$00000004) refers to init.o(.text) for __scatterload
    entry9a.o(.ARM.Collect$$$$0000000B) refers to main.o(.text) for main
    entry9b.o(.ARM.Collect$$$$0000000C) refers to main.o(.text) for main
    uldiv.o(.text) refers to llushr.o(.text) for __aeabi_llsr
    uldiv.o(.text) refers to llshl.o(.text) for __aeabi_llsl
    dadd.o(.text) refers to llshl.o(.text) for __aeabi_llsl
    dadd.o(.text) refers to llsshr.o(.text) for __aeabi_lasr
    dadd.o(.text) refers to depilogue.o(.text) for _double_epilogue
    dmul.o(.text) refers to depilogue.o(.text) for _double_epilogue
    ddiv.o(.text) refers to depilogue.o(.text) for _double_round
    dfixul.o(.text) refers to llushr.o(.text) for __aeabi_llsr
    dfixul.o(.text) refers to llshl.o(.text) for __aeabi_llsl
    init.o(.text) refers to entry5.o(.ARM.Collect$$$$00000004) for __main_after_scatterload
    depilogue.o(.text) refers to llshl.o(.text) for __aeabi_llsl
    depilogue.o(.text) refers to llushr.o(.text) for __aeabi_llsr


==============================================================================

Removing Unused input sections from the image.

    Removing main.o(.rev16_text), (4 bytes).
    Removing main.o(.revsh_text), (4 bytes).
    Removing main.o(.rrx_text), (6 bytes).
    Removing adc.o(.rev16_text), (4 bytes).
    Removing adc.o(.revsh_text), (4 bytes).
    Removing adc.o(.rrx_text), (6 bytes).
    Removing adc.o(.text), (224 bytes).
    Removing gpioport.o(.rev16_text), (4 bytes).
    Removing gpioport.o(.revsh_text), (4 bytes).
    Removing gpioport.o(.rrx_text), (6 bytes).
    Removing interrupts.o(.rev16_text), (4 bytes).
    Removing interrupts.o(.revsh_text), (4 bytes).
    Removing interrupts.o(.rrx_text), (6 bytes).
    Removing spi.o(.rev16_text), (4 bytes).
    Removing spi.o(.revsh_text), (4 bytes).
    Removing spi.o(.rrx_text), (6 bytes).
    Removing uart.o(.rev16_text), (4 bytes).
    Removing uart.o(.revsh_text), (4 bytes).
    Removing uart.o(.rrx_text), (6 bytes).
    Removing watchdog.o(.rev16_text), (4 bytes).
    Removing watchdog.o(.revsh_text), (4 bytes).
    Removing watchdog.o(.rrx_text), (6 bytes).
    Removing watchdog.o(.text), (124 bytes).
    Removing wireless.o(.rev16_text), (4 bytes).
    Removing wireless.o(.revsh_text), (4 bytes).
    Removing wireless.o(.rrx_text), (6 bytes).
    Removing boardutil.o(.rev16_text), (4 bytes).
    Removing boardutil.o(.revsh_text), (4 bytes).
    Removing boardutil.o(.rrx_text), (6 bytes).
    Removing startup_tm4c123.o(HEAP), (0 bytes).
    Removing system_tm4c123.o(.rev16_text), (4 bytes).
    Removing system_tm4c123.o(.revsh_text), (4 bytes).
    Removing system_tm4c123.o(.rrx_text), (6 bytes).
    Removing eadogs102w.o(.rev16_text), (4 bytes).
    Removing eadogs102w.o(.revsh_text), (4 bytes).
    Removing dadd.o(.text), (334 bytes).
    Removing dmul.o(.text), (228 bytes).
    Removing ddiv.o(.text), (222 bytes).
    Removing dfixul.o(.text), (48 bytes).
    Removing cdrcmple.o(.text), (48 bytes).
    Removing depilogue.o(.text), (186 bytes).

41 unused section(s) (total 1562 bytes) removed from the image.

==============================================================================

Image Symbol Table

    Local Symbols

    Symbol Name                              Value     Ov Type        Size  Object(Section)

    RESET                                    0x00000000   Section      620  startup_tm4c123.o(RESET)
    ../clib/microlib/division.c              0x00000000   Number         0  uldiv.o ABSOLUTE
    ../clib/microlib/division.c              0x00000000   Number         0  uidiv.o ABSOLUTE
    ../clib/microlib/errno.c                 0x00000000   Number         0  errno.o ABSOLUTE
    ../clib/microlib/init/entry.s            0x00000000   Number         0  entry8b.o ABSOLUTE
    ../clib/microlib/init/entry.s            0x00000000   Number         0  entry7a.o ABSOLUTE
    ../clib/microlib/init/entry.s            0x00000000   Number         0  entry10a.o ABSOLUTE
    ../clib/microlib/init/entry.s            0x00000000   Number         0  entry11b.o ABSOLUTE
    ../clib/microlib/init/entry.s            0x00000000   Number         0  entry9b.o ABSOLUTE
    ../clib/microlib/init/entry.s            0x00000000   Number         0  entry10b.o ABSOLUTE
    ../clib/microlib/init/entry.s            0x00000000   Number         0  entry8a.o ABSOLUTE
    ../clib/microlib/init/entry.s            0x00000000   Number         0  entry11a.o ABSOLUTE
    ../clib/microlib/init/entry.s            0x00000000   Number         0  entry7b.o ABSOLUTE
    ../clib/microlib/init/entry.s            0x00000000   Number         0  entry2.o ABSOLUTE
    ../clib/microlib/init/entry.s            0x00000000   Number         0  entry5.o ABSOLUTE
    ../clib/microlib/init/entry.s            0x00000000   Number         0  entry9a.o ABSOLUTE
    ../clib/microlib/init/entry.s            0x00000000   Number         0  entry.o ABSOLUTE
    ../clib/microlib/longlong.c              0x00000000   Number         0  llshl.o ABSOLUTE
    ../clib/microlib/longlong.c              0x00000000   Number         0  llushr.o ABSOLUTE
    ../clib/microlib/longlong.c              0x00000000   Number         0  llsshr.o ABSOLUTE
    ../clib/microlib/printf/printf.c         0x00000000   Number         0  printfa.o ABSOLUTE
    ../clib/microlib/printf/printf.c         0x00000000   Number         0  printf3.o ABSOLUTE
    ../clib/microlib/printf/printf.c         0x00000000   Number         0  printf8.o ABSOLUTE
    ../clib/microlib/printf/printf.c         0x00000000   Number         0  printf1.o ABSOLUTE
    ../clib/microlib/printf/printf.c         0x00000000   Number         0  printf5.o ABSOLUTE
    ../clib/microlib/printf/printf.c         0x00000000   Number         0  printf4.o ABSOLUTE
    ../clib/microlib/printf/printf.c         0x00000000   Number         0  printf0.o ABSOLUTE
    ../clib/microlib/printf/printf.c         0x00000000   Number         0  printfb.o ABSOLUTE
    ../clib/microlib/printf/printf.c         0x00000000   Number         0  printf6.o ABSOLUTE
    ../clib/microlib/printf/printf.c         0x00000000   Number         0  printf2.o ABSOLUTE
    ../clib/microlib/printf/printf.c         0x00000000   Number         0  printf7.o ABSOLUTE
    ../clib/microlib/stdio/streams.c         0x00000000   Number         0  stdout.o ABSOLUTE
    ../clib/microlib/stdio/streams.c         0x00000000   Number         0  stdin.o ABSOLUTE
    ../clib/microlib/stubs.s                 0x00000000   Number         0  iusefp.o ABSOLUTE
    ../fplib/microlib/fpadd.c                0x00000000   Number         0  dadd.o ABSOLUTE
    ../fplib/microlib/fpdiv.c                0x00000000   Number         0  ddiv.o ABSOLUTE
    ../fplib/microlib/fpepilogue.c           0x00000000   Number         0  depilogue.o ABSOLUTE
    ../fplib/microlib/fpfix.c                0x00000000   Number         0  dfixul.o ABSOLUTE
    ../fplib/microlib/fpmul.c                0x00000000   Number         0  dmul.o ABSOLUTE
    ..\..\..\..\staff_code\drivers\eadogs102w.c 0x00000000   Number         0  eadogs102w.o ABSOLUTE
    ..\\..\\..\\..\\staff_code\\drivers\\eadogs102w.c 0x00000000   Number         0  eadogs102w.o ABSOLUTE
    RTE\Device\TM4C123GH6PM\startup_TM4C123.s 0x00000000   Number         0  startup_tm4c123.o ABSOLUTE
    RTE\Device\TM4C123GH6PM\system_TM4C123.c 0x00000000   Number         0  system_tm4c123.o ABSOLUTE
    RTE\\Device\\TM4C123GH6PM\\system_TM4C123.c 0x00000000   Number         0  system_tm4c123.o ABSOLUTE
    adc.c                                    0x00000000   Number         0  adc.o ABSOLUTE
    adc.c                                    0x00000000   Number         0  adc.o ABSOLUTE
    boardUtil.c                              0x00000000   Number         0  boardutil.o ABSOLUTE
    boardUtil.c                              0x00000000   Number         0  boardutil.o ABSOLUTE
    cdrcmple.s                               0x00000000   Number         0  cdrcmple.o ABSOLUTE
    dc.s                                     0x00000000   Number         0  dc.o ABSOLUTE
    fonts.c                                  0x00000000   Number         0  fonts.o ABSOLUTE
    gpioPort.c                               0x00000000   Number         0  gpioport.o ABSOLUTE
    gpioPort.c                               0x00000000   Number         0  gpioport.o ABSOLUTE
    handlers.s                               0x00000000   Number         0  handlers.o ABSOLUTE
    init.s                                   0x00000000   Number         0  init.o ABSOLUTE
    interrupts.c                             0x00000000   Number         0  interrupts.o ABSOLUTE
    interrupts.c                             0x00000000   Number         0  interrupts.o ABSOLUTE
    main.c                                   0x00000000   Number         0  main.o ABSOLUTE
    main.c                                   0x00000000   Number         0  main.o ABSOLUTE
    pc_buffer.c                              0x00000000   Number         0  pc_buffer.o ABSOLUTE
    spi.c                                    0x00000000   Number         0  spi.o ABSOLUTE
    spi.c                                    0x00000000   Number         0  spi.o ABSOLUTE
    uart.c                                   0x00000000   Number         0  uart.o ABSOLUTE
    uart.c                                   0x00000000   Number         0  uart.o ABSOLUTE
    watchdog.c                               0x00000000   Number         0  watchdog.o ABSOLUTE
    watchdog.c                               0x00000000   Number         0  watchdog.o ABSOLUTE
    wireless.c                               0x00000000   Number         0  wireless.o ABSOLUTE
    wireless.c                               0x00000000   Number         0  wireless.o ABSOLUTE
    .ARM.Collect$$$$00000000                 0x0000026c   Section        0  entry.o(.ARM.Collect$$$$00000000)
    .ARM.Collect$$$$00000001                 0x0000026c   Section        4  entry2.o(.ARM.Collect$$$$00000001)
    .ARM.Collect$$$$00000004                 0x00000270   Section        4  entry5.o(.ARM.Collect$$$$00000004)
    .ARM.Collect$$$$00000008                 0x00000274   Section        0  entry7b.o(.ARM.Collect$$$$00000008)
    .ARM.Collect$$$$0000000A                 0x00000274   Section        0  entry8b.o(.ARM.Collect$$$$0000000A)
    .ARM.Collect$$$$0000000B                 0x00000274   Section        8  entry9a.o(.ARM.Collect$$$$0000000B)
    .ARM.Collect$$$$0000000D                 0x0000027c   Section        0  entry10a.o(.ARM.Collect$$$$0000000D)
    .ARM.Collect$$$$0000000F                 0x0000027c   Section        0  entry11a.o(.ARM.Collect$$$$0000000F)
    .ARM.Collect$$$$00002712                 0x0000027c   Section        4  entry2.o(.ARM.Collect$$$$00002712)
    __lit__00000000                          0x0000027c   Data           4  entry2.o(.ARM.Collect$$$$00002712)
    .text                                    0x00000280   Section        0  main.o(.text)
    button_debounce                          0x00000281   Thumb Code    20  main.o(.text)
    .text                                    0x00000378   Section        0  gpioport.o(.text)
    verifyBaseAddr                           0x00000379   Thumb Code    64  gpioport.o(.text)
    .text                                    0x000005a0   Section        0  interrupts.o(.text)
    .text                                    0x00000678   Section        0  pc_buffer.o(.text)
    .text                                    0x000006e4   Section        0  spi.o(.text)
    .text                                    0x00000870   Section        0  uart.o(.text)
    .text                                    0x00000ad8   Section        0  wireless.o(.text)
    wireless_reg_read                        0x00000aff   Thumb Code    48  wireless.o(.text)
    wireless_reg_write                       0x00000b2f   Thumb Code    62  wireless.o(.text)
    wireless_rx_data_payload                 0x00000b6d   Thumb Code    64  wireless.o(.text)
    wireless_set_rx_addr                     0x00000bad   Thumb Code   120  wireless.o(.text)
    wireless_flush_tx_fifo                   0x00000c25   Thumb Code    30  wireless.o(.text)
    wireless_get_status                      0x00000c43   Thumb Code    34  wireless.o(.text)
    wireless_CSN_low                         0x00000f31   Thumb Code    20  wireless.o(.text)
    wireless_CSN_high                        0x00000f45   Thumb Code    20  wireless.o(.text)
    wireless_CE_low                          0x00000f59   Thumb Code    20  wireless.o(.text)
    wireless_CE_high                         0x00000f6d   Thumb Code    20  wireless.o(.text)
    wireless_rx_fifo_empty                   0x00000f81   Thumb Code    24  wireless.o(.text)
    wireless_status_tx_ds_asserted           0x00000f99   Thumb Code    16  wireless.o(.text)
    wireless_status_tx_full_asserted         0x00000fa9   Thumb Code    16  wireless.o(.text)
    .text                                    0x00000fbc   Section        0  boardutil.o(.text)
    .text                                    0x000011d0   Section      252  startup_tm4c123.o(.text)
    $v0                                      0x000011d0   Number         0  startup_tm4c123.o(.text)
    .text                                    0x000012cc   Section        0  system_tm4c123.o(.text)
    getOscClk                                0x000012cd   Thumb Code   182  system_tm4c123.o(.text)
    .text                                    0x0000151c   Section        0  eadogs102w.o(.text)
    .text                                    0x000018c0   Section       36  init.o(.text)
    i.__0printf$bare                         0x000018e4   Section        0  printfb.o(i.__0printf$bare)
    i.__aeabi_errno_addr                     0x000018f4   Section        0  errno.o(i.__aeabi_errno_addr)
    i.__scatterload_copy                     0x000018fc   Section       14  handlers.o(i.__scatterload_copy)
    i.__scatterload_null                     0x0000190a   Section        2  handlers.o(i.__scatterload_null)
    i.__scatterload_zeroinit                 0x0000190c   Section       14  handlers.o(i.__scatterload_zeroinit)
    i._printf_core                           0x0000191a   Section        0  printfb.o(i._printf_core)
    _printf_core                             0x0000191b   Thumb Code    34  printfb.o(i._printf_core)
    .constdata                               0x0000193c   Section     3101  fonts.o(.constdata)
    .data                                    0x20000000   Section       16  main.o(.data)
    .data                                    0x20000010   Section        4  system_tm4c123.o(.data)
    .data                                    0x20000014   Section        4  stdin.o(.data)
    .data                                    0x20000018   Section        4  stdout.o(.data)
    .data                                    0x2000001c   Section        4  errno.o(.data)
    _errno                                   0x2000001c   Data           4  errno.o(.data)
    .bss                                     0x20000020   Section       24  wireless.o(.bss)
    .bss                                     0x20000038   Section      192  boardutil.o(.bss)
    .bss                                     0x200000f8   Section       20  eadogs102w.o(.bss)
    lcdConfig                                0x200000f8   Data          20  eadogs102w.o(.bss)
    STACK                                    0x20000110   Section     4096  startup_tm4c123.o(STACK)

    Global Symbols

    Symbol Name                              Value     Ov Type        Size  Object(Section)

    BuildAttributes$$THM_ISAv4$E$P$D$K$B$S$7EM$VFPi3$EXTD16$VFPS$VFMA$PE$A:L22UL41UL21$X:L11$S22US41US21$IEEE1$IW$USESV6$~STKCKD$USESV7$~SHL$OSPACE$ROPI$EBA8$MICROLIB$REQ8$PRES8$EABIv2 0x00000000   Number         0  anon$$obj.o ABSOLUTE
    __ARM_use_no_argv                        0x00000000   Number         0  main.o ABSOLUTE
    __Vectors                                0x00000000   Data           4  startup_tm4c123.o(RESET)
    __cpp_initialize__aeabi_                  - Undefined Weak Reference
    __cxa_finalize                            - Undefined Weak Reference
    __decompress                              - Undefined Weak Reference
    _clock_init                               - Undefined Weak Reference
    _microlib_exit                            - Undefined Weak Reference
    __Vectors_End                            0x0000026c   Data           0  startup_tm4c123.o(RESET)
    __Vectors_Size                           0x0000026c   Number         0  startup_tm4c123.o ABSOLUTE
    __main                                   0x0000026d   Thumb Code     0  entry.o(.ARM.Collect$$$$00000000)
    _main_stk                                0x0000026d   Thumb Code     0  entry2.o(.ARM.Collect$$$$00000001)
    _main_scatterload                        0x00000271   Thumb Code     0  entry5.o(.ARM.Collect$$$$00000004)
    __main_after_scatterload                 0x00000275   Thumb Code     0  entry5.o(.ARM.Collect$$$$00000004)
    _main_clock                              0x00000275   Thumb Code     0  entry7b.o(.ARM.Collect$$$$00000008)
    _main_cpp_init                           0x00000275   Thumb Code     0  entry8b.o(.ARM.Collect$$$$0000000A)
    _main_init                               0x00000275   Thumb Code     0  entry9a.o(.ARM.Collect$$$$0000000B)
    __rt_final_cpp                           0x0000027d   Thumb Code     0  entry10a.o(.ARM.Collect$$$$0000000D)
    __rt_final_exit                          0x0000027d   Thumb Code     0  entry11a.o(.ARM.Collect$$$$0000000F)
    test_lcd                                 0x00000295   Thumb Code   116  main.o(.text)
    main                                     0x00000309   Thumb Code    18  main.o(.text)
    gpio_enable_port                         0x000003b9   Thumb Code   156  gpioport.o(.text)
    gpio_config_digital_enable               0x00000455   Thumb Code    34  gpioport.o(.text)
    gpio_config_enable_output                0x00000477   Thumb Code    34  gpioport.o(.text)
    gpio_config_enable_input                 0x00000499   Thumb Code    34  gpioport.o(.text)
    gpio_config_enable_pullup                0x000004bb   Thumb Code    34  gpioport.o(.text)
    gpio_config_enable_pulldown              0x000004dd   Thumb Code    34  gpioport.o(.text)
    gpio_config_analog_enable                0x000004ff   Thumb Code    34  gpioport.o(.text)
    gpio_config_alternate_function           0x00000521   Thumb Code    34  gpioport.o(.text)
    gpio_config_port_control                 0x00000543   Thumb Code    28  gpioport.o(.text)
    gpio_config_open_drain                   0x0000055f   Thumb Code    34  gpioport.o(.text)
    SysTick_Handler                          0x000005a1   Thumb Code    14  interrupts.o(.text)
    UART0_Handler                            0x000005af   Thumb Code   148  interrupts.o(.text)
    ADC0SS3_Handler                          0x00000643   Thumb Code    26  interrupts.o(.text)
    pc_buffer_init                           0x00000679   Thumb Code    12  pc_buffer.o(.text)
    pc_buffer_add                            0x00000685   Thumb Code    26  pc_buffer.o(.text)
    pc_buffer_remove                         0x0000069f   Thumb Code    28  pc_buffer.o(.text)
    pc_buffer_empty                          0x000006bb   Thumb Code    18  pc_buffer.o(.text)
    pc_buffer_full                           0x000006cd   Thumb Code    22  pc_buffer.o(.text)
    spiVerifyBaseAddr                        0x000006e5   Thumb Code    34  spi.o(.text)
    initialize_spi                           0x00000707   Thumb Code   244  spi.o(.text)
    spiTx                                    0x000007fb   Thumb Code    94  spi.o(.text)
    verifyUartBase                           0x00000871   Thumb Code    54  uart.o(.text)
    uartTxPollChar                           0x000008a7   Thumb Code    38  uart.o(.text)
    uartTxPoll                               0x000008cd   Thumb Code    50  uart.o(.text)
    uartRxPoll                               0x000008ff   Thumb Code    70  uart.o(.text)
    uartRx                                   0x00000945   Thumb Code    44  uart.o(.text)
    uartTx                                   0x00000971   Thumb Code    70  uart.o(.text)
    uart_init_115K                           0x000009b7   Thumb Code   160  uart.o(.text)
    fputc                                    0x00000a57   Thumb Code    44  uart.o(.text)
    fgetc                                    0x00000a83   Thumb Code    48  uart.o(.text)
    wait_uS_15                               0x00000ad9   Thumb Code    14  wireless.o(.text)
    wireless_set_pin_config                  0x00000ae7   Thumb Code    24  wireless.o(.text)
    wireless_send_32                         0x00000c65   Thumb Code   314  wireless.o(.text)
    wireless_get_32                          0x00000d9f   Thumb Code   132  wireless.o(.text)
    wireless_configure_device                0x00000e23   Thumb Code   270  wireless.o(.text)
    DisableInterrupts                        0x00000fbd   Thumb Code     4  boardutil.o(.text)
    EnableInterrupts                         0x00000fc1   Thumb Code     4  boardutil.o(.text)
    lcdInit                                  0x00000fc5   Thumb Code    22  boardutil.o(.text)
    joyStickInit                             0x00000fdb   Thumb Code    34  boardutil.o(.text)
    pushButtonInit                           0x00000ffd   Thumb Code    64  boardutil.o(.text)
    uart0_config_gpio                        0x0000103d   Thumb Code    42  boardutil.o(.text)
    serialDebugInit                          0x00001067   Thumb Code    44  boardutil.o(.text)
    f14_project_boardUtil                    0x00001093   Thumb Code    24  boardutil.o(.text)
    rf_init                                  0x000010ab   Thumb Code   164  boardutil.o(.text)
    i2cInit                                  0x0000114f   Thumb Code    82  boardutil.o(.text)
    Reset_Handler                            0x000011d1   Thumb Code     8  startup_tm4c123.o(.text)
    NMI_Handler                              0x000011d9   Thumb Code     2  startup_tm4c123.o(.text)
    HardFault_Handler                        0x000011db   Thumb Code     2  startup_tm4c123.o(.text)
    MemManage_Handler                        0x000011dd   Thumb Code     2  startup_tm4c123.o(.text)
    BusFault_Handler                         0x000011df   Thumb Code     2  startup_tm4c123.o(.text)
    UsageFault_Handler                       0x000011e1   Thumb Code     2  startup_tm4c123.o(.text)
    SVC_Handler                              0x000011e3   Thumb Code     2  startup_tm4c123.o(.text)
    DebugMon_Handler                         0x000011e5   Thumb Code     2  startup_tm4c123.o(.text)
    PendSV_Handler                           0x000011e7   Thumb Code     2  startup_tm4c123.o(.text)
    GPIOA_Handler                            0x000011eb   Thumb Code     2  startup_tm4c123.o(.text)
    GPIOB_Handler                            0x000011ed   Thumb Code     2  startup_tm4c123.o(.text)
    GPIOC_Handler                            0x000011ef   Thumb Code     2  startup_tm4c123.o(.text)
    GPIOD_Handler                            0x000011f1   Thumb Code     2  startup_tm4c123.o(.text)
    GPIOE_Handler                            0x000011f3   Thumb Code     2  startup_tm4c123.o(.text)
    UART1_Handler                            0x000011f7   Thumb Code     2  startup_tm4c123.o(.text)
    SSI0_Handler                             0x000011f9   Thumb Code     2  startup_tm4c123.o(.text)
    I2C0_Handler                             0x000011fb   Thumb Code     2  startup_tm4c123.o(.text)
    PMW0_FAULT_Handler                       0x000011fd   Thumb Code     2  startup_tm4c123.o(.text)
    PWM0_0_Handler                           0x000011ff   Thumb Code     2  startup_tm4c123.o(.text)
    PWM0_1_Handler                           0x00001201   Thumb Code     2  startup_tm4c123.o(.text)
    PWM0_2_Handler                           0x00001203   Thumb Code     2  startup_tm4c123.o(.text)
    QEI0_Handler                             0x00001205   Thumb Code     2  startup_tm4c123.o(.text)
    ADC0SS0_Handler                          0x00001207   Thumb Code     2  startup_tm4c123.o(.text)
    ADC0SS1_Handler                          0x00001209   Thumb Code     2  startup_tm4c123.o(.text)
    ADC0SS2_Handler                          0x0000120b   Thumb Code     2  startup_tm4c123.o(.text)
    WDT0_Handler                             0x0000120f   Thumb Code     2  startup_tm4c123.o(.text)
    TIMER0A_Handler                          0x00001211   Thumb Code     2  startup_tm4c123.o(.text)
    TIMER0B_Handler                          0x00001213   Thumb Code     2  startup_tm4c123.o(.text)
    TIMER1A_Handler                          0x00001215   Thumb Code     2  startup_tm4c123.o(.text)
    TIMER1B_Handler                          0x00001217   Thumb Code     2  startup_tm4c123.o(.text)
    TIMER2A_Handler                          0x00001219   Thumb Code     2  startup_tm4c123.o(.text)
    TIMER2B_Handler                          0x0000121b   Thumb Code     2  startup_tm4c123.o(.text)
    COMP0_Handler                            0x0000121d   Thumb Code     2  startup_tm4c123.o(.text)
    COMP1_Handler                            0x0000121f   Thumb Code     2  startup_tm4c123.o(.text)
    COMP2_Handler                            0x00001221   Thumb Code     2  startup_tm4c123.o(.text)
    SYSCTL_Handler                           0x00001223   Thumb Code     2  startup_tm4c123.o(.text)
    FLASH_Handler                            0x00001225   Thumb Code     2  startup_tm4c123.o(.text)
    GPIOF_Handler                            0x00001227   Thumb Code     2  startup_tm4c123.o(.text)
    GPIOG_Handler                            0x00001229   Thumb Code     2  startup_tm4c123.o(.text)
    GPIOH_Handler                            0x0000122b   Thumb Code     2  startup_tm4c123.o(.text)
    UART2_Handler                            0x0000122d   Thumb Code     2  startup_tm4c123.o(.text)
    SSI1_Handler                             0x0000122f   Thumb Code     2  startup_tm4c123.o(.text)
    TIMER3A_Handler                          0x00001231   Thumb Code     2  startup_tm4c123.o(.text)
    TIMER3B_Handler                          0x00001233   Thumb Code     2  startup_tm4c123.o(.text)
    I2C1_Handler                             0x00001235   Thumb Code     2  startup_tm4c123.o(.text)
    QEI1_Handler                             0x00001237   Thumb Code     2  startup_tm4c123.o(.text)
    CAN0_Handler                             0x00001239   Thumb Code     2  startup_tm4c123.o(.text)
    CAN1_Handler                             0x0000123b   Thumb Code     2  startup_tm4c123.o(.text)
    CAN2_Handler                             0x0000123d   Thumb Code     2  startup_tm4c123.o(.text)
    HIB_Handler                              0x0000123f   Thumb Code     2  startup_tm4c123.o(.text)
    USB0_Handler                             0x00001241   Thumb Code     2  startup_tm4c123.o(.text)
    PWM0_3_Handler                           0x00001243   Thumb Code     2  startup_tm4c123.o(.text)
    UDMA_Handler                             0x00001245   Thumb Code     2  startup_tm4c123.o(.text)
    UDMAERR_Handler                          0x00001247   Thumb Code     2  startup_tm4c123.o(.text)
    ADC1SS0_Handler                          0x00001249   Thumb Code     2  startup_tm4c123.o(.text)
    ADC1SS1_Handler                          0x0000124b   Thumb Code     2  startup_tm4c123.o(.text)
    ADC1SS2_Handler                          0x0000124d   Thumb Code     2  startup_tm4c123.o(.text)
    ADC1SS3_Handler                          0x0000124f   Thumb Code     2  startup_tm4c123.o(.text)
    GPIOJ_Handler                            0x00001251   Thumb Code     2  startup_tm4c123.o(.text)
    GPIOK_Handler                            0x00001253   Thumb Code     2  startup_tm4c123.o(.text)
    GPIOL_Handler                            0x00001255   Thumb Code     2  startup_tm4c123.o(.text)
    SSI2_Handler                             0x00001257   Thumb Code     2  startup_tm4c123.o(.text)
    SSI3_Handler                             0x00001259   Thumb Code     2  startup_tm4c123.o(.text)
    UART3_Handler                            0x0000125b   Thumb Code     2  startup_tm4c123.o(.text)
    UART4_Handler                            0x0000125d   Thumb Code     2  startup_tm4c123.o(.text)
    UART5_Handler                            0x0000125f   Thumb Code     2  startup_tm4c123.o(.text)
    UART6_Handler                            0x00001261   Thumb Code     2  startup_tm4c123.o(.text)
    UART7_Handler                            0x00001263   Thumb Code     2  startup_tm4c123.o(.text)
    I2C2_Handler                             0x00001265   Thumb Code     2  startup_tm4c123.o(.text)
    I2C3_Handler                             0x00001267   Thumb Code     2  startup_tm4c123.o(.text)
    TIMER4A_Handler                          0x00001269   Thumb Code     2  startup_tm4c123.o(.text)
    TIMER4B_Handler                          0x0000126b   Thumb Code     2  startup_tm4c123.o(.text)
    TIMER5A_Handler                          0x0000126d   Thumb Code     2  startup_tm4c123.o(.text)
    TIMER5B_Handler                          0x0000126f   Thumb Code     2  startup_tm4c123.o(.text)
    WTIMER0A_Handler                         0x00001271   Thumb Code     2  startup_tm4c123.o(.text)
    WTIMER0B_Handler                         0x00001273   Thumb Code     2  startup_tm4c123.o(.text)
    WTIMER1A_Handler                         0x00001275   Thumb Code     2  startup_tm4c123.o(.text)
    WTIMER1B_Handler                         0x00001277   Thumb Code     2  startup_tm4c123.o(.text)
    WTIMER2A_Handler                         0x00001279   Thumb Code     2  startup_tm4c123.o(.text)
    WTIMER2B_Handler                         0x0000127b   Thumb Code     2  startup_tm4c123.o(.text)
    WTIMER3A_Handler                         0x0000127d   Thumb Code     2  startup_tm4c123.o(.text)
    WTIMER3B_Handler                         0x0000127f   Thumb Code     2  startup_tm4c123.o(.text)
    WTIMER4A_Handler                         0x00001281   Thumb Code     2  startup_tm4c123.o(.text)
    WTIMER4B_Handler                         0x00001283   Thumb Code     2  startup_tm4c123.o(.text)
    WTIMER5A_Handler                         0x00001285   Thumb Code     2  startup_tm4c123.o(.text)
    WTIMER5B_Handler                         0x00001287   Thumb Code     2  startup_tm4c123.o(.text)
    FPU_Handler                              0x00001289   Thumb Code     2  startup_tm4c123.o(.text)
    I2C4_Handler                             0x0000128b   Thumb Code     2  startup_tm4c123.o(.text)
    I2C5_Handler                             0x0000128d   Thumb Code     2  startup_tm4c123.o(.text)
    GPIOM_Handler                            0x0000128f   Thumb Code     2  startup_tm4c123.o(.text)
    GPION_Handler                            0x00001291   Thumb Code     2  startup_tm4c123.o(.text)
    QEI2_Handler                             0x00001293   Thumb Code     2  startup_tm4c123.o(.text)
    GPIOP0_Handler                           0x00001295   Thumb Code     2  startup_tm4c123.o(.text)
    GPIOP1_Handler                           0x00001297   Thumb Code     2  startup_tm4c123.o(.text)
    GPIOP2_Handler                           0x00001299   Thumb Code     2  startup_tm4c123.o(.text)
    GPIOP3_Handler                           0x0000129b   Thumb Code     2  startup_tm4c123.o(.text)
    GPIOP4_Handler                           0x0000129d   Thumb Code     2  startup_tm4c123.o(.text)
    GPIOP5_Handler                           0x0000129f   Thumb Code     2  startup_tm4c123.o(.text)
    GPIOP6_Handler                           0x000012a1   Thumb Code     2  startup_tm4c123.o(.text)
    GPIOP7_Handler                           0x000012a3   Thumb Code     2  startup_tm4c123.o(.text)
    GPIOQ0_Handler                           0x000012a5   Thumb Code     2  startup_tm4c123.o(.text)
    GPIOQ1_Handler                           0x000012a7   Thumb Code     2  startup_tm4c123.o(.text)
    GPIOQ2_Handler                           0x000012a9   Thumb Code     2  startup_tm4c123.o(.text)
    GPIOQ3_Handler                           0x000012ab   Thumb Code     2  startup_tm4c123.o(.text)
    GPIOQ4_Handler                           0x000012ad   Thumb Code     2  startup_tm4c123.o(.text)
    GPIOQ5_Handler                           0x000012af   Thumb Code     2  startup_tm4c123.o(.text)
    GPIOQ6_Handler                           0x000012b1   Thumb Code     2  startup_tm4c123.o(.text)
    GPIOQ7_Handler                           0x000012b3   Thumb Code     2  startup_tm4c123.o(.text)
    GPIOR_Handler                            0x000012b5   Thumb Code     2  startup_tm4c123.o(.text)
    GPIOS_Handler                            0x000012b7   Thumb Code     2  startup_tm4c123.o(.text)
    PMW1_0_Handler                           0x000012b9   Thumb Code     2  startup_tm4c123.o(.text)
    PWM1_1_Handler                           0x000012bb   Thumb Code     2  startup_tm4c123.o(.text)
    PWM1_2_Handler                           0x000012bd   Thumb Code     2  startup_tm4c123.o(.text)
    PWM1_3_Handler                           0x000012bf   Thumb Code     2  startup_tm4c123.o(.text)
    PWM1_FAULT_Handler                       0x000012c1   Thumb Code     2  startup_tm4c123.o(.text)
    SystemCoreClockUpdate                    0x00001383   Thumb Code   184  system_tm4c123.o(.text)
    SystemInit                               0x0000143b   Thumb Code   112  system_tm4c123.o(.text)
    lcd_set_pin_config                       0x0000151d   Thumb Code    18  eadogs102w.o(.text)
    lcd_initialize                           0x0000152f   Thumb Code   310  eadogs102w.o(.text)
    lcd_set_page                             0x00001665   Thumb Code    76  eadogs102w.o(.text)
    lcd_set_column                           0x000016b1   Thumb Code    98  eadogs102w.o(.text)
    lcd_write_data                           0x00001713   Thumb Code    56  eadogs102w.o(.text)
    lcd_write_char_8pts                      0x0000174b   Thumb Code    80  eadogs102w.o(.text)
    lcd_write_char_10pts                     0x0000179b   Thumb Code   192  eadogs102w.o(.text)
    lcd_clear                                0x0000185b   Thumb Code    46  eadogs102w.o(.text)
    lcd_write_string_10pts                   0x00001889   Thumb Code    42  eadogs102w.o(.text)
    __scatterload                            0x000018c1   Thumb Code    28  init.o(.text)
    __scatterload_rt2                        0x000018c1   Thumb Code     0  init.o(.text)
    __0printf$bare                           0x000018e5   Thumb Code     8  printfb.o(i.__0printf$bare)
    __1printf$bare                           0x000018e5   Thumb Code     0  printfb.o(i.__0printf$bare)
    __2printf                                0x000018e5   Thumb Code     0  printfb.o(i.__0printf$bare)
    __aeabi_errno_addr                       0x000018f5   Thumb Code     4  errno.o(i.__aeabi_errno_addr)
    __rt_errno_addr                          0x000018f5   Thumb Code     0  errno.o(i.__aeabi_errno_addr)
    __scatterload_copy                       0x000018fd   Thumb Code    14  handlers.o(i.__scatterload_copy)
    __scatterload_null                       0x0000190b   Thumb Code     2  handlers.o(i.__scatterload_null)
    __scatterload_zeroinit                   0x0000190d   Thumb Code    14  handlers.o(i.__scatterload_zeroinit)
    arialNarrow_8ptBitmaps                   0x0000193c   Data          50  fonts.o(.constdata)
    courierNew_10ptBitmaps                   0x0000196e   Data        1900  fonts.o(.constdata)
    buckyBadger                              0x000020da   Data         759  fonts.o(.constdata)
    motionW                                  0x000023d1   Data         392  fonts.o(.constdata)
    Region$$Table$$Base                      0x0000255c   Number         0  anon$$obj.o(Region$$Table)
    Region$$Table$$Limit                     0x0000257c   Number         0  anon$$obj.o(Region$$Table)
    AlertSysTick                             0x20000000   Data           1  main.o(.data)
    stickX                                   0x20000004   Data           4  main.o(.data)
    stickY                                   0x20000008   Data           4  main.o(.data)
    ready                                    0x2000000c   Data           4  main.o(.data)
    SystemCoreClock                          0x20000010   Data           4  system_tm4c123.o(.data)
    __stdin                                  0x20000014   Data           4  stdin.o(.data)
    __stdout                                 0x20000018   Data           4  stdout.o(.data)
    wirelessPinConfig                        0x20000020   Data          24  wireless.o(.bss)
    UART0_Rx_Buffer                          0x20000038   Data          16  boardutil.o(.bss)
    UART0_Rx_Buffer_Array                    0x20000048   Data          80  boardutil.o(.bss)
    UART0_Tx_Buffer                          0x20000098   Data          16  boardutil.o(.bss)
    UART0_Tx_Buffer_Array                    0x200000a8   Data          80  boardutil.o(.bss)
    __initial_sp                             0x20001110   Data           0  startup_tm4c123.o(STACK)



==============================================================================

Memory Map of the image

  Image Entry point : 0x000011d1

  Load Region LR_1 (Base: 0x00000000, Size: 0x0000259c, Max: 0xffffffff, ABSOLUTE)

    Execution Region ER_RO (Base: 0x00000000, Size: 0x0000257c, Max: 0xffffffff, ABSOLUTE)

    Base Addr    Size         Type   Attr      Idx    E Section Name        Object

    0x00000000   0x0000026c   Data   RO          355    RESET               startup_tm4c123.o
    0x0000026c   0x00000000   Code   RO          448  * .ARM.Collect$$$$00000000  mc_w.l(entry.o)
    0x0000026c   0x00000004   Code   RO          720    .ARM.Collect$$$$00000001  mc_w.l(entry2.o)
    0x00000270   0x00000004   Code   RO          723    .ARM.Collect$$$$00000004  mc_w.l(entry5.o)
    0x00000274   0x00000000   Code   RO          725    .ARM.Collect$$$$00000008  mc_w.l(entry7b.o)
    0x00000274   0x00000000   Code   RO          727    .ARM.Collect$$$$0000000A  mc_w.l(entry8b.o)
    0x00000274   0x00000008   Code   RO          728    .ARM.Collect$$$$0000000B  mc_w.l(entry9a.o)
    0x0000027c   0x00000000   Code   RO          730    .ARM.Collect$$$$0000000D  mc_w.l(entry10a.o)
    0x0000027c   0x00000000   Code   RO          732    .ARM.Collect$$$$0000000F  mc_w.l(entry11a.o)
    0x0000027c   0x00000004   Code   RO          721    .ARM.Collect$$$$00002712  mc_w.l(entry2.o)
    0x00000280   0x000000f8   Code   RO            4    .text               main.o
    0x00000378   0x00000228   Code   RO          153    .text               gpioport.o
    0x000005a0   0x000000d8   Code   RO          177    .text               interrupts.o
    0x00000678   0x0000006a   Code   RO          205    .text               pc_buffer.o
    0x000006e2   0x00000002   PAD
    0x000006e4   0x0000018c   Code   RO          220    .text               spi.o
    0x00000870   0x00000268   Code   RO          247    .text               uart.o
    0x00000ad8   0x000004e4   Code   RO          299    .text               wireless.o
    0x00000fbc   0x00000214   Code   RO          329    .text               boardutil.o
    0x000011d0   0x000000fc   Code   RO          356  * .text               startup_tm4c123.o
    0x000012cc   0x00000250   Code   RO          363    .text               system_tm4c123.o
    0x0000151c   0x000003a4   Code   RO          392    .text               ece353_project.lib(eadogs102w.o)
    0x000018c0   0x00000024   Code   RO          749    .text               mc_w.l(init.o)
    0x000018e4   0x00000010   Code   RO          454    i.__0printf$bare    mc_w.l(printfb.o)
    0x000018f4   0x00000008   Code   RO          713    i.__aeabi_errno_addr  mc_w.l(errno.o)
    0x000018fc   0x0000000e   Code   RO          761    i.__scatterload_copy  mc_w.l(handlers.o)
    0x0000190a   0x00000002   Code   RO          762    i.__scatterload_null  mc_w.l(handlers.o)
    0x0000190c   0x0000000e   Code   RO          763    i.__scatterload_zeroinit  mc_w.l(handlers.o)
    0x0000191a   0x00000022   Code   RO          461    i._printf_core      mc_w.l(printfb.o)
    0x0000193c   0x00000c1d   Data   RO          107    .constdata          fonts.o
    0x00002559   0x00000003   PAD
    0x0000255c   0x00000020   Data   RO          759    Region$$Table       anon$$obj.o


    Execution Region ER_RW (Base: 0x20000000, Size: 0x00000020, Max: 0xffffffff, ABSOLUTE)

    Base Addr    Size         Type   Attr      Idx    E Section Name        Object

    0x20000000   0x00000010   Data   RW            5    .data               main.o
    0x20000010   0x00000004   Data   RW          364    .data               system_tm4c123.o
    0x20000014   0x00000004   Data   RW          451    .data               mc_w.l(stdin.o)
    0x20000018   0x00000004   Data   RW          452    .data               mc_w.l(stdout.o)
    0x2000001c   0x00000004   Data   RW          716    .data               mc_w.l(errno.o)


    Execution Region ER_ZI (Base: 0x20000020, Size: 0x000010f0, Max: 0xffffffff, ABSOLUTE)

    Base Addr    Size         Type   Attr      Idx    E Section Name        Object

    0x20000020   0x00000018   Zero   RW          300    .bss                wireless.o
    0x20000038   0x000000c0   Zero   RW          330    .bss                boardutil.o
    0x200000f8   0x00000014   Zero   RW          393    .bss                ece353_project.lib(eadogs102w.o)
    0x2000010c   0x00000004   PAD
    0x20000110   0x00001000   Zero   RW          353    STACK               startup_tm4c123.o


==============================================================================

Image component sizes


      Code (inc. data)   RO Data    RW Data    ZI Data      Debug   Object Name

         0          0          0          0          0      26407   adc.o
       532         48          0          0        192       2547   boardutil.o
         0          0       3101          0          0        640   fonts.o
       552         32          0          0          0       4176   gpioport.o
       216         28          0          0          0       1651   interrupts.o
       248         94          0         16          0      29675   main.o
       106          0          0          0          0       1695   pc_buffer.o
       396         24          0          0          0       1721   spi.o
       252         10        620          0       4096       5432   startup_tm4c123.o
       592        138          0          4          0       1525   system_tm4c123.o
       616         46          0          0          0       3653   uart.o
      1252         46          0          0         24      12084   wireless.o

    ----------------------------------------------------------------------
      4764        466       3756         20       4312      91206   Object Totals
         0          0         32          0          0          0   (incl. Generated)
         2          0          3          0          0          0   (incl. Padding)

    ----------------------------------------------------------------------

      Code (inc. data)   RO Data    RW Data    ZI Data      Debug   Library Member Name

       932         14          0          0         20      30213   eadogs102w.o
         0          0          0          0          0          0   entry.o
         0          0          0          0          0          0   entry10a.o
         0          0          0          0          0          0   entry11a.o
         8          4          0          0          0          0   entry2.o
         4          0          0          0          0          0   entry5.o
         0          0          0          0          0          0   entry7b.o
         0          0          0          0          0          0   entry8b.o
         8          4          0          0          0          0   entry9a.o
         8          4          0          4          0         68   errno.o
        30          0          0          0          0          0   handlers.o
        36          8          0          0          0         68   init.o
        50          8          0          0          0        152   printfb.o
         0          0          0          4          0          0   stdin.o
         0          0          0          4          0          0   stdout.o

    ----------------------------------------------------------------------
      1076         42          0         12         24      30501   Library Totals
         0          0          0          0          4          0   (incl. Padding)

    ----------------------------------------------------------------------

      Code (inc. data)   RO Data    RW Data    ZI Data      Debug   Library Name

       932         14          0          0         20      30213   ece353_project.lib
       144         28          0         12          0        288   mc_w.l

    ----------------------------------------------------------------------
      1076         42          0         12         24      30501   Library Totals

    ----------------------------------------------------------------------

==============================================================================


      Code (inc. data)   RO Data    RW Data    ZI Data      Debug   

      5840        508       3756         32       4336     120259   Grand Totals
      5840        508       3756         32       4336     120259   ELF Image Totals
      5840        508       3756         32          0          0   ROM Totals

==============================================================================

    Total RO  Size (Code + RO Data)                 9596 (   9.37kB)
    Total RW  Size (RW Data + ZI Data)              4368 (   4.27kB)
    Total ROM Size (Code + RO Data + RW Data)       9628 (   9.40kB)

==============================================================================

